/var/spool/slurm/slurmd/job4634510/slurm_script: line 7: nvcc: command not found
Sun Nov 30 11:19:50 2025       
+-----------------------------------------------------------------------------------------+
| NVIDIA-SMI 555.42.06              Driver Version: 555.42.06      CUDA Version: 12.5     |
|-----------------------------------------+------------------------+----------------------+
| GPU  Name                 Persistence-M | Bus-Id          Disp.A | Volatile Uncorr. ECC |
| Fan  Temp   Perf          Pwr:Usage/Cap |           Memory-Usage | GPU-Util  Compute M. |
|                                         |                        |               MIG M. |
|=========================================+========================+======================|
|   0  Tesla V100-PCIE-32GB           On  |   00000000:AF:00.0 Off |                    0 |
| N/A   51C    P0             41W /  250W |       1MiB /  32768MiB |      8%      Default |
|                                         |                        |                  N/A |
+-----------------------------------------+------------------------+----------------------+
                                                                                         
+-----------------------------------------------------------------------------------------+
| Processes:                                                                              |
|  GPU   GI   CI        PID   Type   Process name                              GPU Memory |
|        ID   ID                                                               Usage      |
|=========================================================================================|
|  No running processes found                                                             |
+-----------------------------------------------------------------------------------------+
Running with model_name=bigclam and ds_name=citeseer and s_reg=0.01 dim_feats=128 noise_amp=0.03, l1_reg=0.5
/mnt/home/jcervino/miniconda3/envs/pieclam_directed/lib/python3.11/site-packages/outdated/__init__.py:36: UserWarning: pkg_resources is deprecated as an API. See https://setuptools.pypa.io/en/latest/pkg_resources.html. The pkg_resources package is slated for removal as early as 2025-11-30. Refrain from using this package or pin to Setuptools<81.
  from pkg_resources import parse_version


/mnt/home/jcervino/Github/CoraCiteseer/PieClam/experiments/scripts/link_prediction/hypers_search/hypers_search_splits.py:100:::  
CUDA available


/mnt/home/jcervino/Github/CoraCiteseer/PieClam/experiments/scripts/link_prediction/hypers_search/hypers_search_splits.py:102:::  
Using device: cuda


/mnt/home/jcervino/Github/CoraCiteseer/PieClam/experiments/scripts/link_prediction/hypers_search/hypers_search_splits.py:124:::  
Running cross val link splits for citeseer with model bigclam


/mnt/home/jcervino/Github/CoraCiteseer/PieClam/experiments/scripts/link_prediction/hypers_search/hypers_search_splits.py:125:::  
args=Namespace(model_name='bigclam', ds_name='citeseer', dim_feats=[128], l1_regs=[0.5], s_regs=[0.01], n_iters_feats=[5000], lr_feats=[], dim_attr=[], n_iters_prior=[], lr_prior=[], noise_amps=[0.03], n_back_forth=[], first_funcs_in_fit=[], use_global_config_base=False, densify=False, attr_opt=False, test_p=0.1, val_p=0.0, val_dyads_path=None, test_dyads_path=None, random_search=False, num_draws_random=1, test_only=True, n_reps=1, reverse_test_set_order=False, to_undirected=False, remove_self_loops=False)


/mnt/home/jcervino/Github/CoraCiteseer/PieClam/experiments/optimization_utils_directed.py:514:::  
On test set split_23-03_22-11-25 of citeseer,bigclam
 ======================


/mnt/home/jcervino/Github/CoraCiteseer/PieClam/experiments/../datasets/import_dataset.py:258:::  
end of import_dataset
citeseer 
has 4230 nodes 
and 5358 edges. 
Graph is directed
Graph has NO self loops


/mnt/home/jcervino/Github/CoraCiteseer/PieClam/experiments/optimization_utils_directed.py:637:::  
RunSaver defined to acc_configs path /mnt/home/jcervino/Github/CoraCiteseer/PieClam/experiments/results/directed/link_prediction/auc/citeseer/bigclam/split_23-03_22-11-25/test/acc_configs11-20_30-11-25.json


/mnt/home/jcervino/Github/CoraCiteseer/PieClam/experiments/optimization_utils_directed.py:662:::  
Repetition no. 0


/mnt/home/jcervino/Github/CoraCiteseer/PieClam/experiments/../trainer_directed.py:158:::  

Using dataset specific configuration and not global 




/mnt/home/jcervino/Github/CoraCiteseer/PieClam/experiments/../trainer_directed.py:337:::  

In function train. 
2025-11-30 11:20:06 starting optimization of bigclam on citeseer (DIRECTED) on device cuda

 configs_dict: 
{
    "clamiter_init": {
        "dim_feat": 128,
        "dim_attr": 100,
        "s_reg": 0.01,
        "l1_reg": 0.5,
        "T": 1,
        "hidden_dim": 64,
        "num_coupling_blocks": 32,
        "num_layers_mlp": 2
    },
    "feat_opt": {
        "lr": 2e-06,
        "n_iter": 5000,
        "early_stop": 0
    }
}


/mnt/home/jcervino/Github/CoraCiteseer/PieClam/experiments/../clamiter_directed.py:439:::  
staring fit_feats for 5000 iterations


/mnt/home/jcervino/Github/CoraCiteseer/PieClam/experiments/../trainer_directed.py:444:::  



FINISHED train 
 last accuracies:
test
key='auc': 0.656144641453402
val
auc: None




/mnt/home/jcervino/Github/CoraCiteseer/PieClam/experiments/../trainer_directed.py:460:::  

train_model_on_params on bigclam citeseer 
took 90.00664806365967 seconds


/mnt/home/jcervino/Github/CoraCiteseer/PieClam/experiments/optimization_utils_directed.py:737:::  


Finished CrossVal!




/mnt/home/jcervino/Github/CoraCiteseer/PieClam/experiments/optimization_utils_directed.py:514:::  
On test set split_23-13_22-11-25 of citeseer,bigclam
 ======================


/mnt/home/jcervino/Github/CoraCiteseer/PieClam/experiments/../datasets/import_dataset.py:258:::  
end of import_dataset
citeseer 
has 4230 nodes 
and 5358 edges. 
Graph is directed
Graph has NO self loops


/mnt/home/jcervino/Github/CoraCiteseer/PieClam/experiments/optimization_utils_directed.py:637:::  
RunSaver defined to acc_configs path /mnt/home/jcervino/Github/CoraCiteseer/PieClam/experiments/results/directed/link_prediction/auc/citeseer/bigclam/split_23-13_22-11-25/test/acc_configs11-21_30-11-25.json


/mnt/home/jcervino/Github/CoraCiteseer/PieClam/experiments/optimization_utils_directed.py:662:::  
Repetition no. 0


/mnt/home/jcervino/Github/CoraCiteseer/PieClam/experiments/../trainer_directed.py:158:::  

Using dataset specific configuration and not global 




/mnt/home/jcervino/Github/CoraCiteseer/PieClam/experiments/../trainer_directed.py:337:::  

In function train. 
2025-11-30 11:21:36 starting optimization of bigclam on citeseer (DIRECTED) on device cuda

 configs_dict: 
{
    "clamiter_init": {
        "dim_feat": 128,
        "dim_attr": 100,
        "s_reg": 0.01,
        "l1_reg": 0.5,
        "T": 1,
        "hidden_dim": 64,
        "num_coupling_blocks": 32,
        "num_layers_mlp": 2
    },
    "feat_opt": {
        "lr": 2e-06,
        "n_iter": 5000,
        "early_stop": 0
    }
}


/mnt/home/jcervino/Github/CoraCiteseer/PieClam/experiments/../clamiter_directed.py:439:::  
staring fit_feats for 5000 iterations


/mnt/home/jcervino/Github/CoraCiteseer/PieClam/experiments/../trainer_directed.py:444:::  



FINISHED train 
 last accuracies:
test
key='auc': 0.6483273648353568
val
auc: None




/mnt/home/jcervino/Github/CoraCiteseer/PieClam/experiments/../trainer_directed.py:460:::  

train_model_on_params on bigclam citeseer 
took 87.71585845947266 seconds


/mnt/home/jcervino/Github/CoraCiteseer/PieClam/experiments/optimization_utils_directed.py:737:::  


Finished CrossVal!




/mnt/home/jcervino/Github/CoraCiteseer/PieClam/experiments/optimization_utils_directed.py:514:::  
On test set split_23-12_22-11-25 of citeseer,bigclam
 ======================


/mnt/home/jcervino/Github/CoraCiteseer/PieClam/experiments/../datasets/import_dataset.py:258:::  
end of import_dataset
citeseer 
has 4230 nodes 
and 5358 edges. 
Graph is directed
Graph has NO self loops


/mnt/home/jcervino/Github/CoraCiteseer/PieClam/experiments/optimization_utils_directed.py:637:::  
RunSaver defined to acc_configs path /mnt/home/jcervino/Github/CoraCiteseer/PieClam/experiments/results/directed/link_prediction/auc/citeseer/bigclam/split_23-12_22-11-25/test/acc_configs11-23_30-11-25.json


/mnt/home/jcervino/Github/CoraCiteseer/PieClam/experiments/optimization_utils_directed.py:662:::  
Repetition no. 0


/mnt/home/jcervino/Github/CoraCiteseer/PieClam/experiments/../trainer_directed.py:158:::  

Using dataset specific configuration and not global 




/mnt/home/jcervino/Github/CoraCiteseer/PieClam/experiments/../trainer_directed.py:337:::  

In function train. 
2025-11-30 11:23:04 starting optimization of bigclam on citeseer (DIRECTED) on device cuda

 configs_dict: 
{
    "clamiter_init": {
        "dim_feat": 128,
        "dim_attr": 100,
        "s_reg": 0.01,
        "l1_reg": 0.5,
        "T": 1,
        "hidden_dim": 64,
        "num_coupling_blocks": 32,
        "num_layers_mlp": 2
    },
    "feat_opt": {
        "lr": 2e-06,
        "n_iter": 5000,
        "early_stop": 0
    }
}


/mnt/home/jcervino/Github/CoraCiteseer/PieClam/experiments/../clamiter_directed.py:439:::  
staring fit_feats for 5000 iterations


/mnt/home/jcervino/Github/CoraCiteseer/PieClam/experiments/../trainer_directed.py:444:::  



FINISHED train 
 last accuracies:
test
key='auc': 0.6625521879640144
val
auc: None




/mnt/home/jcervino/Github/CoraCiteseer/PieClam/experiments/../trainer_directed.py:460:::  

train_model_on_params on bigclam citeseer 
took 88.18918895721436 seconds


/mnt/home/jcervino/Github/CoraCiteseer/PieClam/experiments/optimization_utils_directed.py:737:::  


Finished CrossVal!




/mnt/home/jcervino/Github/CoraCiteseer/PieClam/experiments/optimization_utils_directed.py:514:::  
On test set split_23-05_22-11-25 of citeseer,bigclam
 ======================


/mnt/home/jcervino/Github/CoraCiteseer/PieClam/experiments/../datasets/import_dataset.py:258:::  
end of import_dataset
citeseer 
has 4230 nodes 
and 5358 edges. 
Graph is directed
Graph has NO self loops


/mnt/home/jcervino/Github/CoraCiteseer/PieClam/experiments/optimization_utils_directed.py:637:::  
RunSaver defined to acc_configs path /mnt/home/jcervino/Github/CoraCiteseer/PieClam/experiments/results/directed/link_prediction/auc/citeseer/bigclam/split_23-05_22-11-25/test/acc_configs11-24_30-11-25.json


/mnt/home/jcervino/Github/CoraCiteseer/PieClam/experiments/optimization_utils_directed.py:662:::  
Repetition no. 0


/mnt/home/jcervino/Github/CoraCiteseer/PieClam/experiments/../trainer_directed.py:158:::  

Using dataset specific configuration and not global 




/mnt/home/jcervino/Github/CoraCiteseer/PieClam/experiments/../trainer_directed.py:337:::  

In function train. 
2025-11-30 11:24:33 starting optimization of bigclam on citeseer (DIRECTED) on device cuda

 configs_dict: 
{
    "clamiter_init": {
        "dim_feat": 128,
        "dim_attr": 100,
        "s_reg": 0.01,
        "l1_reg": 0.5,
        "T": 1,
        "hidden_dim": 64,
        "num_coupling_blocks": 32,
        "num_layers_mlp": 2
    },
    "feat_opt": {
        "lr": 2e-06,
        "n_iter": 5000,
        "early_stop": 0
    }
}


/mnt/home/jcervino/Github/CoraCiteseer/PieClam/experiments/../clamiter_directed.py:439:::  
staring fit_feats for 5000 iterations


/mnt/home/jcervino/Github/CoraCiteseer/PieClam/experiments/../trainer_directed.py:444:::  



FINISHED train 
 last accuracies:
test
key='auc': 0.6528395493056163
val
auc: None




/mnt/home/jcervino/Github/CoraCiteseer/PieClam/experiments/../trainer_directed.py:460:::  

train_model_on_params on bigclam citeseer 
took 88.30482459068298 seconds


/mnt/home/jcervino/Github/CoraCiteseer/PieClam/experiments/optimization_utils_directed.py:737:::  


Finished CrossVal!




/mnt/home/jcervino/Github/CoraCiteseer/PieClam/experiments/optimization_utils_directed.py:514:::  
On test set split_22-59_22-11-25 of citeseer,bigclam
 ======================


/mnt/home/jcervino/Github/CoraCiteseer/PieClam/experiments/../datasets/import_dataset.py:258:::  
end of import_dataset
citeseer 
has 4230 nodes 
and 5358 edges. 
Graph is directed
Graph has NO self loops


/mnt/home/jcervino/Github/CoraCiteseer/PieClam/experiments/optimization_utils_directed.py:637:::  
RunSaver defined to acc_configs path /mnt/home/jcervino/Github/CoraCiteseer/PieClam/experiments/results/directed/link_prediction/auc/citeseer/bigclam/split_22-59_22-11-25/test/acc_configs11-26_30-11-25.json


/mnt/home/jcervino/Github/CoraCiteseer/PieClam/experiments/optimization_utils_directed.py:662:::  
Repetition no. 0


/mnt/home/jcervino/Github/CoraCiteseer/PieClam/experiments/../trainer_directed.py:158:::  

Using dataset specific configuration and not global 




/mnt/home/jcervino/Github/CoraCiteseer/PieClam/experiments/../trainer_directed.py:337:::  

In function train. 
2025-11-30 11:26:02 starting optimization of bigclam on citeseer (DIRECTED) on device cuda

 configs_dict: 
{
    "clamiter_init": {
        "dim_feat": 128,
        "dim_attr": 100,
        "s_reg": 0.01,
        "l1_reg": 0.5,
        "T": 1,
        "hidden_dim": 64,
        "num_coupling_blocks": 32,
        "num_layers_mlp": 2
    },
    "feat_opt": {
        "lr": 2e-06,
        "n_iter": 5000,
        "early_stop": 0
    }
}


/mnt/home/jcervino/Github/CoraCiteseer/PieClam/experiments/../clamiter_directed.py:439:::  
staring fit_feats for 5000 iterations


/mnt/home/jcervino/Github/CoraCiteseer/PieClam/experiments/../trainer_directed.py:444:::  



FINISHED train 
 last accuracies:
test
key='auc': 0.6161062101493581
val
auc: None




/mnt/home/jcervino/Github/CoraCiteseer/PieClam/experiments/../trainer_directed.py:460:::  

train_model_on_params on bigclam citeseer 
took 88.4391028881073 seconds


/mnt/home/jcervino/Github/CoraCiteseer/PieClam/experiments/optimization_utils_directed.py:737:::  


Finished CrossVal!




/mnt/home/jcervino/Github/CoraCiteseer/PieClam/experiments/optimization_utils_directed.py:514:::  
On test set split_23-06_22-11-25 of citeseer,bigclam
 ======================


/mnt/home/jcervino/Github/CoraCiteseer/PieClam/experiments/../datasets/import_dataset.py:258:::  
end of import_dataset
citeseer 
has 4230 nodes 
and 5358 edges. 
Graph is directed
Graph has NO self loops


/mnt/home/jcervino/Github/CoraCiteseer/PieClam/experiments/optimization_utils_directed.py:637:::  
RunSaver defined to acc_configs path /mnt/home/jcervino/Github/CoraCiteseer/PieClam/experiments/results/directed/link_prediction/auc/citeseer/bigclam/split_23-06_22-11-25/test/acc_configs11-27_30-11-25.json


/mnt/home/jcervino/Github/CoraCiteseer/PieClam/experiments/optimization_utils_directed.py:662:::  
Repetition no. 0


/mnt/home/jcervino/Github/CoraCiteseer/PieClam/experiments/../trainer_directed.py:158:::  

Using dataset specific configuration and not global 




/mnt/home/jcervino/Github/CoraCiteseer/PieClam/experiments/../trainer_directed.py:337:::  

In function train. 
2025-11-30 11:27:31 starting optimization of bigclam on citeseer (DIRECTED) on device cuda

 configs_dict: 
{
    "clamiter_init": {
        "dim_feat": 128,
        "dim_attr": 100,
        "s_reg": 0.01,
        "l1_reg": 0.5,
        "T": 1,
        "hidden_dim": 64,
        "num_coupling_blocks": 32,
        "num_layers_mlp": 2
    },
    "feat_opt": {
        "lr": 2e-06,
        "n_iter": 5000,
        "early_stop": 0
    }
}


/mnt/home/jcervino/Github/CoraCiteseer/PieClam/experiments/../clamiter_directed.py:439:::  
staring fit_feats for 5000 iterations


/mnt/home/jcervino/Github/CoraCiteseer/PieClam/experiments/../trainer_directed.py:444:::  



FINISHED train 
 last accuracies:
test
key='auc': 0.657797187527295
val
auc: None




/mnt/home/jcervino/Github/CoraCiteseer/PieClam/experiments/../trainer_directed.py:460:::  

train_model_on_params on bigclam citeseer 
took 61.40526819229126 seconds


/mnt/home/jcervino/Github/CoraCiteseer/PieClam/experiments/optimization_utils_directed.py:737:::  


Finished CrossVal!




/mnt/home/jcervino/Github/CoraCiteseer/PieClam/experiments/optimization_utils_directed.py:514:::  
On test set split_23-09_22-11-25 of citeseer,bigclam
 ======================


/mnt/home/jcervino/Github/CoraCiteseer/PieClam/experiments/../datasets/import_dataset.py:258:::  
end of import_dataset
citeseer 
has 4230 nodes 
and 5358 edges. 
Graph is directed
Graph has NO self loops


/mnt/home/jcervino/Github/CoraCiteseer/PieClam/experiments/optimization_utils_directed.py:637:::  
RunSaver defined to acc_configs path /mnt/home/jcervino/Github/CoraCiteseer/PieClam/experiments/results/directed/link_prediction/auc/citeseer/bigclam/split_23-09_22-11-25/test/acc_configs11-28_30-11-25.json


/mnt/home/jcervino/Github/CoraCiteseer/PieClam/experiments/optimization_utils_directed.py:662:::  
Repetition no. 0


/mnt/home/jcervino/Github/CoraCiteseer/PieClam/experiments/../trainer_directed.py:158:::  

Using dataset specific configuration and not global 




/mnt/home/jcervino/Github/CoraCiteseer/PieClam/experiments/../trainer_directed.py:337:::  

In function train. 
2025-11-30 11:28:33 starting optimization of bigclam on citeseer (DIRECTED) on device cuda

 configs_dict: 
{
    "clamiter_init": {
        "dim_feat": 128,
        "dim_attr": 100,
        "s_reg": 0.01,
        "l1_reg": 0.5,
        "T": 1,
        "hidden_dim": 64,
        "num_coupling_blocks": 32,
        "num_layers_mlp": 2
    },
    "feat_opt": {
        "lr": 2e-06,
        "n_iter": 5000,
        "early_stop": 0
    }
}


/mnt/home/jcervino/Github/CoraCiteseer/PieClam/experiments/../clamiter_directed.py:439:::  
staring fit_feats for 5000 iterations


/mnt/home/jcervino/Github/CoraCiteseer/PieClam/experiments/../trainer_directed.py:444:::  



FINISHED train 
 last accuracies:
test
key='auc': 0.6657245174251027
val
auc: None




/mnt/home/jcervino/Github/CoraCiteseer/PieClam/experiments/../trainer_directed.py:460:::  

train_model_on_params on bigclam citeseer 
took 37.8288300037384 seconds


/mnt/home/jcervino/Github/CoraCiteseer/PieClam/experiments/optimization_utils_directed.py:737:::  


Finished CrossVal!




/mnt/home/jcervino/Github/CoraCiteseer/PieClam/experiments/optimization_utils_directed.py:514:::  
On test set split_23-01_22-11-25 of citeseer,bigclam
 ======================


/mnt/home/jcervino/Github/CoraCiteseer/PieClam/experiments/../datasets/import_dataset.py:258:::  
end of import_dataset
citeseer 
has 4230 nodes 
and 5358 edges. 
Graph is directed
Graph has NO self loops


/mnt/home/jcervino/Github/CoraCiteseer/PieClam/experiments/optimization_utils_directed.py:637:::  
RunSaver defined to acc_configs path /mnt/home/jcervino/Github/CoraCiteseer/PieClam/experiments/results/directed/link_prediction/auc/citeseer/bigclam/split_23-01_22-11-25/test/acc_configs11-29_30-11-25.json


/mnt/home/jcervino/Github/CoraCiteseer/PieClam/experiments/optimization_utils_directed.py:662:::  
Repetition no. 0


/mnt/home/jcervino/Github/CoraCiteseer/PieClam/experiments/../trainer_directed.py:158:::  

Using dataset specific configuration and not global 




/mnt/home/jcervino/Github/CoraCiteseer/PieClam/experiments/../trainer_directed.py:337:::  

In function train. 
2025-11-30 11:29:11 starting optimization of bigclam on citeseer (DIRECTED) on device cuda

 configs_dict: 
{
    "clamiter_init": {
        "dim_feat": 128,
        "dim_attr": 100,
        "s_reg": 0.01,
        "l1_reg": 0.5,
        "T": 1,
        "hidden_dim": 64,
        "num_coupling_blocks": 32,
        "num_layers_mlp": 2
    },
    "feat_opt": {
        "lr": 2e-06,
        "n_iter": 5000,
        "early_stop": 0
    }
}


/mnt/home/jcervino/Github/CoraCiteseer/PieClam/experiments/../clamiter_directed.py:439:::  
staring fit_feats for 5000 iterations


/mnt/home/jcervino/Github/CoraCiteseer/PieClam/experiments/../trainer_directed.py:444:::  



FINISHED train 
 last accuracies:
test
key='auc': 0.6495187352607215
val
auc: None




/mnt/home/jcervino/Github/CoraCiteseer/PieClam/experiments/../trainer_directed.py:460:::  

train_model_on_params on bigclam citeseer 
took 47.39851140975952 seconds


/mnt/home/jcervino/Github/CoraCiteseer/PieClam/experiments/optimization_utils_directed.py:737:::  


Finished CrossVal!




/mnt/home/jcervino/Github/CoraCiteseer/PieClam/experiments/optimization_utils_directed.py:514:::  
On test set split_23-11_22-11-25 of citeseer,bigclam
 ======================


/mnt/home/jcervino/Github/CoraCiteseer/PieClam/experiments/../datasets/import_dataset.py:258:::  
end of import_dataset
citeseer 
has 4230 nodes 
and 5358 edges. 
Graph is directed
Graph has NO self loops


/mnt/home/jcervino/Github/CoraCiteseer/PieClam/experiments/optimization_utils_directed.py:637:::  
RunSaver defined to acc_configs path /mnt/home/jcervino/Github/CoraCiteseer/PieClam/experiments/results/directed/link_prediction/auc/citeseer/bigclam/split_23-11_22-11-25/test/acc_configs11-29_30-11-25.json


/mnt/home/jcervino/Github/CoraCiteseer/PieClam/experiments/optimization_utils_directed.py:662:::  
Repetition no. 0


/mnt/home/jcervino/Github/CoraCiteseer/PieClam/experiments/../trainer_directed.py:158:::  

Using dataset specific configuration and not global 




/mnt/home/jcervino/Github/CoraCiteseer/PieClam/experiments/../trainer_directed.py:337:::  

In function train. 
2025-11-30 11:29:59 starting optimization of bigclam on citeseer (DIRECTED) on device cuda

 configs_dict: 
{
    "clamiter_init": {
        "dim_feat": 128,
        "dim_attr": 100,
        "s_reg": 0.01,
        "l1_reg": 0.5,
        "T": 1,
        "hidden_dim": 64,
        "num_coupling_blocks": 32,
        "num_layers_mlp": 2
    },
    "feat_opt": {
        "lr": 2e-06,
        "n_iter": 5000,
        "early_stop": 0
    }
}


/mnt/home/jcervino/Github/CoraCiteseer/PieClam/experiments/../clamiter_directed.py:439:::  
staring fit_feats for 5000 iterations


/mnt/home/jcervino/Github/CoraCiteseer/PieClam/experiments/../trainer_directed.py:444:::  



FINISHED train 
 last accuracies:
test
key='auc': 0.6605607476635512
val
auc: None




/mnt/home/jcervino/Github/CoraCiteseer/PieClam/experiments/../trainer_directed.py:460:::  

train_model_on_params on bigclam citeseer 
took 85.85289216041565 seconds


/mnt/home/jcervino/Github/CoraCiteseer/PieClam/experiments/optimization_utils_directed.py:737:::  


Finished CrossVal!




/mnt/home/jcervino/Github/CoraCiteseer/PieClam/experiments/optimization_utils_directed.py:514:::  
On test set split_23-10_22-11-25 of citeseer,bigclam
 ======================


/mnt/home/jcervino/Github/CoraCiteseer/PieClam/experiments/../datasets/import_dataset.py:258:::  
end of import_dataset
citeseer 
has 4230 nodes 
and 5358 edges. 
Graph is directed
Graph has NO self loops


/mnt/home/jcervino/Github/CoraCiteseer/PieClam/experiments/optimization_utils_directed.py:637:::  
RunSaver defined to acc_configs path /mnt/home/jcervino/Github/CoraCiteseer/PieClam/experiments/results/directed/link_prediction/auc/citeseer/bigclam/split_23-10_22-11-25/test/acc_configs11-31_30-11-25.json


/mnt/home/jcervino/Github/CoraCiteseer/PieClam/experiments/optimization_utils_directed.py:662:::  
Repetition no. 0


/mnt/home/jcervino/Github/CoraCiteseer/PieClam/experiments/../trainer_directed.py:158:::  

Using dataset specific configuration and not global 




/mnt/home/jcervino/Github/CoraCiteseer/PieClam/experiments/../trainer_directed.py:337:::  

In function train. 
2025-11-30 11:31:26 starting optimization of bigclam on citeseer (DIRECTED) on device cuda

 configs_dict: 
{
    "clamiter_init": {
        "dim_feat": 128,
        "dim_attr": 100,
        "s_reg": 0.01,
        "l1_reg": 0.5,
        "T": 1,
        "hidden_dim": 64,
        "num_coupling_blocks": 32,
        "num_layers_mlp": 2
    },
    "feat_opt": {
        "lr": 2e-06,
        "n_iter": 5000,
        "early_stop": 0
    }
}


/mnt/home/jcervino/Github/CoraCiteseer/PieClam/experiments/../clamiter_directed.py:439:::  
staring fit_feats for 5000 iterations


/mnt/home/jcervino/Github/CoraCiteseer/PieClam/experiments/../trainer_directed.py:444:::  



FINISHED train 
 last accuracies:
test
key='auc': 0.6439741462136432
val
auc: None




/mnt/home/jcervino/Github/CoraCiteseer/PieClam/experiments/../trainer_directed.py:460:::  

train_model_on_params on bigclam citeseer 
took 88.00541543960571 seconds


/mnt/home/jcervino/Github/CoraCiteseer/PieClam/experiments/optimization_utils_directed.py:737:::  


Finished CrossVal!


