/var/spool/slurm/slurmd/job4632271/slurm_script: line 7: nvcc: command not found
Wed Nov 26 12:56:15 2025       
+-----------------------------------------------------------------------------------------+
| NVIDIA-SMI 565.57.01              Driver Version: 565.57.01      CUDA Version: 12.7     |
|-----------------------------------------+------------------------+----------------------+
| GPU  Name                 Persistence-M | Bus-Id          Disp.A | Volatile Uncorr. ECC |
| Fan  Temp   Perf          Pwr:Usage/Cap |           Memory-Usage | GPU-Util  Compute M. |
|                                         |                        |               MIG M. |
|=========================================+========================+======================|
|   0  Tesla V100-SXM2-32GB           On  |   00000000:AF:00.0 Off |                    0 |
| N/A   45C    P0             64W /  300W |       1MiB /  32768MiB |      7%      Default |
|                                         |                        |                  N/A |
+-----------------------------------------+------------------------+----------------------+
                                                                                         
+-----------------------------------------------------------------------------------------+
| Processes:                                                                              |
|  GPU   GI   CI        PID   Type   Process name                              GPU Memory |
|        ID   ID                                                               Usage      |
|=========================================================================================|
|  No running processes found                                                             |
+-----------------------------------------------------------------------------------------+
Running with model_name=ieclam and ds_name=citeseer and s_reg=0.01 dim_feats=64 noise_amp=0.03, l1_reg=0.1
/mnt/home/jcervino/miniconda3/envs/pieclam_directed/lib/python3.11/site-packages/outdated/__init__.py:36: UserWarning: pkg_resources is deprecated as an API. See https://setuptools.pypa.io/en/latest/pkg_resources.html. The pkg_resources package is slated for removal as early as 2025-11-30. Refrain from using this package or pin to Setuptools<81.
  from pkg_resources import parse_version


/mnt/home/jcervino/Github/CoraCiteseer/PieClam/experiments/scripts/link_prediction/hypers_search/hypers_search_splits.py:100:::  
CUDA available


/mnt/home/jcervino/Github/CoraCiteseer/PieClam/experiments/scripts/link_prediction/hypers_search/hypers_search_splits.py:102:::  
Using device: cuda


/mnt/home/jcervino/Github/CoraCiteseer/PieClam/experiments/scripts/link_prediction/hypers_search/hypers_search_splits.py:124:::  
Running cross val link splits for citeseer with model ieclam


/mnt/home/jcervino/Github/CoraCiteseer/PieClam/experiments/scripts/link_prediction/hypers_search/hypers_search_splits.py:125:::  
args=Namespace(model_name='ieclam', ds_name='citeseer', dim_feats=[64], l1_regs=[0.1], s_regs=[0.01], n_iters_feats=[5000], lr_feats=[], dim_attr=[], n_iters_prior=[], lr_prior=[], noise_amps=[0.03], n_back_forth=[], first_funcs_in_fit=[], use_global_config_base=False, densify=False, attr_opt=False, test_p=0.1, val_p=0.0, val_dyads_path=None, test_dyads_path=None, random_search=False, num_draws_random=1, test_only=True, n_reps=1, reverse_test_set_order=False, to_undirected=False, remove_self_loops=False)


/mnt/home/jcervino/Github/CoraCiteseer/PieClam/experiments/optimization_utils_directed.py:514:::  
On test set split_22-59_22-11-25 of citeseer,ieclam
 ======================


/mnt/home/jcervino/Github/CoraCiteseer/PieClam/experiments/../datasets/import_dataset.py:258:::  
end of import_dataset
citeseer 
has 4230 nodes 
and 5358 edges. 
Graph is directed
Graph has NO self loops


/mnt/home/jcervino/Github/CoraCiteseer/PieClam/experiments/optimization_utils_directed.py:637:::  
RunSaver defined to acc_configs path /mnt/home/jcervino/Github/CoraCiteseer/PieClam/experiments/results/directed/link_prediction/auc/citeseer/ieclam/split_22-59_22-11-25/test/acc_configs12-56_26-11-25.json


/mnt/home/jcervino/Github/CoraCiteseer/PieClam/experiments/optimization_utils_directed.py:662:::  
Repetition no. 0


/mnt/home/jcervino/Github/CoraCiteseer/PieClam/experiments/../trainer_directed.py:158:::  

Using dataset specific configuration and not global 




/mnt/home/jcervino/Github/CoraCiteseer/PieClam/experiments/../trainer_directed.py:337:::  

In function train. 
2025-11-26 12:56:29 starting optimization of ieclam on citeseer (DIRECTED) on device cuda

 configs_dict: 
{
    "clamiter_init": {
        "dim_feat": 64,
        "s_reg": 0.01,
        "l1_reg": 0.1,
        "T": 1,
        "hidden_dim": 64,
        "num_coupling_blocks": 32,
        "num_layers_mlp": 2
    },
    "feat_opt": {
        "lr": 1e-06,
        "n_iter": 5000,
        "early_stop": 0
    }
}


/mnt/home/jcervino/Github/CoraCiteseer/PieClam/experiments/../clamiter_directed.py:439:::  
staring fit_feats for 5000 iterations


/mnt/home/jcervino/Github/CoraCiteseer/PieClam/experiments/../trainer_directed.py:444:::  



FINISHED train 
 last accuracies:
test
key='auc': 0.6403179316970914
val
auc: None




/mnt/home/jcervino/Github/CoraCiteseer/PieClam/experiments/../trainer_directed.py:460:::  

train_model_on_params on ieclam citeseer 
took 37.47773742675781 seconds


/mnt/home/jcervino/Github/CoraCiteseer/PieClam/experiments/optimization_utils_directed.py:737:::  


Finished CrossVal!




/mnt/home/jcervino/Github/CoraCiteseer/PieClam/experiments/optimization_utils_directed.py:514:::  
On test set split_23-05_22-11-25 of citeseer,ieclam
 ======================


/mnt/home/jcervino/Github/CoraCiteseer/PieClam/experiments/../datasets/import_dataset.py:258:::  
end of import_dataset
citeseer 
has 4230 nodes 
and 5358 edges. 
Graph is directed
Graph has NO self loops


/mnt/home/jcervino/Github/CoraCiteseer/PieClam/experiments/optimization_utils_directed.py:637:::  
RunSaver defined to acc_configs path /mnt/home/jcervino/Github/CoraCiteseer/PieClam/experiments/results/directed/link_prediction/auc/citeseer/ieclam/split_23-05_22-11-25/test/acc_configs12-57_26-11-25.json


/mnt/home/jcervino/Github/CoraCiteseer/PieClam/experiments/optimization_utils_directed.py:662:::  
Repetition no. 0


/mnt/home/jcervino/Github/CoraCiteseer/PieClam/experiments/../trainer_directed.py:158:::  

Using dataset specific configuration and not global 




/mnt/home/jcervino/Github/CoraCiteseer/PieClam/experiments/../trainer_directed.py:337:::  

In function train. 
2025-11-26 12:57:07 starting optimization of ieclam on citeseer (DIRECTED) on device cuda

 configs_dict: 
{
    "clamiter_init": {
        "dim_feat": 64,
        "s_reg": 0.01,
        "l1_reg": 0.1,
        "T": 1,
        "hidden_dim": 64,
        "num_coupling_blocks": 32,
        "num_layers_mlp": 2
    },
    "feat_opt": {
        "lr": 1e-06,
        "n_iter": 5000,
        "early_stop": 0
    }
}


/mnt/home/jcervino/Github/CoraCiteseer/PieClam/experiments/../clamiter_directed.py:439:::  
staring fit_feats for 5000 iterations


/mnt/home/jcervino/Github/CoraCiteseer/PieClam/experiments/../trainer_directed.py:444:::  



FINISHED train 
 last accuracies:
test
key='auc': 0.6872739977290594
val
auc: None




/mnt/home/jcervino/Github/CoraCiteseer/PieClam/experiments/../trainer_directed.py:460:::  

train_model_on_params on ieclam citeseer 
took 36.7647922039032 seconds


/mnt/home/jcervino/Github/CoraCiteseer/PieClam/experiments/optimization_utils_directed.py:737:::  


Finished CrossVal!




/mnt/home/jcervino/Github/CoraCiteseer/PieClam/experiments/optimization_utils_directed.py:514:::  
On test set split_23-12_22-11-25 of citeseer,ieclam
 ======================


/mnt/home/jcervino/Github/CoraCiteseer/PieClam/experiments/../datasets/import_dataset.py:258:::  
end of import_dataset
citeseer 
has 4230 nodes 
and 5358 edges. 
Graph is directed
Graph has NO self loops


/mnt/home/jcervino/Github/CoraCiteseer/PieClam/experiments/optimization_utils_directed.py:637:::  
RunSaver defined to acc_configs path /mnt/home/jcervino/Github/CoraCiteseer/PieClam/experiments/results/directed/link_prediction/auc/citeseer/ieclam/split_23-12_22-11-25/test/acc_configs12-57_26-11-25.json


/mnt/home/jcervino/Github/CoraCiteseer/PieClam/experiments/optimization_utils_directed.py:662:::  
Repetition no. 0


/mnt/home/jcervino/Github/CoraCiteseer/PieClam/experiments/../trainer_directed.py:158:::  

Using dataset specific configuration and not global 




/mnt/home/jcervino/Github/CoraCiteseer/PieClam/experiments/../trainer_directed.py:337:::  

In function train. 
2025-11-26 12:57:44 starting optimization of ieclam on citeseer (DIRECTED) on device cuda

 configs_dict: 
{
    "clamiter_init": {
        "dim_feat": 64,
        "s_reg": 0.01,
        "l1_reg": 0.1,
        "T": 1,
        "hidden_dim": 64,
        "num_coupling_blocks": 32,
        "num_layers_mlp": 2
    },
    "feat_opt": {
        "lr": 1e-06,
        "n_iter": 5000,
        "early_stop": 0
    }
}


/mnt/home/jcervino/Github/CoraCiteseer/PieClam/experiments/../clamiter_directed.py:439:::  
staring fit_feats for 5000 iterations


/mnt/home/jcervino/Github/CoraCiteseer/PieClam/experiments/../trainer_directed.py:444:::  



FINISHED train 
 last accuracies:
test
key='auc': 0.683862346056424
val
auc: None




/mnt/home/jcervino/Github/CoraCiteseer/PieClam/experiments/../trainer_directed.py:460:::  

train_model_on_params on ieclam citeseer 
took 33.06922149658203 seconds


/mnt/home/jcervino/Github/CoraCiteseer/PieClam/experiments/optimization_utils_directed.py:737:::  


Finished CrossVal!




/mnt/home/jcervino/Github/CoraCiteseer/PieClam/experiments/optimization_utils_directed.py:514:::  
On test set split_23-03_22-11-25 of citeseer,ieclam
 ======================


/mnt/home/jcervino/Github/CoraCiteseer/PieClam/experiments/../datasets/import_dataset.py:258:::  
end of import_dataset
citeseer 
has 4230 nodes 
and 5358 edges. 
Graph is directed
Graph has NO self loops


/mnt/home/jcervino/Github/CoraCiteseer/PieClam/experiments/optimization_utils_directed.py:637:::  
RunSaver defined to acc_configs path /mnt/home/jcervino/Github/CoraCiteseer/PieClam/experiments/results/directed/link_prediction/auc/citeseer/ieclam/split_23-03_22-11-25/test/acc_configs12-58_26-11-25.json


/mnt/home/jcervino/Github/CoraCiteseer/PieClam/experiments/optimization_utils_directed.py:662:::  
Repetition no. 0


/mnt/home/jcervino/Github/CoraCiteseer/PieClam/experiments/../trainer_directed.py:158:::  

Using dataset specific configuration and not global 




/mnt/home/jcervino/Github/CoraCiteseer/PieClam/experiments/../trainer_directed.py:337:::  

In function train. 
2025-11-26 12:58:18 starting optimization of ieclam on citeseer (DIRECTED) on device cuda

 configs_dict: 
{
    "clamiter_init": {
        "dim_feat": 64,
        "s_reg": 0.01,
        "l1_reg": 0.1,
        "T": 1,
        "hidden_dim": 64,
        "num_coupling_blocks": 32,
        "num_layers_mlp": 2
    },
    "feat_opt": {
        "lr": 1e-06,
        "n_iter": 5000,
        "early_stop": 0
    }
}


/mnt/home/jcervino/Github/CoraCiteseer/PieClam/experiments/../clamiter_directed.py:439:::  
staring fit_feats for 5000 iterations


/mnt/home/jcervino/Github/CoraCiteseer/PieClam/experiments/../trainer_directed.py:444:::  



FINISHED train 
 last accuracies:
test
key='auc': 0.6688339592977552
val
auc: None




/mnt/home/jcervino/Github/CoraCiteseer/PieClam/experiments/../trainer_directed.py:460:::  

train_model_on_params on ieclam citeseer 
took 33.561795234680176 seconds


/mnt/home/jcervino/Github/CoraCiteseer/PieClam/experiments/optimization_utils_directed.py:737:::  


Finished CrossVal!




/mnt/home/jcervino/Github/CoraCiteseer/PieClam/experiments/optimization_utils_directed.py:514:::  
On test set split_23-13_22-11-25 of citeseer,ieclam
 ======================


/mnt/home/jcervino/Github/CoraCiteseer/PieClam/experiments/../datasets/import_dataset.py:258:::  
end of import_dataset
citeseer 
has 4230 nodes 
and 5358 edges. 
Graph is directed
Graph has NO self loops


/mnt/home/jcervino/Github/CoraCiteseer/PieClam/experiments/optimization_utils_directed.py:637:::  
RunSaver defined to acc_configs path /mnt/home/jcervino/Github/CoraCiteseer/PieClam/experiments/results/directed/link_prediction/auc/citeseer/ieclam/split_23-13_22-11-25/test/acc_configs12-58_26-11-25.json


/mnt/home/jcervino/Github/CoraCiteseer/PieClam/experiments/optimization_utils_directed.py:662:::  
Repetition no. 0


/mnt/home/jcervino/Github/CoraCiteseer/PieClam/experiments/../trainer_directed.py:158:::  

Using dataset specific configuration and not global 




/mnt/home/jcervino/Github/CoraCiteseer/PieClam/experiments/../trainer_directed.py:337:::  

In function train. 
2025-11-26 12:58:52 starting optimization of ieclam on citeseer (DIRECTED) on device cuda

 configs_dict: 
{
    "clamiter_init": {
        "dim_feat": 64,
        "s_reg": 0.01,
        "l1_reg": 0.1,
        "T": 1,
        "hidden_dim": 64,
        "num_coupling_blocks": 32,
        "num_layers_mlp": 2
    },
    "feat_opt": {
        "lr": 1e-06,
        "n_iter": 5000,
        "early_stop": 0
    }
}


/mnt/home/jcervino/Github/CoraCiteseer/PieClam/experiments/../clamiter_directed.py:439:::  
staring fit_feats for 5000 iterations


/mnt/home/jcervino/Github/CoraCiteseer/PieClam/experiments/../trainer_directed.py:444:::  



FINISHED train 
 last accuracies:
test
key='auc': 0.672794130491746
val
auc: None




/mnt/home/jcervino/Github/CoraCiteseer/PieClam/experiments/../trainer_directed.py:460:::  

train_model_on_params on ieclam citeseer 
took 31.67206573486328 seconds


/mnt/home/jcervino/Github/CoraCiteseer/PieClam/experiments/optimization_utils_directed.py:737:::  


Finished CrossVal!




/mnt/home/jcervino/Github/CoraCiteseer/PieClam/experiments/optimization_utils_directed.py:514:::  
On test set split_23-10_22-11-25 of citeseer,ieclam
 ======================


/mnt/home/jcervino/Github/CoraCiteseer/PieClam/experiments/../datasets/import_dataset.py:258:::  
end of import_dataset
citeseer 
has 4230 nodes 
and 5358 edges. 
Graph is directed
Graph has NO self loops


/mnt/home/jcervino/Github/CoraCiteseer/PieClam/experiments/optimization_utils_directed.py:637:::  
RunSaver defined to acc_configs path /mnt/home/jcervino/Github/CoraCiteseer/PieClam/experiments/results/directed/link_prediction/auc/citeseer/ieclam/split_23-10_22-11-25/test/acc_configs12-59_26-11-25.json


/mnt/home/jcervino/Github/CoraCiteseer/PieClam/experiments/optimization_utils_directed.py:662:::  
Repetition no. 0


/mnt/home/jcervino/Github/CoraCiteseer/PieClam/experiments/../trainer_directed.py:158:::  

Using dataset specific configuration and not global 




/mnt/home/jcervino/Github/CoraCiteseer/PieClam/experiments/../trainer_directed.py:337:::  

In function train. 
2025-11-26 12:59:24 starting optimization of ieclam on citeseer (DIRECTED) on device cuda

 configs_dict: 
{
    "clamiter_init": {
        "dim_feat": 64,
        "s_reg": 0.01,
        "l1_reg": 0.1,
        "T": 1,
        "hidden_dim": 64,
        "num_coupling_blocks": 32,
        "num_layers_mlp": 2
    },
    "feat_opt": {
        "lr": 1e-06,
        "n_iter": 5000,
        "early_stop": 0
    }
}


/mnt/home/jcervino/Github/CoraCiteseer/PieClam/experiments/../clamiter_directed.py:439:::  
staring fit_feats for 5000 iterations


/mnt/home/jcervino/Github/CoraCiteseer/PieClam/experiments/../trainer_directed.py:444:::  



FINISHED train 
 last accuracies:
test
key='auc': 0.6894698226919381
val
auc: None




/mnt/home/jcervino/Github/CoraCiteseer/PieClam/experiments/../trainer_directed.py:460:::  

train_model_on_params on ieclam citeseer 
took 30.975544691085815 seconds


/mnt/home/jcervino/Github/CoraCiteseer/PieClam/experiments/optimization_utils_directed.py:737:::  


Finished CrossVal!




/mnt/home/jcervino/Github/CoraCiteseer/PieClam/experiments/optimization_utils_directed.py:514:::  
On test set split_23-01_22-11-25 of citeseer,ieclam
 ======================


/mnt/home/jcervino/Github/CoraCiteseer/PieClam/experiments/../datasets/import_dataset.py:258:::  
end of import_dataset
citeseer 
has 4230 nodes 
and 5358 edges. 
Graph is directed
Graph has NO self loops


/mnt/home/jcervino/Github/CoraCiteseer/PieClam/experiments/optimization_utils_directed.py:637:::  
RunSaver defined to acc_configs path /mnt/home/jcervino/Github/CoraCiteseer/PieClam/experiments/results/directed/link_prediction/auc/citeseer/ieclam/split_23-01_22-11-25/test/acc_configs12-59_26-11-25.json


/mnt/home/jcervino/Github/CoraCiteseer/PieClam/experiments/optimization_utils_directed.py:662:::  
Repetition no. 0


/mnt/home/jcervino/Github/CoraCiteseer/PieClam/experiments/../trainer_directed.py:158:::  

Using dataset specific configuration and not global 




/mnt/home/jcervino/Github/CoraCiteseer/PieClam/experiments/../trainer_directed.py:337:::  

In function train. 
2025-11-26 12:59:55 starting optimization of ieclam on citeseer (DIRECTED) on device cuda

 configs_dict: 
{
    "clamiter_init": {
        "dim_feat": 64,
        "s_reg": 0.01,
        "l1_reg": 0.1,
        "T": 1,
        "hidden_dim": 64,
        "num_coupling_blocks": 32,
        "num_layers_mlp": 2
    },
    "feat_opt": {
        "lr": 1e-06,
        "n_iter": 5000,
        "early_stop": 0
    }
}


/mnt/home/jcervino/Github/CoraCiteseer/PieClam/experiments/../clamiter_directed.py:439:::  
staring fit_feats for 5000 iterations


/mnt/home/jcervino/Github/CoraCiteseer/PieClam/experiments/../trainer_directed.py:444:::  



FINISHED train 
 last accuracies:
test
key='auc': 0.6750580836754302
val
auc: None




/mnt/home/jcervino/Github/CoraCiteseer/PieClam/experiments/../trainer_directed.py:460:::  

train_model_on_params on ieclam citeseer 
took 42.53054237365723 seconds


/mnt/home/jcervino/Github/CoraCiteseer/PieClam/experiments/optimization_utils_directed.py:737:::  


Finished CrossVal!




/mnt/home/jcervino/Github/CoraCiteseer/PieClam/experiments/optimization_utils_directed.py:514:::  
On test set split_23-11_22-11-25 of citeseer,ieclam
 ======================


/mnt/home/jcervino/Github/CoraCiteseer/PieClam/experiments/../datasets/import_dataset.py:258:::  
end of import_dataset
citeseer 
has 4230 nodes 
and 5358 edges. 
Graph is directed
Graph has NO self loops


/mnt/home/jcervino/Github/CoraCiteseer/PieClam/experiments/optimization_utils_directed.py:637:::  
RunSaver defined to acc_configs path /mnt/home/jcervino/Github/CoraCiteseer/PieClam/experiments/results/directed/link_prediction/auc/citeseer/ieclam/split_23-11_22-11-25/test/acc_configs13-00_26-11-25.json


/mnt/home/jcervino/Github/CoraCiteseer/PieClam/experiments/optimization_utils_directed.py:662:::  
Repetition no. 0


/mnt/home/jcervino/Github/CoraCiteseer/PieClam/experiments/../trainer_directed.py:158:::  

Using dataset specific configuration and not global 




/mnt/home/jcervino/Github/CoraCiteseer/PieClam/experiments/../trainer_directed.py:337:::  

In function train. 
2025-11-26 13:00:38 starting optimization of ieclam on citeseer (DIRECTED) on device cuda

 configs_dict: 
{
    "clamiter_init": {
        "dim_feat": 64,
        "s_reg": 0.01,
        "l1_reg": 0.1,
        "T": 1,
        "hidden_dim": 64,
        "num_coupling_blocks": 32,
        "num_layers_mlp": 2
    },
    "feat_opt": {
        "lr": 1e-06,
        "n_iter": 5000,
        "early_stop": 0
    }
}


/mnt/home/jcervino/Github/CoraCiteseer/PieClam/experiments/../clamiter_directed.py:439:::  
staring fit_feats for 5000 iterations


/mnt/home/jcervino/Github/CoraCiteseer/PieClam/experiments/../trainer_directed.py:444:::  



FINISHED train 
 last accuracies:
test
key='auc': 0.7027425976067778
val
auc: None




/mnt/home/jcervino/Github/CoraCiteseer/PieClam/experiments/../trainer_directed.py:460:::  

train_model_on_params on ieclam citeseer 
took 41.139402866363525 seconds


/mnt/home/jcervino/Github/CoraCiteseer/PieClam/experiments/optimization_utils_directed.py:737:::  


Finished CrossVal!




/mnt/home/jcervino/Github/CoraCiteseer/PieClam/experiments/optimization_utils_directed.py:514:::  
On test set split_23-06_22-11-25 of citeseer,ieclam
 ======================


/mnt/home/jcervino/Github/CoraCiteseer/PieClam/experiments/../datasets/import_dataset.py:258:::  
end of import_dataset
citeseer 
has 4230 nodes 
and 5358 edges. 
Graph is directed
Graph has NO self loops


/mnt/home/jcervino/Github/CoraCiteseer/PieClam/experiments/optimization_utils_directed.py:637:::  
RunSaver defined to acc_configs path /mnt/home/jcervino/Github/CoraCiteseer/PieClam/experiments/results/directed/link_prediction/auc/citeseer/ieclam/split_23-06_22-11-25/test/acc_configs13-01_26-11-25.json


/mnt/home/jcervino/Github/CoraCiteseer/PieClam/experiments/optimization_utils_directed.py:662:::  
Repetition no. 0


/mnt/home/jcervino/Github/CoraCiteseer/PieClam/experiments/../trainer_directed.py:158:::  

Using dataset specific configuration and not global 




/mnt/home/jcervino/Github/CoraCiteseer/PieClam/experiments/../trainer_directed.py:337:::  

In function train. 
2025-11-26 13:01:20 starting optimization of ieclam on citeseer (DIRECTED) on device cuda

 configs_dict: 
{
    "clamiter_init": {
        "dim_feat": 64,
        "s_reg": 0.01,
        "l1_reg": 0.1,
        "T": 1,
        "hidden_dim": 64,
        "num_coupling_blocks": 32,
        "num_layers_mlp": 2
    },
    "feat_opt": {
        "lr": 1e-06,
        "n_iter": 5000,
        "early_stop": 0
    }
}


/mnt/home/jcervino/Github/CoraCiteseer/PieClam/experiments/../clamiter_directed.py:439:::  
staring fit_feats for 5000 iterations


/mnt/home/jcervino/Github/CoraCiteseer/PieClam/experiments/../trainer_directed.py:444:::  



FINISHED train 
 last accuracies:
test
key='auc': 0.7157009345794392
val
auc: None




/mnt/home/jcervino/Github/CoraCiteseer/PieClam/experiments/../trainer_directed.py:460:::  

train_model_on_params on ieclam citeseer 
took 41.07900285720825 seconds


/mnt/home/jcervino/Github/CoraCiteseer/PieClam/experiments/optimization_utils_directed.py:737:::  


Finished CrossVal!




/mnt/home/jcervino/Github/CoraCiteseer/PieClam/experiments/optimization_utils_directed.py:514:::  
On test set split_23-09_22-11-25 of citeseer,ieclam
 ======================


/mnt/home/jcervino/Github/CoraCiteseer/PieClam/experiments/../datasets/import_dataset.py:258:::  
end of import_dataset
citeseer 
has 4230 nodes 
and 5358 edges. 
Graph is directed
Graph has NO self loops


/mnt/home/jcervino/Github/CoraCiteseer/PieClam/experiments/optimization_utils_directed.py:637:::  
RunSaver defined to acc_configs path /mnt/home/jcervino/Github/CoraCiteseer/PieClam/experiments/results/directed/link_prediction/auc/citeseer/ieclam/split_23-09_22-11-25/test/acc_configs13-02_26-11-25.json


/mnt/home/jcervino/Github/CoraCiteseer/PieClam/experiments/optimization_utils_directed.py:662:::  
Repetition no. 0


/mnt/home/jcervino/Github/CoraCiteseer/PieClam/experiments/../trainer_directed.py:158:::  

Using dataset specific configuration and not global 




/mnt/home/jcervino/Github/CoraCiteseer/PieClam/experiments/../trainer_directed.py:337:::  

In function train. 
2025-11-26 13:02:01 starting optimization of ieclam on citeseer (DIRECTED) on device cuda

 configs_dict: 
{
    "clamiter_init": {
        "dim_feat": 64,
        "s_reg": 0.01,
        "l1_reg": 0.1,
        "T": 1,
        "hidden_dim": 64,
        "num_coupling_blocks": 32,
        "num_layers_mlp": 2
    },
    "feat_opt": {
        "lr": 1e-06,
        "n_iter": 5000,
        "early_stop": 0
    }
}


/mnt/home/jcervino/Github/CoraCiteseer/PieClam/experiments/../clamiter_directed.py:439:::  
staring fit_feats for 5000 iterations


/mnt/home/jcervino/Github/CoraCiteseer/PieClam/experiments/../trainer_directed.py:444:::  



FINISHED train 
 last accuracies:
test
key='auc': 0.6683832649139663
val
auc: None




/mnt/home/jcervino/Github/CoraCiteseer/PieClam/experiments/../trainer_directed.py:460:::  

train_model_on_params on ieclam citeseer 
took 38.50714564323425 seconds


/mnt/home/jcervino/Github/CoraCiteseer/PieClam/experiments/optimization_utils_directed.py:737:::  


Finished CrossVal!


