/var/spool/slurm/slurmd/job4634480/slurm_script: line 7: nvcc: command not found
Sun Nov 30 10:37:42 2025       
+-----------------------------------------------------------------------------------------+
| NVIDIA-SMI 560.35.03              Driver Version: 560.35.03      CUDA Version: 12.6     |
|-----------------------------------------+------------------------+----------------------+
| GPU  Name                 Persistence-M | Bus-Id          Disp.A | Volatile Uncorr. ECC |
| Fan  Temp   Perf          Pwr:Usage/Cap |           Memory-Usage | GPU-Util  Compute M. |
|                                         |                        |               MIG M. |
|=========================================+========================+======================|
|   0  Tesla V100-PCIE-32GB           On  |   00000000:AF:00.0 Off |                  Off |
| N/A   49C    P0             30W /  250W |       1MiB /  32768MiB |      0%      Default |
|                                         |                        |                  N/A |
+-----------------------------------------+------------------------+----------------------+
                                                                                         
+-----------------------------------------------------------------------------------------+
| Processes:                                                                              |
|  GPU   GI   CI        PID   Type   Process name                              GPU Memory |
|        ID   ID                                                               Usage      |
|=========================================================================================|
|  No running processes found                                                             |
+-----------------------------------------------------------------------------------------+
Running with model_name=pclam and ds_name=citeseer and s_reg=0.01 dim_feats=128 noise_amp=0.06, l1_reg=0.5
/mnt/home/jcervino/miniconda3/envs/pieclam_directed/lib/python3.11/site-packages/outdated/__init__.py:36: UserWarning: pkg_resources is deprecated as an API. See https://setuptools.pypa.io/en/latest/pkg_resources.html. The pkg_resources package is slated for removal as early as 2025-11-30. Refrain from using this package or pin to Setuptools<81.
  from pkg_resources import parse_version


/mnt/home/jcervino/Github/CoraCiteseer/PieClam/experiments/scripts/link_prediction/hypers_search/hypers_search_splits.py:100:::  
CUDA available


/mnt/home/jcervino/Github/CoraCiteseer/PieClam/experiments/scripts/link_prediction/hypers_search/hypers_search_splits.py:102:::  
Using device: cuda


/mnt/home/jcervino/Github/CoraCiteseer/PieClam/experiments/scripts/link_prediction/hypers_search/hypers_search_splits.py:124:::  
Running cross val link splits for citeseer with model pclam


/mnt/home/jcervino/Github/CoraCiteseer/PieClam/experiments/scripts/link_prediction/hypers_search/hypers_search_splits.py:125:::  
args=Namespace(model_name='pclam', ds_name='citeseer', dim_feats=[128], l1_regs=[0.5], s_regs=[0.01], n_iters_feats=[5000], lr_feats=[], dim_attr=[], n_iters_prior=[], lr_prior=[], noise_amps=[0.06], n_back_forth=[], first_funcs_in_fit=[], use_global_config_base=False, densify=False, attr_opt=False, test_p=0.1, val_p=0.0, val_dyads_path=None, test_dyads_path=None, random_search=False, num_draws_random=1, test_only=True, n_reps=1, reverse_test_set_order=False, to_undirected=False, remove_self_loops=False)


/mnt/home/jcervino/Github/CoraCiteseer/PieClam/experiments/optimization_utils_directed.py:514:::  
On test set split_23-10_22-11-25 of citeseer,pclam
 ======================


/mnt/home/jcervino/Github/CoraCiteseer/PieClam/experiments/../datasets/import_dataset.py:258:::  
end of import_dataset
citeseer 
has 4230 nodes 
and 5358 edges. 
Graph is directed
Graph has NO self loops


/mnt/home/jcervino/Github/CoraCiteseer/PieClam/experiments/optimization_utils_directed.py:637:::  
RunSaver defined to acc_configs path /mnt/home/jcervino/Github/CoraCiteseer/PieClam/experiments/results/directed/link_prediction/auc/citeseer/pclam/split_23-10_22-11-25/test/acc_configs10-37_30-11-25.json


/mnt/home/jcervino/Github/CoraCiteseer/PieClam/experiments/optimization_utils_directed.py:662:::  
Repetition no. 0


/mnt/home/jcervino/Github/CoraCiteseer/PieClam/experiments/../trainer_directed.py:158:::  

Using dataset specific configuration and not global 




/mnt/home/jcervino/Github/CoraCiteseer/PieClam/experiments/../trainer_directed.py:337:::  

In function train. 
2025-11-30 10:37:58 starting optimization of pclam on citeseer (DIRECTED) on device cuda

 configs_dict: 
{
    "clamiter_init": {
        "dim_feat": 128,
        "dim_attr": 100,
        "s_reg": 0.01,
        "l1_reg": 0.5,
        "T": 1,
        "hidden_dim": 64,
        "num_coupling_blocks": 32,
        "num_layers_mlp": 2
    },
    "feat_opt": {
        "lr": 5e-06,
        "n_iter": 5000,
        "early_stop": 0
    },
    "prior_opt": {
        "n_iter": 1300,
        "lr": 3e-06,
        "noise_amp": 0.06,
        "weight_decay": 0.1,
        "early_stop": 0
    },
    "back_forth": {
        "n_back_forth": 7,
        "scheduler_step_size": 3,
        "scheduler_gamma": 0.5,
        "early_stop_fit": 0,
        "first_func_in_fit": "fit_feats"
    }
}


/mnt/home/jcervino/Github/CoraCiteseer/PieClam/experiments/../clamiter_directed.py:642:::  

in fit,
first_func_in_fit='fit_feats'
second_function_name='fit_prior'


/mnt/home/jcervino/Github/CoraCiteseer/PieClam/experiments/../clamiter_directed.py:704:::  

back and forth 1/7


/mnt/home/jcervino/Github/CoraCiteseer/PieClam/experiments/../clamiter_directed.py:439:::  
staring fit_feats for 5000 iterations


/mnt/home/jcervino/Github/CoraCiteseer/PieClam/experiments/../clamiter_directed.py:439:::  
staring fit_prior for 1300 iterations


/mnt/home/jcervino/Github/CoraCiteseer/PieClam/experiments/../clamiter_directed.py:704:::  

back and forth 2/7


/mnt/home/jcervino/Github/CoraCiteseer/PieClam/experiments/../clamiter_directed.py:439:::  
staring fit_feats for 5000 iterations


/mnt/home/jcervino/Github/CoraCiteseer/PieClam/experiments/../clamiter_directed.py:439:::  
staring fit_prior for 1300 iterations


/mnt/home/jcervino/Github/CoraCiteseer/PieClam/experiments/../clamiter_directed.py:704:::  

back and forth 3/7


/mnt/home/jcervino/Github/CoraCiteseer/PieClam/experiments/../clamiter_directed.py:439:::  
staring fit_feats for 5000 iterations


/mnt/home/jcervino/Github/CoraCiteseer/PieClam/experiments/../clamiter_directed.py:439:::  
staring fit_prior for 1300 iterations


/mnt/home/jcervino/Github/CoraCiteseer/PieClam/experiments/../clamiter_directed.py:704:::  

back and forth 4/7


/mnt/home/jcervino/Github/CoraCiteseer/PieClam/experiments/../clamiter_directed.py:439:::  
staring fit_feats for 5000 iterations


/mnt/home/jcervino/Github/CoraCiteseer/PieClam/experiments/../clamiter_directed.py:439:::  
staring fit_prior for 1300 iterations


/mnt/home/jcervino/Github/CoraCiteseer/PieClam/experiments/../clamiter_directed.py:704:::  

back and forth 5/7


/mnt/home/jcervino/Github/CoraCiteseer/PieClam/experiments/../clamiter_directed.py:439:::  
staring fit_feats for 5000 iterations


/mnt/home/jcervino/Github/CoraCiteseer/PieClam/experiments/../clamiter_directed.py:439:::  
staring fit_prior for 1300 iterations


/mnt/home/jcervino/Github/CoraCiteseer/PieClam/experiments/../clamiter_directed.py:704:::  

back and forth 6/7


/mnt/home/jcervino/Github/CoraCiteseer/PieClam/experiments/../clamiter_directed.py:439:::  
staring fit_feats for 5000 iterations


/mnt/home/jcervino/Github/CoraCiteseer/PieClam/experiments/../clamiter_directed.py:439:::  
staring fit_prior for 1300 iterations


/mnt/home/jcervino/Github/CoraCiteseer/PieClam/experiments/../clamiter_directed.py:704:::  

back and forth 7/7


/mnt/home/jcervino/Github/CoraCiteseer/PieClam/experiments/../clamiter_directed.py:439:::  
staring fit_feats for 5000 iterations


/mnt/home/jcervino/Github/CoraCiteseer/PieClam/experiments/../clamiter_directed.py:439:::  
staring fit_prior for 1300 iterations


/mnt/home/jcervino/Github/CoraCiteseer/PieClam/experiments/../clamiter_directed.py:779:::  

fit end


/mnt/home/jcervino/Github/CoraCiteseer/PieClam/experiments/../trainer_directed.py:444:::  



FINISHED train 
 last accuracies:
test
key='auc': 0.8289614813520831
val
auc: None




/mnt/home/jcervino/Github/CoraCiteseer/PieClam/experiments/../trainer_directed.py:460:::  

train_model_on_params on pclam citeseer 
took 10726.319609642029 seconds


/mnt/home/jcervino/Github/CoraCiteseer/PieClam/experiments/optimization_utils_directed.py:737:::  


Finished CrossVal!




/mnt/home/jcervino/Github/CoraCiteseer/PieClam/experiments/optimization_utils_directed.py:514:::  
On test set split_23-06_22-11-25 of citeseer,pclam
 ======================


/mnt/home/jcervino/Github/CoraCiteseer/PieClam/experiments/../datasets/import_dataset.py:258:::  
end of import_dataset
citeseer 
has 4230 nodes 
and 5358 edges. 
Graph is directed
Graph has NO self loops


/mnt/home/jcervino/Github/CoraCiteseer/PieClam/experiments/optimization_utils_directed.py:637:::  
RunSaver defined to acc_configs path /mnt/home/jcervino/Github/CoraCiteseer/PieClam/experiments/results/directed/link_prediction/auc/citeseer/pclam/split_23-06_22-11-25/test/acc_configs13-36_30-11-25.json


/mnt/home/jcervino/Github/CoraCiteseer/PieClam/experiments/optimization_utils_directed.py:662:::  
Repetition no. 0


/mnt/home/jcervino/Github/CoraCiteseer/PieClam/experiments/../trainer_directed.py:158:::  

Using dataset specific configuration and not global 




/mnt/home/jcervino/Github/CoraCiteseer/PieClam/experiments/../trainer_directed.py:337:::  

In function train. 
2025-11-30 13:36:45 starting optimization of pclam on citeseer (DIRECTED) on device cuda

 configs_dict: 
{
    "clamiter_init": {
        "dim_feat": 128,
        "dim_attr": 100,
        "s_reg": 0.01,
        "l1_reg": 0.5,
        "T": 1,
        "hidden_dim": 64,
        "num_coupling_blocks": 32,
        "num_layers_mlp": 2
    },
    "feat_opt": {
        "lr": 5e-06,
        "n_iter": 5000,
        "early_stop": 0
    },
    "prior_opt": {
        "n_iter": 1300,
        "lr": 3e-06,
        "noise_amp": 0.06,
        "weight_decay": 0.1,
        "early_stop": 0
    },
    "back_forth": {
        "n_back_forth": 7,
        "scheduler_step_size": 3,
        "scheduler_gamma": 0.5,
        "early_stop_fit": 0,
        "first_func_in_fit": "fit_feats"
    }
}


/mnt/home/jcervino/Github/CoraCiteseer/PieClam/experiments/../clamiter_directed.py:642:::  

in fit,
first_func_in_fit='fit_feats'
second_function_name='fit_prior'


/mnt/home/jcervino/Github/CoraCiteseer/PieClam/experiments/../clamiter_directed.py:704:::  

back and forth 1/7


/mnt/home/jcervino/Github/CoraCiteseer/PieClam/experiments/../clamiter_directed.py:439:::  
staring fit_feats for 5000 iterations


/mnt/home/jcervino/Github/CoraCiteseer/PieClam/experiments/../clamiter_directed.py:439:::  
staring fit_prior for 1300 iterations


/mnt/home/jcervino/Github/CoraCiteseer/PieClam/experiments/../clamiter_directed.py:704:::  

back and forth 2/7


/mnt/home/jcervino/Github/CoraCiteseer/PieClam/experiments/../clamiter_directed.py:439:::  
staring fit_feats for 5000 iterations


/mnt/home/jcervino/Github/CoraCiteseer/PieClam/experiments/../clamiter_directed.py:439:::  
staring fit_prior for 1300 iterations


/mnt/home/jcervino/Github/CoraCiteseer/PieClam/experiments/../clamiter_directed.py:704:::  

back and forth 3/7


/mnt/home/jcervino/Github/CoraCiteseer/PieClam/experiments/../clamiter_directed.py:439:::  
staring fit_feats for 5000 iterations


/mnt/home/jcervino/Github/CoraCiteseer/PieClam/experiments/../clamiter_directed.py:439:::  
staring fit_prior for 1300 iterations


/mnt/home/jcervino/Github/CoraCiteseer/PieClam/experiments/../clamiter_directed.py:704:::  

back and forth 4/7


/mnt/home/jcervino/Github/CoraCiteseer/PieClam/experiments/../clamiter_directed.py:439:::  
staring fit_feats for 5000 iterations


/mnt/home/jcervino/Github/CoraCiteseer/PieClam/experiments/../clamiter_directed.py:439:::  
staring fit_prior for 1300 iterations


/mnt/home/jcervino/Github/CoraCiteseer/PieClam/experiments/../clamiter_directed.py:704:::  

back and forth 5/7


/mnt/home/jcervino/Github/CoraCiteseer/PieClam/experiments/../clamiter_directed.py:439:::  
staring fit_feats for 5000 iterations


/mnt/home/jcervino/Github/CoraCiteseer/PieClam/experiments/../clamiter_directed.py:439:::  
staring fit_prior for 1300 iterations


/mnt/home/jcervino/Github/CoraCiteseer/PieClam/experiments/../clamiter_directed.py:704:::  

back and forth 6/7


/mnt/home/jcervino/Github/CoraCiteseer/PieClam/experiments/../clamiter_directed.py:439:::  
staring fit_feats for 5000 iterations


/mnt/home/jcervino/Github/CoraCiteseer/PieClam/experiments/../clamiter_directed.py:439:::  
staring fit_prior for 1300 iterations


/mnt/home/jcervino/Github/CoraCiteseer/PieClam/experiments/../clamiter_directed.py:704:::  

back and forth 7/7


/mnt/home/jcervino/Github/CoraCiteseer/PieClam/experiments/../clamiter_directed.py:439:::  
staring fit_feats for 5000 iterations


/mnt/home/jcervino/Github/CoraCiteseer/PieClam/experiments/../clamiter_directed.py:439:::  
staring fit_prior for 1300 iterations


/mnt/home/jcervino/Github/CoraCiteseer/PieClam/experiments/../clamiter_directed.py:779:::  

fit end


/mnt/home/jcervino/Github/CoraCiteseer/PieClam/experiments/../trainer_directed.py:444:::  



FINISHED train 
 last accuracies:
test
key='auc': 0.8058660144990828
val
auc: None




/mnt/home/jcervino/Github/CoraCiteseer/PieClam/experiments/../trainer_directed.py:460:::  

train_model_on_params on pclam citeseer 
took 10657.805426836014 seconds


/mnt/home/jcervino/Github/CoraCiteseer/PieClam/experiments/optimization_utils_directed.py:737:::  


Finished CrossVal!




/mnt/home/jcervino/Github/CoraCiteseer/PieClam/experiments/optimization_utils_directed.py:514:::  
On test set split_23-09_22-11-25 of citeseer,pclam
 ======================


/mnt/home/jcervino/Github/CoraCiteseer/PieClam/experiments/../datasets/import_dataset.py:258:::  
end of import_dataset
citeseer 
has 4230 nodes 
and 5358 edges. 
Graph is directed
Graph has NO self loops


/mnt/home/jcervino/Github/CoraCiteseer/PieClam/experiments/optimization_utils_directed.py:637:::  
RunSaver defined to acc_configs path /mnt/home/jcervino/Github/CoraCiteseer/PieClam/experiments/results/directed/link_prediction/auc/citeseer/pclam/split_23-09_22-11-25/test/acc_configs16-34_30-11-25.json


/mnt/home/jcervino/Github/CoraCiteseer/PieClam/experiments/optimization_utils_directed.py:662:::  
Repetition no. 0


/mnt/home/jcervino/Github/CoraCiteseer/PieClam/experiments/../trainer_directed.py:158:::  

Using dataset specific configuration and not global 




/mnt/home/jcervino/Github/CoraCiteseer/PieClam/experiments/../trainer_directed.py:337:::  

In function train. 
2025-11-30 16:34:23 starting optimization of pclam on citeseer (DIRECTED) on device cuda

 configs_dict: 
{
    "clamiter_init": {
        "dim_feat": 128,
        "dim_attr": 100,
        "s_reg": 0.01,
        "l1_reg": 0.5,
        "T": 1,
        "hidden_dim": 64,
        "num_coupling_blocks": 32,
        "num_layers_mlp": 2
    },
    "feat_opt": {
        "lr": 5e-06,
        "n_iter": 5000,
        "early_stop": 0
    },
    "prior_opt": {
        "n_iter": 1300,
        "lr": 3e-06,
        "noise_amp": 0.06,
        "weight_decay": 0.1,
        "early_stop": 0
    },
    "back_forth": {
        "n_back_forth": 7,
        "scheduler_step_size": 3,
        "scheduler_gamma": 0.5,
        "early_stop_fit": 0,
        "first_func_in_fit": "fit_feats"
    }
}


/mnt/home/jcervino/Github/CoraCiteseer/PieClam/experiments/../clamiter_directed.py:642:::  

in fit,
first_func_in_fit='fit_feats'
second_function_name='fit_prior'


/mnt/home/jcervino/Github/CoraCiteseer/PieClam/experiments/../clamiter_directed.py:704:::  

back and forth 1/7


/mnt/home/jcervino/Github/CoraCiteseer/PieClam/experiments/../clamiter_directed.py:439:::  
staring fit_feats for 5000 iterations


/mnt/home/jcervino/Github/CoraCiteseer/PieClam/experiments/../clamiter_directed.py:439:::  
staring fit_prior for 1300 iterations


/mnt/home/jcervino/Github/CoraCiteseer/PieClam/experiments/../clamiter_directed.py:704:::  

back and forth 2/7


/mnt/home/jcervino/Github/CoraCiteseer/PieClam/experiments/../clamiter_directed.py:439:::  
staring fit_feats for 5000 iterations


/mnt/home/jcervino/Github/CoraCiteseer/PieClam/experiments/../clamiter_directed.py:439:::  
staring fit_prior for 1300 iterations


/mnt/home/jcervino/Github/CoraCiteseer/PieClam/experiments/../clamiter_directed.py:704:::  

back and forth 3/7


/mnt/home/jcervino/Github/CoraCiteseer/PieClam/experiments/../clamiter_directed.py:439:::  
staring fit_feats for 5000 iterations


/mnt/home/jcervino/Github/CoraCiteseer/PieClam/experiments/../clamiter_directed.py:439:::  
staring fit_prior for 1300 iterations


/mnt/home/jcervino/Github/CoraCiteseer/PieClam/experiments/../clamiter_directed.py:704:::  

back and forth 4/7


/mnt/home/jcervino/Github/CoraCiteseer/PieClam/experiments/../clamiter_directed.py:439:::  
staring fit_feats for 5000 iterations


/mnt/home/jcervino/Github/CoraCiteseer/PieClam/experiments/../clamiter_directed.py:439:::  
staring fit_prior for 1300 iterations


/mnt/home/jcervino/Github/CoraCiteseer/PieClam/experiments/../clamiter_directed.py:704:::  

back and forth 5/7


/mnt/home/jcervino/Github/CoraCiteseer/PieClam/experiments/../clamiter_directed.py:439:::  
staring fit_feats for 5000 iterations


/mnt/home/jcervino/Github/CoraCiteseer/PieClam/experiments/../clamiter_directed.py:439:::  
staring fit_prior for 1300 iterations


/mnt/home/jcervino/Github/CoraCiteseer/PieClam/experiments/../clamiter_directed.py:704:::  

back and forth 6/7


/mnt/home/jcervino/Github/CoraCiteseer/PieClam/experiments/../clamiter_directed.py:439:::  
staring fit_feats for 5000 iterations


/mnt/home/jcervino/Github/CoraCiteseer/PieClam/experiments/../clamiter_directed.py:439:::  
staring fit_prior for 1300 iterations


/mnt/home/jcervino/Github/CoraCiteseer/PieClam/experiments/../clamiter_directed.py:704:::  

back and forth 7/7


/mnt/home/jcervino/Github/CoraCiteseer/PieClam/experiments/../clamiter_directed.py:439:::  
staring fit_feats for 5000 iterations


/mnt/home/jcervino/Github/CoraCiteseer/PieClam/experiments/../clamiter_directed.py:439:::  
staring fit_prior for 1300 iterations


/mnt/home/jcervino/Github/CoraCiteseer/PieClam/experiments/../clamiter_directed.py:779:::  

fit end


/mnt/home/jcervino/Github/CoraCiteseer/PieClam/experiments/../trainer_directed.py:444:::  



FINISHED train 
 last accuracies:
test
key='auc': 0.819280286487903
val
auc: None




/mnt/home/jcervino/Github/CoraCiteseer/PieClam/experiments/../trainer_directed.py:460:::  

train_model_on_params on pclam citeseer 
took 10688.881874799728 seconds


/mnt/home/jcervino/Github/CoraCiteseer/PieClam/experiments/optimization_utils_directed.py:737:::  


Finished CrossVal!




/mnt/home/jcervino/Github/CoraCiteseer/PieClam/experiments/optimization_utils_directed.py:514:::  
On test set split_23-01_22-11-25 of citeseer,pclam
 ======================


/mnt/home/jcervino/Github/CoraCiteseer/PieClam/experiments/../datasets/import_dataset.py:258:::  
end of import_dataset
citeseer 
has 4230 nodes 
and 5358 edges. 
Graph is directed
Graph has NO self loops


/mnt/home/jcervino/Github/CoraCiteseer/PieClam/experiments/optimization_utils_directed.py:637:::  
RunSaver defined to acc_configs path /mnt/home/jcervino/Github/CoraCiteseer/PieClam/experiments/results/directed/link_prediction/auc/citeseer/pclam/split_23-01_22-11-25/test/acc_configs19-32_30-11-25.json


/mnt/home/jcervino/Github/CoraCiteseer/PieClam/experiments/optimization_utils_directed.py:662:::  
Repetition no. 0


/mnt/home/jcervino/Github/CoraCiteseer/PieClam/experiments/../trainer_directed.py:158:::  

Using dataset specific configuration and not global 




/mnt/home/jcervino/Github/CoraCiteseer/PieClam/experiments/../trainer_directed.py:337:::  

In function train. 
2025-11-30 19:32:32 starting optimization of pclam on citeseer (DIRECTED) on device cuda

 configs_dict: 
{
    "clamiter_init": {
        "dim_feat": 128,
        "dim_attr": 100,
        "s_reg": 0.01,
        "l1_reg": 0.5,
        "T": 1,
        "hidden_dim": 64,
        "num_coupling_blocks": 32,
        "num_layers_mlp": 2
    },
    "feat_opt": {
        "lr": 5e-06,
        "n_iter": 5000,
        "early_stop": 0
    },
    "prior_opt": {
        "n_iter": 1300,
        "lr": 3e-06,
        "noise_amp": 0.06,
        "weight_decay": 0.1,
        "early_stop": 0
    },
    "back_forth": {
        "n_back_forth": 7,
        "scheduler_step_size": 3,
        "scheduler_gamma": 0.5,
        "early_stop_fit": 0,
        "first_func_in_fit": "fit_feats"
    }
}


/mnt/home/jcervino/Github/CoraCiteseer/PieClam/experiments/../clamiter_directed.py:642:::  

in fit,
first_func_in_fit='fit_feats'
second_function_name='fit_prior'


/mnt/home/jcervino/Github/CoraCiteseer/PieClam/experiments/../clamiter_directed.py:704:::  

back and forth 1/7


/mnt/home/jcervino/Github/CoraCiteseer/PieClam/experiments/../clamiter_directed.py:439:::  
staring fit_feats for 5000 iterations


/mnt/home/jcervino/Github/CoraCiteseer/PieClam/experiments/../clamiter_directed.py:439:::  
staring fit_prior for 1300 iterations


/mnt/home/jcervino/Github/CoraCiteseer/PieClam/experiments/../clamiter_directed.py:704:::  

back and forth 2/7


/mnt/home/jcervino/Github/CoraCiteseer/PieClam/experiments/../clamiter_directed.py:439:::  
staring fit_feats for 5000 iterations


/mnt/home/jcervino/Github/CoraCiteseer/PieClam/experiments/../clamiter_directed.py:439:::  
staring fit_prior for 1300 iterations


/mnt/home/jcervino/Github/CoraCiteseer/PieClam/experiments/../clamiter_directed.py:704:::  

back and forth 3/7


/mnt/home/jcervino/Github/CoraCiteseer/PieClam/experiments/../clamiter_directed.py:439:::  
staring fit_feats for 5000 iterations


/mnt/home/jcervino/Github/CoraCiteseer/PieClam/experiments/../clamiter_directed.py:439:::  
staring fit_prior for 1300 iterations


/mnt/home/jcervino/Github/CoraCiteseer/PieClam/experiments/../clamiter_directed.py:704:::  

back and forth 4/7


/mnt/home/jcervino/Github/CoraCiteseer/PieClam/experiments/../clamiter_directed.py:439:::  
staring fit_feats for 5000 iterations


/mnt/home/jcervino/Github/CoraCiteseer/PieClam/experiments/../clamiter_directed.py:439:::  
staring fit_prior for 1300 iterations


/mnt/home/jcervino/Github/CoraCiteseer/PieClam/experiments/../clamiter_directed.py:704:::  

back and forth 5/7


/mnt/home/jcervino/Github/CoraCiteseer/PieClam/experiments/../clamiter_directed.py:439:::  
staring fit_feats for 5000 iterations


/mnt/home/jcervino/Github/CoraCiteseer/PieClam/experiments/../clamiter_directed.py:439:::  
staring fit_prior for 1300 iterations


/mnt/home/jcervino/Github/CoraCiteseer/PieClam/experiments/../clamiter_directed.py:704:::  

back and forth 6/7


/mnt/home/jcervino/Github/CoraCiteseer/PieClam/experiments/../clamiter_directed.py:439:::  
staring fit_feats for 5000 iterations


/mnt/home/jcervino/Github/CoraCiteseer/PieClam/experiments/../clamiter_directed.py:439:::  
staring fit_prior for 1300 iterations


/mnt/home/jcervino/Github/CoraCiteseer/PieClam/experiments/../clamiter_directed.py:704:::  

back and forth 7/7


/mnt/home/jcervino/Github/CoraCiteseer/PieClam/experiments/../clamiter_directed.py:439:::  
staring fit_feats for 5000 iterations


/mnt/home/jcervino/Github/CoraCiteseer/PieClam/experiments/../clamiter_directed.py:439:::  
staring fit_prior for 1300 iterations


/mnt/home/jcervino/Github/CoraCiteseer/PieClam/experiments/../clamiter_directed.py:779:::  

fit end


/mnt/home/jcervino/Github/CoraCiteseer/PieClam/experiments/../trainer_directed.py:444:::  



FINISHED train 
 last accuracies:
test
key='auc': 0.739117826884444
val
auc: None




/mnt/home/jcervino/Github/CoraCiteseer/PieClam/experiments/../trainer_directed.py:460:::  

train_model_on_params on pclam citeseer 
took 10705.094089269638 seconds


/mnt/home/jcervino/Github/CoraCiteseer/PieClam/experiments/optimization_utils_directed.py:737:::  


Finished CrossVal!




/mnt/home/jcervino/Github/CoraCiteseer/PieClam/experiments/optimization_utils_directed.py:514:::  
On test set split_23-11_22-11-25 of citeseer,pclam
 ======================


/mnt/home/jcervino/Github/CoraCiteseer/PieClam/experiments/../datasets/import_dataset.py:258:::  
end of import_dataset
citeseer 
has 4230 nodes 
and 5358 edges. 
Graph is directed
Graph has NO self loops


/mnt/home/jcervino/Github/CoraCiteseer/PieClam/experiments/optimization_utils_directed.py:637:::  
RunSaver defined to acc_configs path /mnt/home/jcervino/Github/CoraCiteseer/PieClam/experiments/results/directed/link_prediction/auc/citeseer/pclam/split_23-11_22-11-25/test/acc_configs22-30_30-11-25.json


/mnt/home/jcervino/Github/CoraCiteseer/PieClam/experiments/optimization_utils_directed.py:662:::  
Repetition no. 0


/mnt/home/jcervino/Github/CoraCiteseer/PieClam/experiments/../trainer_directed.py:158:::  

Using dataset specific configuration and not global 




/mnt/home/jcervino/Github/CoraCiteseer/PieClam/experiments/../trainer_directed.py:337:::  

In function train. 
2025-11-30 22:30:58 starting optimization of pclam on citeseer (DIRECTED) on device cuda

 configs_dict: 
{
    "clamiter_init": {
        "dim_feat": 128,
        "dim_attr": 100,
        "s_reg": 0.01,
        "l1_reg": 0.5,
        "T": 1,
        "hidden_dim": 64,
        "num_coupling_blocks": 32,
        "num_layers_mlp": 2
    },
    "feat_opt": {
        "lr": 5e-06,
        "n_iter": 5000,
        "early_stop": 0
    },
    "prior_opt": {
        "n_iter": 1300,
        "lr": 3e-06,
        "noise_amp": 0.06,
        "weight_decay": 0.1,
        "early_stop": 0
    },
    "back_forth": {
        "n_back_forth": 7,
        "scheduler_step_size": 3,
        "scheduler_gamma": 0.5,
        "early_stop_fit": 0,
        "first_func_in_fit": "fit_feats"
    }
}


/mnt/home/jcervino/Github/CoraCiteseer/PieClam/experiments/../clamiter_directed.py:642:::  

in fit,
first_func_in_fit='fit_feats'
second_function_name='fit_prior'


/mnt/home/jcervino/Github/CoraCiteseer/PieClam/experiments/../clamiter_directed.py:704:::  

back and forth 1/7


/mnt/home/jcervino/Github/CoraCiteseer/PieClam/experiments/../clamiter_directed.py:439:::  
staring fit_feats for 5000 iterations
slurmstepd: error: *** JOB 4634480 ON node7 CANCELLED AT 2025-11-30T22:38:12 DUE TO TIME LIMIT ***
