

/home/daniel.z/ICML_PIECLAM_020425/experiments/scripts/link_prediction/hypers_search/hypers_search.py:92:::  Using device: cuda


/home/daniel.z/ICML_PIECLAM_020425/experiments/optimization_utils.py:128:::  True


/home/daniel.z/ICML_PIECLAM_020425/experiments/../trainer.py:335:::  
 2025-04-28 22:15:52 starting optimization of pieclam on texas on device cuda

 configs_dict: 
{
    "clamiter_init": {
        "dim_feat": 36,
        "dim_attr": 100,
        "s_reg": 0.0,
        "l1_reg": 1,
        "T": 1,
        "hidden_dim": 64,
        "num_coupling_blocks": 32,
        "num_layers_mlp": 2
    },
    "feat_opt": {
        "lr": 3e-06,
        "n_iter": 13000,
        "early_stop": 0
    },
    "prior_opt": {
        "n_iter": 2000,
        "lr": 5e-06,
        "noise_amp": 0.05,
        "weight_decay": 0.1,
        "early_stop": 0
    },
    "back_forth": {
        "n_back_forth": 7,
        "scheduler_step_size": 3,
        "scheduler_gamma": 0.5,
        "early_stop_fit": 0,
        "first_func_in_fit": "fit_prior"
    }
}


/home/daniel.z/ICML_PIECLAM_020425/experiments/../clamiter.py:577:::  
in fit,
first_func_in_fit='fit_prior'
second_function_name='fit_feats'


/home/daniel.z/ICML_PIECLAM_020425/experiments/../clamiter.py:637:::  
back and forth 1/7


/home/daniel.z/ICML_PIECLAM_020425/experiments/../clamiter.py:364:::  staring fit_prior for 2000 iterations


/home/daniel.z/ICML_PIECLAM_020425/experiments/../clamiter.py:364:::  staring fit_feats for 13000 iterations


/home/daniel.z/ICML_PIECLAM_020425/experiments/../clamiter.py:637:::  
back and forth 2/7


/home/daniel.z/ICML_PIECLAM_020425/experiments/../clamiter.py:364:::  staring fit_prior for 2000 iterations


/home/daniel.z/ICML_PIECLAM_020425/experiments/../clamiter.py:364:::  staring fit_feats for 13000 iterations


/home/daniel.z/ICML_PIECLAM_020425/experiments/../clamiter.py:637:::  
back and forth 3/7


/home/daniel.z/ICML_PIECLAM_020425/experiments/../clamiter.py:364:::  staring fit_prior for 2000 iterations


/home/daniel.z/ICML_PIECLAM_020425/experiments/../clamiter.py:364:::  staring fit_feats for 13000 iterations


/home/daniel.z/ICML_PIECLAM_020425/experiments/../clamiter.py:637:::  
back and forth 4/7


/home/daniel.z/ICML_PIECLAM_020425/experiments/../clamiter.py:364:::  staring fit_prior for 2000 iterations


/home/daniel.z/ICML_PIECLAM_020425/experiments/../clamiter.py:364:::  staring fit_feats for 13000 iterations


/home/daniel.z/ICML_PIECLAM_020425/experiments/../clamiter.py:637:::  
back and forth 5/7


/home/daniel.z/ICML_PIECLAM_020425/experiments/../clamiter.py:364:::  staring fit_prior for 2000 iterations


/home/daniel.z/ICML_PIECLAM_020425/experiments/../clamiter.py:364:::  staring fit_feats for 13000 iterations


/home/daniel.z/ICML_PIECLAM_020425/experiments/../clamiter.py:637:::  
back and forth 6/7


/home/daniel.z/ICML_PIECLAM_020425/experiments/../clamiter.py:364:::  staring fit_prior for 2000 iterations


/home/daniel.z/ICML_PIECLAM_020425/experiments/../clamiter.py:364:::  staring fit_feats for 13000 iterations


/home/daniel.z/ICML_PIECLAM_020425/experiments/../clamiter.py:637:::  
back and forth 7/7


/home/daniel.z/ICML_PIECLAM_020425/experiments/../clamiter.py:364:::  staring fit_prior for 2000 iterations


/home/daniel.z/ICML_PIECLAM_020425/experiments/../clamiter.py:364:::  staring fit_feats for 13000 iterations


/home/daniel.z/ICML_PIECLAM_020425/experiments/../clamiter.py:704:::  
fit end, no early stopping


/home/daniel.z/ICML_PIECLAM_020425/experiments/../trainer.py:437:::  


FINISHED train 
 last accuracies:
test
key='auc': 0.8534462752378742
val
auc: None


/home/daniel.z/ICML_PIECLAM_020425/experiments/../trainer.py:451:::  





/home/daniel.z/ICML_PIECLAM_020425/experiments/../trainer.py:335:::  
 2025-04-29 00:45:11 starting optimization of pieclam on texas on device cuda

 configs_dict: 
{
    "clamiter_init": {
        "dim_feat": 36,
        "dim_attr": 100,
        "s_reg": 0.0,
        "l1_reg": 1,
        "T": 1,
        "hidden_dim": 64,
        "num_coupling_blocks": 32,
        "num_layers_mlp": 2
    },
    "feat_opt": {
        "lr": 3e-06,
        "n_iter": 13000,
        "early_stop": 0
    },
    "prior_opt": {
        "n_iter": 2000,
        "lr": 5e-06,
        "noise_amp": 0.05,
        "weight_decay": 0.1,
        "early_stop": 0
    },
    "back_forth": {
        "n_back_forth": 7,
        "scheduler_step_size": 3,
        "scheduler_gamma": 0.5,
        "early_stop_fit": 0,
        "first_func_in_fit": "fit_prior"
    }
}


/home/daniel.z/ICML_PIECLAM_020425/experiments/../clamiter.py:577:::  
in fit,
first_func_in_fit='fit_prior'
second_function_name='fit_feats'


/home/daniel.z/ICML_PIECLAM_020425/experiments/../clamiter.py:637:::  
back and forth 1/7


/home/daniel.z/ICML_PIECLAM_020425/experiments/../clamiter.py:364:::  staring fit_prior for 2000 iterations


/home/daniel.z/ICML_PIECLAM_020425/experiments/../clamiter.py:364:::  staring fit_feats for 13000 iterations


/home/daniel.z/ICML_PIECLAM_020425/experiments/../clamiter.py:637:::  
back and forth 2/7


/home/daniel.z/ICML_PIECLAM_020425/experiments/../clamiter.py:364:::  staring fit_prior for 2000 iterations


/home/daniel.z/ICML_PIECLAM_020425/experiments/../clamiter.py:364:::  staring fit_feats for 13000 iterations


/home/daniel.z/ICML_PIECLAM_020425/experiments/../clamiter.py:637:::  
back and forth 3/7


/home/daniel.z/ICML_PIECLAM_020425/experiments/../clamiter.py:364:::  staring fit_prior for 2000 iterations


/home/daniel.z/ICML_PIECLAM_020425/experiments/../clamiter.py:364:::  staring fit_feats for 13000 iterations


/home/daniel.z/ICML_PIECLAM_020425/experiments/../clamiter.py:637:::  
back and forth 4/7


/home/daniel.z/ICML_PIECLAM_020425/experiments/../clamiter.py:364:::  staring fit_prior for 2000 iterations


/home/daniel.z/ICML_PIECLAM_020425/experiments/../clamiter.py:364:::  staring fit_feats for 13000 iterations


/home/daniel.z/ICML_PIECLAM_020425/experiments/../clamiter.py:637:::  
back and forth 5/7


/home/daniel.z/ICML_PIECLAM_020425/experiments/../clamiter.py:364:::  staring fit_prior for 2000 iterations


/home/daniel.z/ICML_PIECLAM_020425/experiments/../clamiter.py:364:::  staring fit_feats for 13000 iterations


/home/daniel.z/ICML_PIECLAM_020425/experiments/../clamiter.py:637:::  
back and forth 6/7


/home/daniel.z/ICML_PIECLAM_020425/experiments/../clamiter.py:364:::  staring fit_prior for 2000 iterations


/home/daniel.z/ICML_PIECLAM_020425/experiments/../clamiter.py:364:::  staring fit_feats for 13000 iterations


/home/daniel.z/ICML_PIECLAM_020425/experiments/../clamiter.py:637:::  
back and forth 7/7


/home/daniel.z/ICML_PIECLAM_020425/experiments/../clamiter.py:364:::  staring fit_prior for 2000 iterations


/home/daniel.z/ICML_PIECLAM_020425/experiments/../clamiter.py:364:::  staring fit_feats for 13000 iterations


/home/daniel.z/ICML_PIECLAM_020425/experiments/../clamiter.py:704:::  
fit end, no early stopping


/home/daniel.z/ICML_PIECLAM_020425/experiments/../trainer.py:437:::  


FINISHED train 
 last accuracies:
test
key='auc': 0.840914365281968
val
auc: None


/home/daniel.z/ICML_PIECLAM_020425/experiments/../trainer.py:451:::  





/home/daniel.z/ICML_PIECLAM_020425/experiments/../trainer.py:335:::  
 2025-04-29 03:45:54 starting optimization of pieclam on texas on device cuda

 configs_dict: 
{
    "clamiter_init": {
        "dim_feat": 36,
        "dim_attr": 100,
        "s_reg": 0.0,
        "l1_reg": 1,
        "T": 1,
        "hidden_dim": 64,
        "num_coupling_blocks": 32,
        "num_layers_mlp": 2
    },
    "feat_opt": {
        "lr": 3e-06,
        "n_iter": 13000,
        "early_stop": 0
    },
    "prior_opt": {
        "n_iter": 2000,
        "lr": 5e-06,
        "noise_amp": 0.05,
        "weight_decay": 0.1,
        "early_stop": 0
    },
    "back_forth": {
        "n_back_forth": 7,
        "scheduler_step_size": 3,
        "scheduler_gamma": 0.5,
        "early_stop_fit": 0,
        "first_func_in_fit": "fit_prior"
    }
}


/home/daniel.z/ICML_PIECLAM_020425/experiments/../clamiter.py:577:::  
in fit,
first_func_in_fit='fit_prior'
second_function_name='fit_feats'


/home/daniel.z/ICML_PIECLAM_020425/experiments/../clamiter.py:637:::  
back and forth 1/7


/home/daniel.z/ICML_PIECLAM_020425/experiments/../clamiter.py:364:::  staring fit_prior for 2000 iterations


/home/daniel.z/ICML_PIECLAM_020425/experiments/../clamiter.py:364:::  staring fit_feats for 13000 iterations


/home/daniel.z/ICML_PIECLAM_020425/experiments/../clamiter.py:637:::  
back and forth 2/7


/home/daniel.z/ICML_PIECLAM_020425/experiments/../clamiter.py:364:::  staring fit_prior for 2000 iterations


/home/daniel.z/ICML_PIECLAM_020425/experiments/../clamiter.py:364:::  staring fit_feats for 13000 iterations


/home/daniel.z/ICML_PIECLAM_020425/experiments/../clamiter.py:637:::  
back and forth 3/7


/home/daniel.z/ICML_PIECLAM_020425/experiments/../clamiter.py:364:::  staring fit_prior for 2000 iterations


/home/daniel.z/ICML_PIECLAM_020425/experiments/../clamiter.py:364:::  staring fit_feats for 13000 iterations


/home/daniel.z/ICML_PIECLAM_020425/experiments/../clamiter.py:637:::  
back and forth 4/7


/home/daniel.z/ICML_PIECLAM_020425/experiments/../clamiter.py:364:::  staring fit_prior for 2000 iterations


/home/daniel.z/ICML_PIECLAM_020425/experiments/../clamiter.py:364:::  staring fit_feats for 13000 iterations


/home/daniel.z/ICML_PIECLAM_020425/experiments/../clamiter.py:637:::  
back and forth 5/7


/home/daniel.z/ICML_PIECLAM_020425/experiments/../clamiter.py:364:::  staring fit_prior for 2000 iterations


/home/daniel.z/ICML_PIECLAM_020425/experiments/../clamiter.py:364:::  staring fit_feats for 13000 iterations


/home/daniel.z/ICML_PIECLAM_020425/experiments/../clamiter.py:637:::  
back and forth 6/7


/home/daniel.z/ICML_PIECLAM_020425/experiments/../clamiter.py:364:::  staring fit_prior for 2000 iterations


/home/daniel.z/ICML_PIECLAM_020425/experiments/../clamiter.py:364:::  staring fit_feats for 13000 iterations


/home/daniel.z/ICML_PIECLAM_020425/experiments/../clamiter.py:637:::  
back and forth 7/7


/home/daniel.z/ICML_PIECLAM_020425/experiments/../clamiter.py:364:::  staring fit_prior for 2000 iterations


/home/daniel.z/ICML_PIECLAM_020425/experiments/../clamiter.py:364:::  staring fit_feats for 13000 iterations


/home/daniel.z/ICML_PIECLAM_020425/experiments/../clamiter.py:704:::  
fit end, no early stopping


/home/daniel.z/ICML_PIECLAM_020425/experiments/../trainer.py:437:::  


FINISHED train 
 last accuracies:
test
key='auc': 0.8320956138315154
val
auc: None


/home/daniel.z/ICML_PIECLAM_020425/experiments/../trainer.py:451:::  





/home/daniel.z/ICML_PIECLAM_020425/experiments/../trainer.py:335:::  
 2025-04-29 06:59:50 starting optimization of pieclam on texas on device cuda

 configs_dict: 
{
    "clamiter_init": {
        "dim_feat": 36,
        "dim_attr": 100,
        "s_reg": 0.0,
        "l1_reg": 1,
        "T": 1,
        "hidden_dim": 64,
        "num_coupling_blocks": 32,
        "num_layers_mlp": 2
    },
    "feat_opt": {
        "lr": 1e-05,
        "n_iter": 13000,
        "early_stop": 0
    },
    "prior_opt": {
        "n_iter": 2000,
        "lr": 5e-06,
        "noise_amp": 0.05,
        "weight_decay": 0.1,
        "early_stop": 0
    },
    "back_forth": {
        "n_back_forth": 7,
        "scheduler_step_size": 3,
        "scheduler_gamma": 0.5,
        "early_stop_fit": 0,
        "first_func_in_fit": "fit_prior"
    }
}


/home/daniel.z/ICML_PIECLAM_020425/experiments/../clamiter.py:577:::  
in fit,
first_func_in_fit='fit_prior'
second_function_name='fit_feats'


/home/daniel.z/ICML_PIECLAM_020425/experiments/../clamiter.py:637:::  
back and forth 1/7


/home/daniel.z/ICML_PIECLAM_020425/experiments/../clamiter.py:364:::  staring fit_prior for 2000 iterations


/home/daniel.z/ICML_PIECLAM_020425/experiments/../clamiter.py:364:::  staring fit_feats for 13000 iterations


/home/daniel.z/ICML_PIECLAM_020425/experiments/../clamiter.py:637:::  
back and forth 2/7


/home/daniel.z/ICML_PIECLAM_020425/experiments/../clamiter.py:364:::  staring fit_prior for 2000 iterations


/home/daniel.z/ICML_PIECLAM_020425/experiments/../clamiter.py:364:::  staring fit_feats for 13000 iterations


/home/daniel.z/ICML_PIECLAM_020425/experiments/../clamiter.py:637:::  
back and forth 3/7


/home/daniel.z/ICML_PIECLAM_020425/experiments/../clamiter.py:364:::  staring fit_prior for 2000 iterations


/home/daniel.z/ICML_PIECLAM_020425/experiments/../clamiter.py:364:::  staring fit_feats for 13000 iterations


/home/daniel.z/ICML_PIECLAM_020425/experiments/../clamiter.py:637:::  
back and forth 4/7


/home/daniel.z/ICML_PIECLAM_020425/experiments/../clamiter.py:364:::  staring fit_prior for 2000 iterations


/home/daniel.z/ICML_PIECLAM_020425/experiments/../clamiter.py:364:::  staring fit_feats for 13000 iterations


/home/daniel.z/ICML_PIECLAM_020425/experiments/../clamiter.py:637:::  
back and forth 5/7


/home/daniel.z/ICML_PIECLAM_020425/experiments/../clamiter.py:364:::  staring fit_prior for 2000 iterations


/home/daniel.z/ICML_PIECLAM_020425/experiments/../clamiter.py:364:::  staring fit_feats for 13000 iterations


/home/daniel.z/ICML_PIECLAM_020425/experiments/../clamiter.py:637:::  
back and forth 6/7


/home/daniel.z/ICML_PIECLAM_020425/experiments/../clamiter.py:364:::  staring fit_prior for 2000 iterations


/home/daniel.z/ICML_PIECLAM_020425/experiments/../clamiter.py:364:::  staring fit_feats for 13000 iterations


/home/daniel.z/ICML_PIECLAM_020425/experiments/../clamiter.py:637:::  
back and forth 7/7


/home/daniel.z/ICML_PIECLAM_020425/experiments/../clamiter.py:364:::  staring fit_prior for 2000 iterations


/home/daniel.z/ICML_PIECLAM_020425/experiments/../clamiter.py:364:::  staring fit_feats for 13000 iterations


/home/daniel.z/ICML_PIECLAM_020425/experiments/../clamiter.py:704:::  
fit end, no early stopping


/home/daniel.z/ICML_PIECLAM_020425/experiments/../trainer.py:437:::  


FINISHED train 
 last accuracies:
test
key='auc': 0.8599443026224182
val
auc: None


/home/daniel.z/ICML_PIECLAM_020425/experiments/../trainer.py:451:::  





/home/daniel.z/ICML_PIECLAM_020425/experiments/../trainer.py:335:::  
 2025-04-29 12:22:17 starting optimization of pieclam on texas on device cuda

 configs_dict: 
{
    "clamiter_init": {
        "dim_feat": 36,
        "dim_attr": 100,
        "s_reg": 0.0,
        "l1_reg": 1,
        "T": 1,
        "hidden_dim": 64,
        "num_coupling_blocks": 32,
        "num_layers_mlp": 2
    },
    "feat_opt": {
        "lr": 1e-05,
        "n_iter": 13000,
        "early_stop": 0
    },
    "prior_opt": {
        "n_iter": 2000,
        "lr": 5e-06,
        "noise_amp": 0.05,
        "weight_decay": 0.1,
        "early_stop": 0
    },
    "back_forth": {
        "n_back_forth": 7,
        "scheduler_step_size": 3,
        "scheduler_gamma": 0.5,
        "early_stop_fit": 0,
        "first_func_in_fit": "fit_prior"
    }
}


/home/daniel.z/ICML_PIECLAM_020425/experiments/../clamiter.py:577:::  
in fit,
first_func_in_fit='fit_prior'
second_function_name='fit_feats'


/home/daniel.z/ICML_PIECLAM_020425/experiments/../clamiter.py:637:::  
back and forth 1/7


/home/daniel.z/ICML_PIECLAM_020425/experiments/../clamiter.py:364:::  staring fit_prior for 2000 iterations


/home/daniel.z/ICML_PIECLAM_020425/experiments/../clamiter.py:364:::  staring fit_feats for 13000 iterations


/home/daniel.z/ICML_PIECLAM_020425/experiments/../clamiter.py:637:::  
back and forth 2/7


/home/daniel.z/ICML_PIECLAM_020425/experiments/../clamiter.py:364:::  staring fit_prior for 2000 iterations


/home/daniel.z/ICML_PIECLAM_020425/experiments/../clamiter.py:364:::  staring fit_feats for 13000 iterations


/home/daniel.z/ICML_PIECLAM_020425/experiments/../clamiter.py:637:::  
back and forth 3/7


/home/daniel.z/ICML_PIECLAM_020425/experiments/../clamiter.py:364:::  staring fit_prior for 2000 iterations


/home/daniel.z/ICML_PIECLAM_020425/experiments/../clamiter.py:364:::  staring fit_feats for 13000 iterations


/home/daniel.z/ICML_PIECLAM_020425/experiments/../clamiter.py:637:::  
back and forth 4/7


/home/daniel.z/ICML_PIECLAM_020425/experiments/../clamiter.py:364:::  staring fit_prior for 2000 iterations


/home/daniel.z/ICML_PIECLAM_020425/experiments/../clamiter.py:364:::  staring fit_feats for 13000 iterations


/home/daniel.z/ICML_PIECLAM_020425/experiments/../clamiter.py:637:::  
back and forth 5/7


/home/daniel.z/ICML_PIECLAM_020425/experiments/../clamiter.py:364:::  staring fit_prior for 2000 iterations


/home/daniel.z/ICML_PIECLAM_020425/experiments/../clamiter.py:364:::  staring fit_feats for 13000 iterations


/home/daniel.z/ICML_PIECLAM_020425/experiments/../clamiter.py:637:::  
back and forth 6/7


/home/daniel.z/ICML_PIECLAM_020425/experiments/../clamiter.py:364:::  staring fit_prior for 2000 iterations


/home/daniel.z/ICML_PIECLAM_020425/experiments/../clamiter.py:364:::  staring fit_feats for 13000 iterations


/home/daniel.z/ICML_PIECLAM_020425/experiments/../clamiter.py:637:::  
back and forth 7/7


/home/daniel.z/ICML_PIECLAM_020425/experiments/../clamiter.py:364:::  staring fit_prior for 2000 iterations


/home/daniel.z/ICML_PIECLAM_020425/experiments/../clamiter.py:364:::  staring fit_feats for 13000 iterations


/home/daniel.z/ICML_PIECLAM_020425/experiments/../clamiter.py:704:::  
fit end, no early stopping


/home/daniel.z/ICML_PIECLAM_020425/experiments/../trainer.py:437:::  


FINISHED train 
 last accuracies:
test
key='auc': 0.8602924112323045
val
auc: None


/home/daniel.z/ICML_PIECLAM_020425/experiments/../trainer.py:451:::  





/home/daniel.z/ICML_PIECLAM_020425/experiments/../trainer.py:335:::  
 2025-04-29 15:43:17 starting optimization of pieclam on texas on device cuda

 configs_dict: 
{
    "clamiter_init": {
        "dim_feat": 36,
        "dim_attr": 100,
        "s_reg": 0.0,
        "l1_reg": 1,
        "T": 1,
        "hidden_dim": 64,
        "num_coupling_blocks": 32,
        "num_layers_mlp": 2
    },
    "feat_opt": {
        "lr": 1e-05,
        "n_iter": 13000,
        "early_stop": 0
    },
    "prior_opt": {
        "n_iter": 2000,
        "lr": 5e-06,
        "noise_amp": 0.05,
        "weight_decay": 0.1,
        "early_stop": 0
    },
    "back_forth": {
        "n_back_forth": 7,
        "scheduler_step_size": 3,
        "scheduler_gamma": 0.5,
        "early_stop_fit": 0,
        "first_func_in_fit": "fit_prior"
    }
}


/home/daniel.z/ICML_PIECLAM_020425/experiments/../clamiter.py:577:::  
in fit,
first_func_in_fit='fit_prior'
second_function_name='fit_feats'


/home/daniel.z/ICML_PIECLAM_020425/experiments/../clamiter.py:637:::  
back and forth 1/7


/home/daniel.z/ICML_PIECLAM_020425/experiments/../clamiter.py:364:::  staring fit_prior for 2000 iterations


/home/daniel.z/ICML_PIECLAM_020425/experiments/../clamiter.py:364:::  staring fit_feats for 13000 iterations


/home/daniel.z/ICML_PIECLAM_020425/experiments/../clamiter.py:637:::  
back and forth 2/7


/home/daniel.z/ICML_PIECLAM_020425/experiments/../clamiter.py:364:::  staring fit_prior for 2000 iterations


/home/daniel.z/ICML_PIECLAM_020425/experiments/../clamiter.py:364:::  staring fit_feats for 13000 iterations


/home/daniel.z/ICML_PIECLAM_020425/experiments/../clamiter.py:637:::  
back and forth 3/7


/home/daniel.z/ICML_PIECLAM_020425/experiments/../clamiter.py:364:::  staring fit_prior for 2000 iterations


/home/daniel.z/ICML_PIECLAM_020425/experiments/../clamiter.py:364:::  staring fit_feats for 13000 iterations


/home/daniel.z/ICML_PIECLAM_020425/experiments/../clamiter.py:637:::  
back and forth 4/7


/home/daniel.z/ICML_PIECLAM_020425/experiments/../clamiter.py:364:::  staring fit_prior for 2000 iterations


/home/daniel.z/ICML_PIECLAM_020425/experiments/../clamiter.py:364:::  staring fit_feats for 13000 iterations


/home/daniel.z/ICML_PIECLAM_020425/experiments/../clamiter.py:637:::  
back and forth 5/7


/home/daniel.z/ICML_PIECLAM_020425/experiments/../clamiter.py:364:::  staring fit_prior for 2000 iterations


/home/daniel.z/ICML_PIECLAM_020425/experiments/../clamiter.py:364:::  staring fit_feats for 13000 iterations


/home/daniel.z/ICML_PIECLAM_020425/experiments/../clamiter.py:637:::  
back and forth 6/7


/home/daniel.z/ICML_PIECLAM_020425/experiments/../clamiter.py:364:::  staring fit_prior for 2000 iterations


/home/daniel.z/ICML_PIECLAM_020425/experiments/../clamiter.py:364:::  staring fit_feats for 13000 iterations


/home/daniel.z/ICML_PIECLAM_020425/experiments/../clamiter.py:637:::  
back and forth 7/7


/home/daniel.z/ICML_PIECLAM_020425/experiments/../clamiter.py:364:::  staring fit_prior for 2000 iterations


/home/daniel.z/ICML_PIECLAM_020425/experiments/../clamiter.py:364:::  staring fit_feats for 13000 iterations


/home/daniel.z/ICML_PIECLAM_020425/experiments/../clamiter.py:704:::  
fit end, no early stopping


/home/daniel.z/ICML_PIECLAM_020425/experiments/../trainer.py:437:::  


FINISHED train 
 last accuracies:
test
key='auc': 0.8163146901833371
val
auc: None


/home/daniel.z/ICML_PIECLAM_020425/experiments/../trainer.py:451:::  





/home/daniel.z/ICML_PIECLAM_020425/experiments/../trainer.py:335:::  
 2025-04-29 20:59:07 starting optimization of pieclam on texas on device cuda

 configs_dict: 
{
    "clamiter_init": {
        "dim_feat": 40,
        "dim_attr": 100,
        "s_reg": 0.0,
        "l1_reg": 1,
        "T": 1,
        "hidden_dim": 64,
        "num_coupling_blocks": 32,
        "num_layers_mlp": 2
    },
    "feat_opt": {
        "lr": 3e-06,
        "n_iter": 13000,
        "early_stop": 0
    },
    "prior_opt": {
        "n_iter": 2000,
        "lr": 5e-06,
        "noise_amp": 0.05,
        "weight_decay": 0.1,
        "early_stop": 0
    },
    "back_forth": {
        "n_back_forth": 7,
        "scheduler_step_size": 3,
        "scheduler_gamma": 0.5,
        "early_stop_fit": 0,
        "first_func_in_fit": "fit_prior"
    }
}


/home/daniel.z/ICML_PIECLAM_020425/experiments/../clamiter.py:577:::  
in fit,
first_func_in_fit='fit_prior'
second_function_name='fit_feats'


/home/daniel.z/ICML_PIECLAM_020425/experiments/../clamiter.py:637:::  
back and forth 1/7


/home/daniel.z/ICML_PIECLAM_020425/experiments/../clamiter.py:364:::  staring fit_prior for 2000 iterations


/home/daniel.z/ICML_PIECLAM_020425/experiments/../clamiter.py:364:::  staring fit_feats for 13000 iterations


/home/daniel.z/ICML_PIECLAM_020425/experiments/../clamiter.py:637:::  
back and forth 2/7


/home/daniel.z/ICML_PIECLAM_020425/experiments/../clamiter.py:364:::  staring fit_prior for 2000 iterations


/home/daniel.z/ICML_PIECLAM_020425/experiments/../clamiter.py:364:::  staring fit_feats for 13000 iterations


/home/daniel.z/ICML_PIECLAM_020425/experiments/../clamiter.py:637:::  
back and forth 3/7


/home/daniel.z/ICML_PIECLAM_020425/experiments/../clamiter.py:364:::  staring fit_prior for 2000 iterations


/home/daniel.z/ICML_PIECLAM_020425/experiments/../clamiter.py:364:::  staring fit_feats for 13000 iterations


/home/daniel.z/ICML_PIECLAM_020425/experiments/../clamiter.py:637:::  
back and forth 4/7


/home/daniel.z/ICML_PIECLAM_020425/experiments/../clamiter.py:364:::  staring fit_prior for 2000 iterations


/home/daniel.z/ICML_PIECLAM_020425/experiments/../clamiter.py:364:::  staring fit_feats for 13000 iterations


/home/daniel.z/ICML_PIECLAM_020425/experiments/../clamiter.py:637:::  
back and forth 5/7


/home/daniel.z/ICML_PIECLAM_020425/experiments/../clamiter.py:364:::  staring fit_prior for 2000 iterations


/home/daniel.z/ICML_PIECLAM_020425/experiments/../clamiter.py:364:::  staring fit_feats for 13000 iterations


/home/daniel.z/ICML_PIECLAM_020425/experiments/../clamiter.py:637:::  
back and forth 6/7


/home/daniel.z/ICML_PIECLAM_020425/experiments/../clamiter.py:364:::  staring fit_prior for 2000 iterations


/home/daniel.z/ICML_PIECLAM_020425/experiments/../clamiter.py:364:::  staring fit_feats for 13000 iterations


/home/daniel.z/ICML_PIECLAM_020425/experiments/../clamiter.py:637:::  
back and forth 7/7


/home/daniel.z/ICML_PIECLAM_020425/experiments/../clamiter.py:364:::  staring fit_prior for 2000 iterations


/home/daniel.z/ICML_PIECLAM_020425/experiments/../clamiter.py:364:::  staring fit_feats for 13000 iterations


/home/daniel.z/ICML_PIECLAM_020425/experiments/../clamiter.py:704:::  
fit end, no early stopping


/home/daniel.z/ICML_PIECLAM_020425/experiments/../trainer.py:437:::  


FINISHED train 
 last accuracies:
test
key='auc': 0.7990252958923184
val
auc: None


/home/daniel.z/ICML_PIECLAM_020425/experiments/../trainer.py:451:::  





/home/daniel.z/ICML_PIECLAM_020425/experiments/../trainer.py:335:::  
 2025-04-30 01:56:17 starting optimization of pieclam on texas on device cuda

 configs_dict: 
{
    "clamiter_init": {
        "dim_feat": 40,
        "dim_attr": 100,
        "s_reg": 0.0,
        "l1_reg": 1,
        "T": 1,
        "hidden_dim": 64,
        "num_coupling_blocks": 32,
        "num_layers_mlp": 2
    },
    "feat_opt": {
        "lr": 3e-06,
        "n_iter": 13000,
        "early_stop": 0
    },
    "prior_opt": {
        "n_iter": 2000,
        "lr": 5e-06,
        "noise_amp": 0.05,
        "weight_decay": 0.1,
        "early_stop": 0
    },
    "back_forth": {
        "n_back_forth": 7,
        "scheduler_step_size": 3,
        "scheduler_gamma": 0.5,
        "early_stop_fit": 0,
        "first_func_in_fit": "fit_prior"
    }
}


/home/daniel.z/ICML_PIECLAM_020425/experiments/../clamiter.py:577:::  
in fit,
first_func_in_fit='fit_prior'
second_function_name='fit_feats'


/home/daniel.z/ICML_PIECLAM_020425/experiments/../clamiter.py:637:::  
back and forth 1/7


/home/daniel.z/ICML_PIECLAM_020425/experiments/../clamiter.py:364:::  staring fit_prior for 2000 iterations


/home/daniel.z/ICML_PIECLAM_020425/experiments/../clamiter.py:364:::  staring fit_feats for 13000 iterations


/home/daniel.z/ICML_PIECLAM_020425/experiments/../clamiter.py:637:::  
back and forth 2/7


/home/daniel.z/ICML_PIECLAM_020425/experiments/../clamiter.py:364:::  staring fit_prior for 2000 iterations


/home/daniel.z/ICML_PIECLAM_020425/experiments/../clamiter.py:364:::  staring fit_feats for 13000 iterations


/home/daniel.z/ICML_PIECLAM_020425/experiments/../clamiter.py:637:::  
back and forth 3/7


/home/daniel.z/ICML_PIECLAM_020425/experiments/../clamiter.py:364:::  staring fit_prior for 2000 iterations


/home/daniel.z/ICML_PIECLAM_020425/experiments/../clamiter.py:364:::  staring fit_feats for 13000 iterations


/home/daniel.z/ICML_PIECLAM_020425/experiments/../clamiter.py:637:::  
back and forth 4/7


/home/daniel.z/ICML_PIECLAM_020425/experiments/../clamiter.py:364:::  staring fit_prior for 2000 iterations


/home/daniel.z/ICML_PIECLAM_020425/experiments/../clamiter.py:364:::  staring fit_feats for 13000 iterations


/home/daniel.z/ICML_PIECLAM_020425/experiments/../clamiter.py:637:::  
back and forth 5/7


/home/daniel.z/ICML_PIECLAM_020425/experiments/../clamiter.py:364:::  staring fit_prior for 2000 iterations


/home/daniel.z/ICML_PIECLAM_020425/experiments/../clamiter.py:364:::  staring fit_feats for 13000 iterations


/home/daniel.z/ICML_PIECLAM_020425/experiments/../clamiter.py:637:::  
back and forth 6/7


/home/daniel.z/ICML_PIECLAM_020425/experiments/../clamiter.py:364:::  staring fit_prior for 2000 iterations


/home/daniel.z/ICML_PIECLAM_020425/experiments/../clamiter.py:364:::  staring fit_feats for 13000 iterations


/home/daniel.z/ICML_PIECLAM_020425/experiments/../clamiter.py:637:::  
back and forth 7/7


/home/daniel.z/ICML_PIECLAM_020425/experiments/../clamiter.py:364:::  staring fit_prior for 2000 iterations


/home/daniel.z/ICML_PIECLAM_020425/experiments/../clamiter.py:364:::  staring fit_feats for 13000 iterations


/home/daniel.z/ICML_PIECLAM_020425/experiments/../clamiter.py:704:::  
fit end, no early stopping


/home/daniel.z/ICML_PIECLAM_020425/experiments/../trainer.py:437:::  


FINISHED train 
 last accuracies:
test
key='auc': 0.7656068693432352
val
auc: None


/home/daniel.z/ICML_PIECLAM_020425/experiments/../trainer.py:451:::  





/home/daniel.z/ICML_PIECLAM_020425/experiments/../trainer.py:335:::  
 2025-04-30 06:42:08 starting optimization of pieclam on texas on device cuda

 configs_dict: 
{
    "clamiter_init": {
        "dim_feat": 40,
        "dim_attr": 100,
        "s_reg": 0.0,
        "l1_reg": 1,
        "T": 1,
        "hidden_dim": 64,
        "num_coupling_blocks": 32,
        "num_layers_mlp": 2
    },
    "feat_opt": {
        "lr": 3e-06,
        "n_iter": 13000,
        "early_stop": 0
    },
    "prior_opt": {
        "n_iter": 2000,
        "lr": 5e-06,
        "noise_amp": 0.05,
        "weight_decay": 0.1,
        "early_stop": 0
    },
    "back_forth": {
        "n_back_forth": 7,
        "scheduler_step_size": 3,
        "scheduler_gamma": 0.5,
        "early_stop_fit": 0,
        "first_func_in_fit": "fit_prior"
    }
}


/home/daniel.z/ICML_PIECLAM_020425/experiments/../clamiter.py:577:::  
in fit,
first_func_in_fit='fit_prior'
second_function_name='fit_feats'


/home/daniel.z/ICML_PIECLAM_020425/experiments/../clamiter.py:637:::  
back and forth 1/7


/home/daniel.z/ICML_PIECLAM_020425/experiments/../clamiter.py:364:::  staring fit_prior for 2000 iterations


/home/daniel.z/ICML_PIECLAM_020425/experiments/../clamiter.py:364:::  staring fit_feats for 13000 iterations


/home/daniel.z/ICML_PIECLAM_020425/experiments/../clamiter.py:637:::  
back and forth 2/7


/home/daniel.z/ICML_PIECLAM_020425/experiments/../clamiter.py:364:::  staring fit_prior for 2000 iterations


/home/daniel.z/ICML_PIECLAM_020425/experiments/../clamiter.py:364:::  staring fit_feats for 13000 iterations


/home/daniel.z/ICML_PIECLAM_020425/experiments/../clamiter.py:637:::  
back and forth 3/7


/home/daniel.z/ICML_PIECLAM_020425/experiments/../clamiter.py:364:::  staring fit_prior for 2000 iterations


/home/daniel.z/ICML_PIECLAM_020425/experiments/../clamiter.py:364:::  staring fit_feats for 13000 iterations


/home/daniel.z/ICML_PIECLAM_020425/experiments/../clamiter.py:637:::  
back and forth 4/7


/home/daniel.z/ICML_PIECLAM_020425/experiments/../clamiter.py:364:::  staring fit_prior for 2000 iterations


/home/daniel.z/ICML_PIECLAM_020425/experiments/../clamiter.py:364:::  staring fit_feats for 13000 iterations


/home/daniel.z/ICML_PIECLAM_020425/experiments/../clamiter.py:637:::  
back and forth 5/7


/home/daniel.z/ICML_PIECLAM_020425/experiments/../clamiter.py:364:::  staring fit_prior for 2000 iterations


/home/daniel.z/ICML_PIECLAM_020425/experiments/../clamiter.py:364:::  staring fit_feats for 13000 iterations


/home/daniel.z/ICML_PIECLAM_020425/experiments/../clamiter.py:637:::  
back and forth 6/7


/home/daniel.z/ICML_PIECLAM_020425/experiments/../clamiter.py:364:::  staring fit_prior for 2000 iterations


/home/daniel.z/ICML_PIECLAM_020425/experiments/../clamiter.py:364:::  staring fit_feats for 13000 iterations


/home/daniel.z/ICML_PIECLAM_020425/experiments/../clamiter.py:637:::  
back and forth 7/7


/home/daniel.z/ICML_PIECLAM_020425/experiments/../clamiter.py:364:::  staring fit_prior for 2000 iterations


/home/daniel.z/ICML_PIECLAM_020425/experiments/../clamiter.py:364:::  staring fit_feats for 13000 iterations


/home/daniel.z/ICML_PIECLAM_020425/experiments/../clamiter.py:704:::  
fit end, no early stopping


/home/daniel.z/ICML_PIECLAM_020425/experiments/../trainer.py:437:::  


FINISHED train 
 last accuracies:
test
key='auc': 0.8387096774193548
val
auc: None


/home/daniel.z/ICML_PIECLAM_020425/experiments/../trainer.py:451:::  





/home/daniel.z/ICML_PIECLAM_020425/experiments/../trainer.py:335:::  
 2025-04-30 11:33:33 starting optimization of pieclam on texas on device cuda

 configs_dict: 
{
    "clamiter_init": {
        "dim_feat": 40,
        "dim_attr": 100,
        "s_reg": 0.0,
        "l1_reg": 1,
        "T": 1,
        "hidden_dim": 64,
        "num_coupling_blocks": 32,
        "num_layers_mlp": 2
    },
    "feat_opt": {
        "lr": 1e-05,
        "n_iter": 13000,
        "early_stop": 0
    },
    "prior_opt": {
        "n_iter": 2000,
        "lr": 5e-06,
        "noise_amp": 0.05,
        "weight_decay": 0.1,
        "early_stop": 0
    },
    "back_forth": {
        "n_back_forth": 7,
        "scheduler_step_size": 3,
        "scheduler_gamma": 0.5,
        "early_stop_fit": 0,
        "first_func_in_fit": "fit_prior"
    }
}


/home/daniel.z/ICML_PIECLAM_020425/experiments/../clamiter.py:577:::  
in fit,
first_func_in_fit='fit_prior'
second_function_name='fit_feats'


/home/daniel.z/ICML_PIECLAM_020425/experiments/../clamiter.py:637:::  
back and forth 1/7


/home/daniel.z/ICML_PIECLAM_020425/experiments/../clamiter.py:364:::  staring fit_prior for 2000 iterations


/home/daniel.z/ICML_PIECLAM_020425/experiments/../clamiter.py:364:::  staring fit_feats for 13000 iterations


/home/daniel.z/ICML_PIECLAM_020425/experiments/../clamiter.py:637:::  
back and forth 2/7


/home/daniel.z/ICML_PIECLAM_020425/experiments/../clamiter.py:364:::  staring fit_prior for 2000 iterations


/home/daniel.z/ICML_PIECLAM_020425/experiments/../clamiter.py:364:::  staring fit_feats for 13000 iterations


/home/daniel.z/ICML_PIECLAM_020425/experiments/../clamiter.py:637:::  
back and forth 3/7


/home/daniel.z/ICML_PIECLAM_020425/experiments/../clamiter.py:364:::  staring fit_prior for 2000 iterations


/home/daniel.z/ICML_PIECLAM_020425/experiments/../clamiter.py:364:::  staring fit_feats for 13000 iterations


/home/daniel.z/ICML_PIECLAM_020425/experiments/../clamiter.py:637:::  
back and forth 4/7


/home/daniel.z/ICML_PIECLAM_020425/experiments/../clamiter.py:364:::  staring fit_prior for 2000 iterations


/home/daniel.z/ICML_PIECLAM_020425/experiments/../clamiter.py:364:::  staring fit_feats for 13000 iterations


/home/daniel.z/ICML_PIECLAM_020425/experiments/../clamiter.py:637:::  
back and forth 5/7


/home/daniel.z/ICML_PIECLAM_020425/experiments/../clamiter.py:364:::  staring fit_prior for 2000 iterations


/home/daniel.z/ICML_PIECLAM_020425/experiments/../clamiter.py:364:::  staring fit_feats for 13000 iterations


/home/daniel.z/ICML_PIECLAM_020425/experiments/../clamiter.py:637:::  
back and forth 6/7


/home/daniel.z/ICML_PIECLAM_020425/experiments/../clamiter.py:364:::  staring fit_prior for 2000 iterations


/home/daniel.z/ICML_PIECLAM_020425/experiments/../clamiter.py:364:::  staring fit_feats for 13000 iterations


/home/daniel.z/ICML_PIECLAM_020425/experiments/../clamiter.py:637:::  
back and forth 7/7


/home/daniel.z/ICML_PIECLAM_020425/experiments/../clamiter.py:364:::  staring fit_prior for 2000 iterations


/home/daniel.z/ICML_PIECLAM_020425/experiments/../clamiter.py:364:::  staring fit_feats for 13000 iterations


/home/daniel.z/ICML_PIECLAM_020425/experiments/../clamiter.py:704:::  
fit end, no early stopping


/home/daniel.z/ICML_PIECLAM_020425/experiments/../trainer.py:437:::  


FINISHED train 
 last accuracies:
test
key='auc': 0.8636574611278719
val
auc: None


/home/daniel.z/ICML_PIECLAM_020425/experiments/../trainer.py:451:::  





/home/daniel.z/ICML_PIECLAM_020425/experiments/../trainer.py:335:::  
 2025-04-30 15:45:17 starting optimization of pieclam on texas on device cuda

 configs_dict: 
{
    "clamiter_init": {
        "dim_feat": 40,
        "dim_attr": 100,
        "s_reg": 0.0,
        "l1_reg": 1,
        "T": 1,
        "hidden_dim": 64,
        "num_coupling_blocks": 32,
        "num_layers_mlp": 2
    },
    "feat_opt": {
        "lr": 1e-05,
        "n_iter": 13000,
        "early_stop": 0
    },
    "prior_opt": {
        "n_iter": 2000,
        "lr": 5e-06,
        "noise_amp": 0.05,
        "weight_decay": 0.1,
        "early_stop": 0
    },
    "back_forth": {
        "n_back_forth": 7,
        "scheduler_step_size": 3,
        "scheduler_gamma": 0.5,
        "early_stop_fit": 0,
        "first_func_in_fit": "fit_prior"
    }
}


/home/daniel.z/ICML_PIECLAM_020425/experiments/../clamiter.py:577:::  
in fit,
first_func_in_fit='fit_prior'
second_function_name='fit_feats'


/home/daniel.z/ICML_PIECLAM_020425/experiments/../clamiter.py:637:::  
back and forth 1/7


/home/daniel.z/ICML_PIECLAM_020425/experiments/../clamiter.py:364:::  staring fit_prior for 2000 iterations


/home/daniel.z/ICML_PIECLAM_020425/experiments/../clamiter.py:364:::  staring fit_feats for 13000 iterations


/home/daniel.z/ICML_PIECLAM_020425/experiments/../clamiter.py:637:::  
back and forth 2/7


/home/daniel.z/ICML_PIECLAM_020425/experiments/../clamiter.py:364:::  staring fit_prior for 2000 iterations


/home/daniel.z/ICML_PIECLAM_020425/experiments/../clamiter.py:364:::  staring fit_feats for 13000 iterations


/home/daniel.z/ICML_PIECLAM_020425/experiments/../clamiter.py:637:::  
back and forth 3/7


/home/daniel.z/ICML_PIECLAM_020425/experiments/../clamiter.py:364:::  staring fit_prior for 2000 iterations


/home/daniel.z/ICML_PIECLAM_020425/experiments/../clamiter.py:364:::  staring fit_feats for 13000 iterations


/home/daniel.z/ICML_PIECLAM_020425/experiments/../clamiter.py:637:::  
back and forth 4/7


/home/daniel.z/ICML_PIECLAM_020425/experiments/../clamiter.py:364:::  staring fit_prior for 2000 iterations


/home/daniel.z/ICML_PIECLAM_020425/experiments/../clamiter.py:364:::  staring fit_feats for 13000 iterations


/home/daniel.z/ICML_PIECLAM_020425/experiments/../clamiter.py:637:::  
back and forth 5/7


/home/daniel.z/ICML_PIECLAM_020425/experiments/../clamiter.py:364:::  staring fit_prior for 2000 iterations


/home/daniel.z/ICML_PIECLAM_020425/experiments/../clamiter.py:364:::  staring fit_feats for 13000 iterations


/home/daniel.z/ICML_PIECLAM_020425/experiments/../clamiter.py:637:::  
back and forth 6/7


/home/daniel.z/ICML_PIECLAM_020425/experiments/../clamiter.py:364:::  staring fit_prior for 2000 iterations


/home/daniel.z/ICML_PIECLAM_020425/experiments/../clamiter.py:364:::  staring fit_feats for 13000 iterations


/home/daniel.z/ICML_PIECLAM_020425/experiments/../clamiter.py:637:::  
back and forth 7/7


/home/daniel.z/ICML_PIECLAM_020425/experiments/../clamiter.py:364:::  staring fit_prior for 2000 iterations


/home/daniel.z/ICML_PIECLAM_020425/experiments/../clamiter.py:364:::  staring fit_feats for 13000 iterations


/home/daniel.z/ICML_PIECLAM_020425/experiments/../clamiter.py:704:::  
fit end, no early stopping


/home/daniel.z/ICML_PIECLAM_020425/experiments/../trainer.py:437:::  


FINISHED train 
 last accuracies:
test
key='auc': 0.8375493153864004
val
auc: None


/home/daniel.z/ICML_PIECLAM_020425/experiments/../trainer.py:451:::  





/home/daniel.z/ICML_PIECLAM_020425/experiments/../trainer.py:335:::  
 2025-04-30 19:20:38 starting optimization of pieclam on texas on device cuda

 configs_dict: 
{
    "clamiter_init": {
        "dim_feat": 40,
        "dim_attr": 100,
        "s_reg": 0.0,
        "l1_reg": 1,
        "T": 1,
        "hidden_dim": 64,
        "num_coupling_blocks": 32,
        "num_layers_mlp": 2
    },
    "feat_opt": {
        "lr": 1e-05,
        "n_iter": 13000,
        "early_stop": 0
    },
    "prior_opt": {
        "n_iter": 2000,
        "lr": 5e-06,
        "noise_amp": 0.05,
        "weight_decay": 0.1,
        "early_stop": 0
    },
    "back_forth": {
        "n_back_forth": 7,
        "scheduler_step_size": 3,
        "scheduler_gamma": 0.5,
        "early_stop_fit": 0,
        "first_func_in_fit": "fit_prior"
    }
}


/home/daniel.z/ICML_PIECLAM_020425/experiments/../clamiter.py:577:::  
in fit,
first_func_in_fit='fit_prior'
second_function_name='fit_feats'


/home/daniel.z/ICML_PIECLAM_020425/experiments/../clamiter.py:637:::  
back and forth 1/7


/home/daniel.z/ICML_PIECLAM_020425/experiments/../clamiter.py:364:::  staring fit_prior for 2000 iterations


/home/daniel.z/ICML_PIECLAM_020425/experiments/../clamiter.py:364:::  staring fit_feats for 13000 iterations


/home/daniel.z/ICML_PIECLAM_020425/experiments/../clamiter.py:637:::  
back and forth 2/7


/home/daniel.z/ICML_PIECLAM_020425/experiments/../clamiter.py:364:::  staring fit_prior for 2000 iterations


/home/daniel.z/ICML_PIECLAM_020425/experiments/../clamiter.py:364:::  staring fit_feats for 13000 iterations


/home/daniel.z/ICML_PIECLAM_020425/experiments/../clamiter.py:637:::  
back and forth 3/7


/home/daniel.z/ICML_PIECLAM_020425/experiments/../clamiter.py:364:::  staring fit_prior for 2000 iterations


/home/daniel.z/ICML_PIECLAM_020425/experiments/../clamiter.py:364:::  staring fit_feats for 13000 iterations


/home/daniel.z/ICML_PIECLAM_020425/experiments/../clamiter.py:637:::  
back and forth 4/7


/home/daniel.z/ICML_PIECLAM_020425/experiments/../clamiter.py:364:::  staring fit_prior for 2000 iterations


/home/daniel.z/ICML_PIECLAM_020425/experiments/../clamiter.py:364:::  staring fit_feats for 13000 iterations


/home/daniel.z/ICML_PIECLAM_020425/experiments/../clamiter.py:637:::  
back and forth 5/7


/home/daniel.z/ICML_PIECLAM_020425/experiments/../clamiter.py:364:::  staring fit_prior for 2000 iterations


/home/daniel.z/ICML_PIECLAM_020425/experiments/../clamiter.py:364:::  staring fit_feats for 13000 iterations


/home/daniel.z/ICML_PIECLAM_020425/experiments/../clamiter.py:637:::  
back and forth 6/7


/home/daniel.z/ICML_PIECLAM_020425/experiments/../clamiter.py:364:::  staring fit_prior for 2000 iterations


/home/daniel.z/ICML_PIECLAM_020425/experiments/../clamiter.py:364:::  staring fit_feats for 13000 iterations


/home/daniel.z/ICML_PIECLAM_020425/experiments/../clamiter.py:637:::  
back and forth 7/7


/home/daniel.z/ICML_PIECLAM_020425/experiments/../clamiter.py:364:::  staring fit_prior for 2000 iterations


/home/daniel.z/ICML_PIECLAM_020425/experiments/../clamiter.py:364:::  staring fit_feats for 13000 iterations


/home/daniel.z/ICML_PIECLAM_020425/experiments/../clamiter.py:704:::  
fit end, no early stopping


/home/daniel.z/ICML_PIECLAM_020425/experiments/../trainer.py:437:::  


FINISHED train 
 last accuracies:
test
key='auc': 0.842538872128104
val
auc: None


/home/daniel.z/ICML_PIECLAM_020425/experiments/../trainer.py:451:::  





/home/daniel.z/ICML_PIECLAM_020425/experiments/../trainer.py:335:::  
 2025-04-30 22:53:12 starting optimization of pieclam on texas on device cuda

 configs_dict: 
{
    "clamiter_init": {
        "dim_feat": 46,
        "dim_attr": 100,
        "s_reg": 0.0,
        "l1_reg": 1,
        "T": 1,
        "hidden_dim": 64,
        "num_coupling_blocks": 32,
        "num_layers_mlp": 2
    },
    "feat_opt": {
        "lr": 3e-06,
        "n_iter": 13000,
        "early_stop": 0
    },
    "prior_opt": {
        "n_iter": 2000,
        "lr": 5e-06,
        "noise_amp": 0.05,
        "weight_decay": 0.1,
        "early_stop": 0
    },
    "back_forth": {
        "n_back_forth": 7,
        "scheduler_step_size": 3,
        "scheduler_gamma": 0.5,
        "early_stop_fit": 0,
        "first_func_in_fit": "fit_prior"
    }
}


/home/daniel.z/ICML_PIECLAM_020425/experiments/../clamiter.py:577:::  
in fit,
first_func_in_fit='fit_prior'
second_function_name='fit_feats'


/home/daniel.z/ICML_PIECLAM_020425/experiments/../clamiter.py:637:::  
back and forth 1/7


/home/daniel.z/ICML_PIECLAM_020425/experiments/../clamiter.py:364:::  staring fit_prior for 2000 iterations


/home/daniel.z/ICML_PIECLAM_020425/experiments/../clamiter.py:364:::  staring fit_feats for 13000 iterations


/home/daniel.z/ICML_PIECLAM_020425/experiments/../clamiter.py:637:::  
back and forth 2/7


/home/daniel.z/ICML_PIECLAM_020425/experiments/../clamiter.py:364:::  staring fit_prior for 2000 iterations


/home/daniel.z/ICML_PIECLAM_020425/experiments/../clamiter.py:364:::  staring fit_feats for 13000 iterations


/home/daniel.z/ICML_PIECLAM_020425/experiments/../clamiter.py:637:::  
back and forth 3/7


/home/daniel.z/ICML_PIECLAM_020425/experiments/../clamiter.py:364:::  staring fit_prior for 2000 iterations


/home/daniel.z/ICML_PIECLAM_020425/experiments/../clamiter.py:364:::  staring fit_feats for 13000 iterations


/home/daniel.z/ICML_PIECLAM_020425/experiments/../clamiter.py:637:::  
back and forth 4/7


/home/daniel.z/ICML_PIECLAM_020425/experiments/../clamiter.py:364:::  staring fit_prior for 2000 iterations


/home/daniel.z/ICML_PIECLAM_020425/experiments/../clamiter.py:364:::  staring fit_feats for 13000 iterations


/home/daniel.z/ICML_PIECLAM_020425/experiments/../clamiter.py:637:::  
back and forth 5/7


/home/daniel.z/ICML_PIECLAM_020425/experiments/../clamiter.py:364:::  staring fit_prior for 2000 iterations


/home/daniel.z/ICML_PIECLAM_020425/experiments/../clamiter.py:364:::  staring fit_feats for 13000 iterations


/home/daniel.z/ICML_PIECLAM_020425/experiments/../clamiter.py:637:::  
back and forth 6/7


/home/daniel.z/ICML_PIECLAM_020425/experiments/../clamiter.py:364:::  staring fit_prior for 2000 iterations


/home/daniel.z/ICML_PIECLAM_020425/experiments/../clamiter.py:364:::  staring fit_feats for 13000 iterations


/home/daniel.z/ICML_PIECLAM_020425/experiments/../clamiter.py:637:::  
back and forth 7/7


/home/daniel.z/ICML_PIECLAM_020425/experiments/../clamiter.py:364:::  staring fit_prior for 2000 iterations


/home/daniel.z/ICML_PIECLAM_020425/experiments/../clamiter.py:364:::  staring fit_feats for 13000 iterations


/home/daniel.z/ICML_PIECLAM_020425/experiments/../clamiter.py:704:::  
fit end, no early stopping


/home/daniel.z/ICML_PIECLAM_020425/experiments/../trainer.py:437:::  


FINISHED train 
 last accuracies:
test
key='auc': 0.7999535855186819
val
auc: None


/home/daniel.z/ICML_PIECLAM_020425/experiments/../trainer.py:451:::  





/home/daniel.z/ICML_PIECLAM_020425/experiments/../trainer.py:335:::  
 2025-05-01 04:19:11 starting optimization of pieclam on texas on device cuda

 configs_dict: 
{
    "clamiter_init": {
        "dim_feat": 46,
        "dim_attr": 100,
        "s_reg": 0.0,
        "l1_reg": 1,
        "T": 1,
        "hidden_dim": 64,
        "num_coupling_blocks": 32,
        "num_layers_mlp": 2
    },
    "feat_opt": {
        "lr": 3e-06,
        "n_iter": 13000,
        "early_stop": 0
    },
    "prior_opt": {
        "n_iter": 2000,
        "lr": 5e-06,
        "noise_amp": 0.05,
        "weight_decay": 0.1,
        "early_stop": 0
    },
    "back_forth": {
        "n_back_forth": 7,
        "scheduler_step_size": 3,
        "scheduler_gamma": 0.5,
        "early_stop_fit": 0,
        "first_func_in_fit": "fit_prior"
    }
}


/home/daniel.z/ICML_PIECLAM_020425/experiments/../clamiter.py:577:::  
in fit,
first_func_in_fit='fit_prior'
second_function_name='fit_feats'


/home/daniel.z/ICML_PIECLAM_020425/experiments/../clamiter.py:637:::  
back and forth 1/7


/home/daniel.z/ICML_PIECLAM_020425/experiments/../clamiter.py:364:::  staring fit_prior for 2000 iterations


/home/daniel.z/ICML_PIECLAM_020425/experiments/../clamiter.py:364:::  staring fit_feats for 13000 iterations


/home/daniel.z/ICML_PIECLAM_020425/experiments/../clamiter.py:637:::  
back and forth 2/7


/home/daniel.z/ICML_PIECLAM_020425/experiments/../clamiter.py:364:::  staring fit_prior for 2000 iterations


/home/daniel.z/ICML_PIECLAM_020425/experiments/../clamiter.py:364:::  staring fit_feats for 13000 iterations


/home/daniel.z/ICML_PIECLAM_020425/experiments/../clamiter.py:637:::  
back and forth 3/7


/home/daniel.z/ICML_PIECLAM_020425/experiments/../clamiter.py:364:::  staring fit_prior for 2000 iterations


/home/daniel.z/ICML_PIECLAM_020425/experiments/../clamiter.py:364:::  staring fit_feats for 13000 iterations


/home/daniel.z/ICML_PIECLAM_020425/experiments/../clamiter.py:637:::  
back and forth 4/7


/home/daniel.z/ICML_PIECLAM_020425/experiments/../clamiter.py:364:::  staring fit_prior for 2000 iterations


/home/daniel.z/ICML_PIECLAM_020425/experiments/../clamiter.py:364:::  staring fit_feats for 13000 iterations


/home/daniel.z/ICML_PIECLAM_020425/experiments/../clamiter.py:637:::  
back and forth 5/7


/home/daniel.z/ICML_PIECLAM_020425/experiments/../clamiter.py:364:::  staring fit_prior for 2000 iterations


/home/daniel.z/ICML_PIECLAM_020425/experiments/../clamiter.py:364:::  staring fit_feats for 13000 iterations


/home/daniel.z/ICML_PIECLAM_020425/experiments/../clamiter.py:637:::  
back and forth 6/7


/home/daniel.z/ICML_PIECLAM_020425/experiments/../clamiter.py:364:::  staring fit_prior for 2000 iterations


/home/daniel.z/ICML_PIECLAM_020425/experiments/../clamiter.py:364:::  staring fit_feats for 13000 iterations


/home/daniel.z/ICML_PIECLAM_020425/experiments/../clamiter.py:637:::  
back and forth 7/7


/home/daniel.z/ICML_PIECLAM_020425/experiments/../clamiter.py:364:::  staring fit_prior for 2000 iterations


/home/daniel.z/ICML_PIECLAM_020425/experiments/../clamiter.py:364:::  staring fit_feats for 13000 iterations


/home/daniel.z/ICML_PIECLAM_020425/experiments/../clamiter.py:704:::  
fit end, no early stopping


/home/daniel.z/ICML_PIECLAM_020425/experiments/../trainer.py:437:::  


FINISHED train 
 last accuracies:
test
key='auc': 0.7982130424692504
val
auc: None


/home/daniel.z/ICML_PIECLAM_020425/experiments/../trainer.py:451:::  





/home/daniel.z/ICML_PIECLAM_020425/experiments/../trainer.py:335:::  
 2025-05-01 09:42:58 starting optimization of pieclam on texas on device cuda

 configs_dict: 
{
    "clamiter_init": {
        "dim_feat": 46,
        "dim_attr": 100,
        "s_reg": 0.0,
        "l1_reg": 1,
        "T": 1,
        "hidden_dim": 64,
        "num_coupling_blocks": 32,
        "num_layers_mlp": 2
    },
    "feat_opt": {
        "lr": 3e-06,
        "n_iter": 13000,
        "early_stop": 0
    },
    "prior_opt": {
        "n_iter": 2000,
        "lr": 5e-06,
        "noise_amp": 0.05,
        "weight_decay": 0.1,
        "early_stop": 0
    },
    "back_forth": {
        "n_back_forth": 7,
        "scheduler_step_size": 3,
        "scheduler_gamma": 0.5,
        "early_stop_fit": 0,
        "first_func_in_fit": "fit_prior"
    }
}


/home/daniel.z/ICML_PIECLAM_020425/experiments/../clamiter.py:577:::  
in fit,
first_func_in_fit='fit_prior'
second_function_name='fit_feats'


/home/daniel.z/ICML_PIECLAM_020425/experiments/../clamiter.py:637:::  
back and forth 1/7


/home/daniel.z/ICML_PIECLAM_020425/experiments/../clamiter.py:364:::  staring fit_prior for 2000 iterations


/home/daniel.z/ICML_PIECLAM_020425/experiments/../clamiter.py:364:::  staring fit_feats for 13000 iterations


/home/daniel.z/ICML_PIECLAM_020425/experiments/../clamiter.py:637:::  
back and forth 2/7


/home/daniel.z/ICML_PIECLAM_020425/experiments/../clamiter.py:364:::  staring fit_prior for 2000 iterations


/home/daniel.z/ICML_PIECLAM_020425/experiments/../clamiter.py:364:::  staring fit_feats for 13000 iterations


/home/daniel.z/ICML_PIECLAM_020425/experiments/../clamiter.py:637:::  
back and forth 3/7


/home/daniel.z/ICML_PIECLAM_020425/experiments/../clamiter.py:364:::  staring fit_prior for 2000 iterations


/home/daniel.z/ICML_PIECLAM_020425/experiments/../clamiter.py:364:::  staring fit_feats for 13000 iterations


/home/daniel.z/ICML_PIECLAM_020425/experiments/../clamiter.py:637:::  
back and forth 4/7


/home/daniel.z/ICML_PIECLAM_020425/experiments/../clamiter.py:364:::  staring fit_prior for 2000 iterations


/home/daniel.z/ICML_PIECLAM_020425/experiments/../clamiter.py:364:::  staring fit_feats for 13000 iterations


/home/daniel.z/ICML_PIECLAM_020425/experiments/../clamiter.py:637:::  
back and forth 5/7


/home/daniel.z/ICML_PIECLAM_020425/experiments/../clamiter.py:364:::  staring fit_prior for 2000 iterations


/home/daniel.z/ICML_PIECLAM_020425/experiments/../clamiter.py:364:::  staring fit_feats for 13000 iterations


/home/daniel.z/ICML_PIECLAM_020425/experiments/../clamiter.py:637:::  
back and forth 6/7


/home/daniel.z/ICML_PIECLAM_020425/experiments/../clamiter.py:364:::  staring fit_prior for 2000 iterations


/home/daniel.z/ICML_PIECLAM_020425/experiments/../clamiter.py:364:::  staring fit_feats for 13000 iterations


/home/daniel.z/ICML_PIECLAM_020425/experiments/../clamiter.py:637:::  
back and forth 7/7


/home/daniel.z/ICML_PIECLAM_020425/experiments/../clamiter.py:364:::  staring fit_prior for 2000 iterations


/home/daniel.z/ICML_PIECLAM_020425/experiments/../clamiter.py:364:::  staring fit_feats for 13000 iterations


/home/daniel.z/ICML_PIECLAM_020425/experiments/../clamiter.py:704:::  
fit end, no early stopping


/home/daniel.z/ICML_PIECLAM_020425/experiments/../trainer.py:437:::  


FINISHED train 
 last accuracies:
test
key='auc': 0.8074959387328846
val
auc: None


/home/daniel.z/ICML_PIECLAM_020425/experiments/../trainer.py:451:::  





/home/daniel.z/ICML_PIECLAM_020425/experiments/../trainer.py:335:::  
 2025-05-01 15:09:55 starting optimization of pieclam on texas on device cuda

 configs_dict: 
{
    "clamiter_init": {
        "dim_feat": 46,
        "dim_attr": 100,
        "s_reg": 0.0,
        "l1_reg": 1,
        "T": 1,
        "hidden_dim": 64,
        "num_coupling_blocks": 32,
        "num_layers_mlp": 2
    },
    "feat_opt": {
        "lr": 1e-05,
        "n_iter": 13000,
        "early_stop": 0
    },
    "prior_opt": {
        "n_iter": 2000,
        "lr": 5e-06,
        "noise_amp": 0.05,
        "weight_decay": 0.1,
        "early_stop": 0
    },
    "back_forth": {
        "n_back_forth": 7,
        "scheduler_step_size": 3,
        "scheduler_gamma": 0.5,
        "early_stop_fit": 0,
        "first_func_in_fit": "fit_prior"
    }
}


/home/daniel.z/ICML_PIECLAM_020425/experiments/../clamiter.py:577:::  
in fit,
first_func_in_fit='fit_prior'
second_function_name='fit_feats'


/home/daniel.z/ICML_PIECLAM_020425/experiments/../clamiter.py:637:::  
back and forth 1/7


/home/daniel.z/ICML_PIECLAM_020425/experiments/../clamiter.py:364:::  staring fit_prior for 2000 iterations


/home/daniel.z/ICML_PIECLAM_020425/experiments/../clamiter.py:364:::  staring fit_feats for 13000 iterations


/home/daniel.z/ICML_PIECLAM_020425/experiments/../clamiter.py:637:::  
back and forth 2/7


/home/daniel.z/ICML_PIECLAM_020425/experiments/../clamiter.py:364:::  staring fit_prior for 2000 iterations


/home/daniel.z/ICML_PIECLAM_020425/experiments/../clamiter.py:364:::  staring fit_feats for 13000 iterations


/home/daniel.z/ICML_PIECLAM_020425/experiments/../clamiter.py:637:::  
back and forth 3/7


/home/daniel.z/ICML_PIECLAM_020425/experiments/../clamiter.py:364:::  staring fit_prior for 2000 iterations


/home/daniel.z/ICML_PIECLAM_020425/experiments/../clamiter.py:364:::  staring fit_feats for 13000 iterations


/home/daniel.z/ICML_PIECLAM_020425/experiments/../clamiter.py:637:::  
back and forth 4/7


/home/daniel.z/ICML_PIECLAM_020425/experiments/../clamiter.py:364:::  staring fit_prior for 2000 iterations


/home/daniel.z/ICML_PIECLAM_020425/experiments/../clamiter.py:364:::  staring fit_feats for 13000 iterations


/home/daniel.z/ICML_PIECLAM_020425/experiments/../clamiter.py:637:::  
back and forth 5/7


/home/daniel.z/ICML_PIECLAM_020425/experiments/../clamiter.py:364:::  staring fit_prior for 2000 iterations


/home/daniel.z/ICML_PIECLAM_020425/experiments/../clamiter.py:364:::  staring fit_feats for 13000 iterations


/home/daniel.z/ICML_PIECLAM_020425/experiments/../clamiter.py:637:::  
back and forth 6/7


/home/daniel.z/ICML_PIECLAM_020425/experiments/../clamiter.py:364:::  staring fit_prior for 2000 iterations


/home/daniel.z/ICML_PIECLAM_020425/experiments/../clamiter.py:364:::  staring fit_feats for 13000 iterations


/home/daniel.z/ICML_PIECLAM_020425/experiments/../clamiter.py:637:::  
back and forth 7/7


/home/daniel.z/ICML_PIECLAM_020425/experiments/../clamiter.py:364:::  staring fit_prior for 2000 iterations


/home/daniel.z/ICML_PIECLAM_020425/experiments/../clamiter.py:364:::  staring fit_feats for 13000 iterations


/home/daniel.z/ICML_PIECLAM_020425/experiments/../clamiter.py:704:::  
fit end, no early stopping


/home/daniel.z/ICML_PIECLAM_020425/experiments/../trainer.py:437:::  


FINISHED train 
 last accuracies:
test
key='auc': 0.852053840798329
val
auc: None


/home/daniel.z/ICML_PIECLAM_020425/experiments/../trainer.py:451:::  





/home/daniel.z/ICML_PIECLAM_020425/experiments/../trainer.py:335:::  
 2025-05-01 20:03:07 starting optimization of pieclam on texas on device cuda

 configs_dict: 
{
    "clamiter_init": {
        "dim_feat": 46,
        "dim_attr": 100,
        "s_reg": 0.0,
        "l1_reg": 1,
        "T": 1,
        "hidden_dim": 64,
        "num_coupling_blocks": 32,
        "num_layers_mlp": 2
    },
    "feat_opt": {
        "lr": 1e-05,
        "n_iter": 13000,
        "early_stop": 0
    },
    "prior_opt": {
        "n_iter": 2000,
        "lr": 5e-06,
        "noise_amp": 0.05,
        "weight_decay": 0.1,
        "early_stop": 0
    },
    "back_forth": {
        "n_back_forth": 7,
        "scheduler_step_size": 3,
        "scheduler_gamma": 0.5,
        "early_stop_fit": 0,
        "first_func_in_fit": "fit_prior"
    }
}


/home/daniel.z/ICML_PIECLAM_020425/experiments/../clamiter.py:577:::  
in fit,
first_func_in_fit='fit_prior'
second_function_name='fit_feats'


/home/daniel.z/ICML_PIECLAM_020425/experiments/../clamiter.py:637:::  
back and forth 1/7


/home/daniel.z/ICML_PIECLAM_020425/experiments/../clamiter.py:364:::  staring fit_prior for 2000 iterations


/home/daniel.z/ICML_PIECLAM_020425/experiments/../clamiter.py:364:::  staring fit_feats for 13000 iterations


/home/daniel.z/ICML_PIECLAM_020425/experiments/../clamiter.py:637:::  
back and forth 2/7


/home/daniel.z/ICML_PIECLAM_020425/experiments/../clamiter.py:364:::  staring fit_prior for 2000 iterations


/home/daniel.z/ICML_PIECLAM_020425/experiments/../clamiter.py:364:::  staring fit_feats for 13000 iterations


/home/daniel.z/ICML_PIECLAM_020425/experiments/../clamiter.py:637:::  
back and forth 3/7


/home/daniel.z/ICML_PIECLAM_020425/experiments/../clamiter.py:364:::  staring fit_prior for 2000 iterations


/home/daniel.z/ICML_PIECLAM_020425/experiments/../clamiter.py:364:::  staring fit_feats for 13000 iterations


/home/daniel.z/ICML_PIECLAM_020425/experiments/../clamiter.py:637:::  
back and forth 4/7


/home/daniel.z/ICML_PIECLAM_020425/experiments/../clamiter.py:364:::  staring fit_prior for 2000 iterations


/home/daniel.z/ICML_PIECLAM_020425/experiments/../clamiter.py:364:::  staring fit_feats for 13000 iterations


/home/daniel.z/ICML_PIECLAM_020425/experiments/../clamiter.py:637:::  
back and forth 5/7


/home/daniel.z/ICML_PIECLAM_020425/experiments/../clamiter.py:364:::  staring fit_prior for 2000 iterations


/home/daniel.z/ICML_PIECLAM_020425/experiments/../clamiter.py:364:::  staring fit_feats for 13000 iterations


/home/daniel.z/ICML_PIECLAM_020425/experiments/../clamiter.py:637:::  
back and forth 6/7


/home/daniel.z/ICML_PIECLAM_020425/experiments/../clamiter.py:364:::  staring fit_prior for 2000 iterations


/home/daniel.z/ICML_PIECLAM_020425/experiments/../clamiter.py:364:::  staring fit_feats for 13000 iterations


/home/daniel.z/ICML_PIECLAM_020425/experiments/../clamiter.py:637:::  
back and forth 7/7


/home/daniel.z/ICML_PIECLAM_020425/experiments/../clamiter.py:364:::  staring fit_prior for 2000 iterations


/home/daniel.z/ICML_PIECLAM_020425/experiments/../clamiter.py:364:::  staring fit_feats for 13000 iterations
