

/home/daniel.z/ICML_PIECLAM_020425/experiments/scripts/link_prediction/hypers_search/hypers_search.py:94:::  Using device: cuda


/home/daniel.z/ICML_PIECLAM_020425/experiments/../trainer.py:335:::  
 2025-05-02 00:10:39 starting optimization of pieclam on texas on device cuda

 configs_dict: 
{
    "clamiter_init": {
        "dim_feat": 22,
        "dim_attr": 100,
        "s_reg": 0.0,
        "l1_reg": 1,
        "T": 1,
        "hidden_dim": 64,
        "num_coupling_blocks": 32,
        "num_layers_mlp": 2
    },
    "feat_opt": {
        "lr": 4e-06,
        "n_iter": 2000,
        "early_stop": 0
    },
    "prior_opt": {
        "n_iter": 2000,
        "lr": 5e-06,
        "noise_amp": 0.05,
        "weight_decay": 0.1,
        "early_stop": 0
    },
    "back_forth": {
        "n_back_forth": 7,
        "scheduler_step_size": 3,
        "scheduler_gamma": 0.5,
        "early_stop_fit": 0,
        "first_func_in_fit": "fit_prior"
    }
}


/home/daniel.z/ICML_PIECLAM_020425/experiments/../clamiter.py:577:::  
in fit,
first_func_in_fit='fit_prior'
second_function_name='fit_feats'


/home/daniel.z/ICML_PIECLAM_020425/experiments/../clamiter.py:637:::  
back and forth 1/7


/home/daniel.z/ICML_PIECLAM_020425/experiments/../clamiter.py:364:::  staring fit_prior for 2000 iterations


/home/daniel.z/ICML_PIECLAM_020425/experiments/../clamiter.py:364:::  staring fit_feats for 2000 iterations


/home/daniel.z/ICML_PIECLAM_020425/experiments/../clamiter.py:637:::  
back and forth 2/7


/home/daniel.z/ICML_PIECLAM_020425/experiments/../clamiter.py:364:::  staring fit_prior for 2000 iterations


/home/daniel.z/ICML_PIECLAM_020425/experiments/../clamiter.py:364:::  staring fit_feats for 2000 iterations


/home/daniel.z/ICML_PIECLAM_020425/experiments/../clamiter.py:637:::  
back and forth 3/7


/home/daniel.z/ICML_PIECLAM_020425/experiments/../clamiter.py:364:::  staring fit_prior for 2000 iterations


/home/daniel.z/ICML_PIECLAM_020425/experiments/../clamiter.py:364:::  staring fit_feats for 2000 iterations


/home/daniel.z/ICML_PIECLAM_020425/experiments/../clamiter.py:637:::  
back and forth 4/7


/home/daniel.z/ICML_PIECLAM_020425/experiments/../clamiter.py:364:::  staring fit_prior for 2000 iterations


/home/daniel.z/ICML_PIECLAM_020425/experiments/../clamiter.py:364:::  staring fit_feats for 2000 iterations


/home/daniel.z/ICML_PIECLAM_020425/experiments/../clamiter.py:637:::  
back and forth 5/7


/home/daniel.z/ICML_PIECLAM_020425/experiments/../clamiter.py:364:::  staring fit_prior for 2000 iterations


/home/daniel.z/ICML_PIECLAM_020425/experiments/../clamiter.py:364:::  staring fit_feats for 2000 iterations


/home/daniel.z/ICML_PIECLAM_020425/experiments/../clamiter.py:637:::  
back and forth 6/7


/home/daniel.z/ICML_PIECLAM_020425/experiments/../clamiter.py:364:::  staring fit_prior for 2000 iterations


/home/daniel.z/ICML_PIECLAM_020425/experiments/../clamiter.py:364:::  staring fit_feats for 2000 iterations


/home/daniel.z/ICML_PIECLAM_020425/experiments/../clamiter.py:637:::  
back and forth 7/7


/home/daniel.z/ICML_PIECLAM_020425/experiments/../clamiter.py:364:::  staring fit_prior for 2000 iterations


/home/daniel.z/ICML_PIECLAM_020425/experiments/../clamiter.py:364:::  staring fit_feats for 2000 iterations


/home/daniel.z/ICML_PIECLAM_020425/experiments/../clamiter.py:704:::  
fit end, no early stopping


/home/daniel.z/ICML_PIECLAM_020425/experiments/../trainer.py:437:::  


FINISHED train 
 last accuracies:
test
key='auc': 0.8457023854600529
val
auc: None


/home/daniel.z/ICML_PIECLAM_020425/experiments/../trainer.py:451:::  





/home/daniel.z/ICML_PIECLAM_020425/experiments/../trainer.py:335:::  
 2025-05-02 01:11:09 starting optimization of pieclam on texas on device cuda

 configs_dict: 
{
    "clamiter_init": {
        "dim_feat": 22,
        "dim_attr": 100,
        "s_reg": 0.0,
        "l1_reg": 1,
        "T": 1,
        "hidden_dim": 64,
        "num_coupling_blocks": 32,
        "num_layers_mlp": 2
    },
    "feat_opt": {
        "lr": 4e-06,
        "n_iter": 2000,
        "early_stop": 0
    },
    "prior_opt": {
        "n_iter": 2000,
        "lr": 5e-06,
        "noise_amp": 0.05,
        "weight_decay": 0.1,
        "early_stop": 0
    },
    "back_forth": {
        "n_back_forth": 7,
        "scheduler_step_size": 3,
        "scheduler_gamma": 0.5,
        "early_stop_fit": 0,
        "first_func_in_fit": "fit_prior"
    }
}


/home/daniel.z/ICML_PIECLAM_020425/experiments/../clamiter.py:577:::  
in fit,
first_func_in_fit='fit_prior'
second_function_name='fit_feats'


/home/daniel.z/ICML_PIECLAM_020425/experiments/../clamiter.py:637:::  
back and forth 1/7


/home/daniel.z/ICML_PIECLAM_020425/experiments/../clamiter.py:364:::  staring fit_prior for 2000 iterations


/home/daniel.z/ICML_PIECLAM_020425/experiments/../clamiter.py:364:::  staring fit_feats for 2000 iterations


/home/daniel.z/ICML_PIECLAM_020425/experiments/../clamiter.py:637:::  
back and forth 2/7


/home/daniel.z/ICML_PIECLAM_020425/experiments/../clamiter.py:364:::  staring fit_prior for 2000 iterations


/home/daniel.z/ICML_PIECLAM_020425/experiments/../clamiter.py:364:::  staring fit_feats for 2000 iterations


/home/daniel.z/ICML_PIECLAM_020425/experiments/../clamiter.py:637:::  
back and forth 3/7


/home/daniel.z/ICML_PIECLAM_020425/experiments/../clamiter.py:364:::  staring fit_prior for 2000 iterations


/home/daniel.z/ICML_PIECLAM_020425/experiments/../clamiter.py:364:::  staring fit_feats for 2000 iterations


/home/daniel.z/ICML_PIECLAM_020425/experiments/../clamiter.py:637:::  
back and forth 4/7


/home/daniel.z/ICML_PIECLAM_020425/experiments/../clamiter.py:364:::  staring fit_prior for 2000 iterations


/home/daniel.z/ICML_PIECLAM_020425/experiments/../clamiter.py:364:::  staring fit_feats for 2000 iterations


/home/daniel.z/ICML_PIECLAM_020425/experiments/../clamiter.py:637:::  
back and forth 5/7


/home/daniel.z/ICML_PIECLAM_020425/experiments/../clamiter.py:364:::  staring fit_prior for 2000 iterations


/home/daniel.z/ICML_PIECLAM_020425/experiments/../clamiter.py:364:::  staring fit_feats for 2000 iterations


/home/daniel.z/ICML_PIECLAM_020425/experiments/../clamiter.py:637:::  
back and forth 6/7


/home/daniel.z/ICML_PIECLAM_020425/experiments/../clamiter.py:364:::  staring fit_prior for 2000 iterations


/home/daniel.z/ICML_PIECLAM_020425/experiments/../clamiter.py:364:::  staring fit_feats for 2000 iterations


/home/daniel.z/ICML_PIECLAM_020425/experiments/../clamiter.py:637:::  
back and forth 7/7


/home/daniel.z/ICML_PIECLAM_020425/experiments/../clamiter.py:364:::  staring fit_prior for 2000 iterations


/home/daniel.z/ICML_PIECLAM_020425/experiments/../clamiter.py:364:::  staring fit_feats for 2000 iterations


/home/daniel.z/ICML_PIECLAM_020425/experiments/../clamiter.py:704:::  
fit end, no early stopping


/home/daniel.z/ICML_PIECLAM_020425/experiments/../trainer.py:437:::  


FINISHED train 
 last accuracies:
test
key='auc': 0.8188186293070806
val
auc: None


/home/daniel.z/ICML_PIECLAM_020425/experiments/../trainer.py:451:::  





/home/daniel.z/ICML_PIECLAM_020425/experiments/../trainer.py:335:::  
 2025-05-02 02:16:27 starting optimization of pieclam on texas on device cuda

 configs_dict: 
{
    "clamiter_init": {
        "dim_feat": 22,
        "dim_attr": 100,
        "s_reg": 0.0,
        "l1_reg": 1,
        "T": 1,
        "hidden_dim": 64,
        "num_coupling_blocks": 32,
        "num_layers_mlp": 2
    },
    "feat_opt": {
        "lr": 4e-06,
        "n_iter": 2000,
        "early_stop": 0
    },
    "prior_opt": {
        "n_iter": 2000,
        "lr": 5e-06,
        "noise_amp": 0.05,
        "weight_decay": 0.1,
        "early_stop": 0
    },
    "back_forth": {
        "n_back_forth": 7,
        "scheduler_step_size": 3,
        "scheduler_gamma": 0.5,
        "early_stop_fit": 0,
        "first_func_in_fit": "fit_prior"
    }
}


/home/daniel.z/ICML_PIECLAM_020425/experiments/../clamiter.py:577:::  
in fit,
first_func_in_fit='fit_prior'
second_function_name='fit_feats'


/home/daniel.z/ICML_PIECLAM_020425/experiments/../clamiter.py:637:::  
back and forth 1/7


/home/daniel.z/ICML_PIECLAM_020425/experiments/../clamiter.py:364:::  staring fit_prior for 2000 iterations


/home/daniel.z/ICML_PIECLAM_020425/experiments/../clamiter.py:364:::  staring fit_feats for 2000 iterations


/home/daniel.z/ICML_PIECLAM_020425/experiments/../clamiter.py:637:::  
back and forth 2/7


/home/daniel.z/ICML_PIECLAM_020425/experiments/../clamiter.py:364:::  staring fit_prior for 2000 iterations


/home/daniel.z/ICML_PIECLAM_020425/experiments/../clamiter.py:364:::  staring fit_feats for 2000 iterations


/home/daniel.z/ICML_PIECLAM_020425/experiments/../clamiter.py:637:::  
back and forth 3/7


/home/daniel.z/ICML_PIECLAM_020425/experiments/../clamiter.py:364:::  staring fit_prior for 2000 iterations


/home/daniel.z/ICML_PIECLAM_020425/experiments/../clamiter.py:364:::  staring fit_feats for 2000 iterations


/home/daniel.z/ICML_PIECLAM_020425/experiments/../clamiter.py:637:::  
back and forth 4/7


/home/daniel.z/ICML_PIECLAM_020425/experiments/../clamiter.py:364:::  staring fit_prior for 2000 iterations


/home/daniel.z/ICML_PIECLAM_020425/experiments/../clamiter.py:364:::  staring fit_feats for 2000 iterations


/home/daniel.z/ICML_PIECLAM_020425/experiments/../clamiter.py:637:::  
back and forth 5/7


/home/daniel.z/ICML_PIECLAM_020425/experiments/../clamiter.py:364:::  staring fit_prior for 2000 iterations


/home/daniel.z/ICML_PIECLAM_020425/experiments/../clamiter.py:364:::  staring fit_feats for 2000 iterations


/home/daniel.z/ICML_PIECLAM_020425/experiments/../clamiter.py:637:::  
back and forth 6/7


/home/daniel.z/ICML_PIECLAM_020425/experiments/../clamiter.py:364:::  staring fit_prior for 2000 iterations


/home/daniel.z/ICML_PIECLAM_020425/experiments/../clamiter.py:364:::  staring fit_feats for 2000 iterations


/home/daniel.z/ICML_PIECLAM_020425/experiments/../clamiter.py:637:::  
back and forth 7/7


/home/daniel.z/ICML_PIECLAM_020425/experiments/../clamiter.py:364:::  staring fit_prior for 2000 iterations


/home/daniel.z/ICML_PIECLAM_020425/experiments/../clamiter.py:364:::  staring fit_feats for 2000 iterations


/home/daniel.z/ICML_PIECLAM_020425/experiments/../clamiter.py:704:::  
fit end, no early stopping


/home/daniel.z/ICML_PIECLAM_020425/experiments/../trainer.py:437:::  


FINISHED train 
 last accuracies:
test
key='auc': 0.7921241953805377
val
auc: None


/home/daniel.z/ICML_PIECLAM_020425/experiments/../trainer.py:451:::  





/home/daniel.z/ICML_PIECLAM_020425/experiments/optimization_utils.py:525:::  

Finished CrossVal!


