This is pdfTeX, Version 3.141592653-2.6-1.40.24 (TeX Live 2022) (preloaded format=pdflatex 2023.2.16)  1 OCT 2025 14:26
entering extended mode
 restricted \write18 enabled.
 file:line:error style messages enabled.
 %&-line parsing enabled.
**/Users/danielzilberg/Documents/Learned_Graphon/ICML_PieClam_020425/LaTeX/pieclam_icml_paper/main.tex
(/Users/danielzilberg/Documents/Learned_Graphon/ICML_PieClam_020425/LaTeX/pieclam_icml_paper/main.tex
LaTeX2e <2021-11-15> patch level 1
L3 programming layer <2022-02-24> (/usr/local/texlive/2022/texmf-dist/tex/latex/base/article.cls
Document Class: article 2021/10/04 v1.4n Standard LaTeX document class
(/usr/local/texlive/2022/texmf-dist/tex/latex/base/size10.clo
File: size10.clo 2021/10/04 v1.4n Standard LaTeX file (size option)
)
\c@part=\count185
\c@section=\count186
\c@subsection=\count187
\c@subsubsection=\count188
\c@paragraph=\count189
\c@subparagraph=\count190
\c@figure=\count191
\c@table=\count192
\abovecaptionskip=\skip47
\belowcaptionskip=\skip48
\bibindent=\dimen138
) (/usr/local/texlive/2022/texmf-dist/tex/latex/microtype/microtype.sty
Package: microtype 2022/03/14 v3.0d Micro-typographical refinements (RS)
 (/usr/local/texlive/2022/texmf-dist/tex/latex/graphics/keyval.sty
Package: keyval 2014/10/28 v1.15 key=value parser (DPC)
\KV@toks@=\toks16
) (/usr/local/texlive/2022/texmf-dist/tex/latex/etoolbox/etoolbox.sty
Package: etoolbox 2020/10/05 v2.5k e-TeX tools for LaTeX (JAW)
\etb@tempcnta=\count193
)
\MT@toks=\toks17
\MT@tempbox=\box50
\MT@count=\count194
LaTeX Info: Redefining \noprotrusionifhmode on input line 1027.
LaTeX Info: Redefining \leftprotrusion on input line 1028.
LaTeX Info: Redefining \rightprotrusion on input line 1036.
LaTeX Info: Redefining \textls on input line 1195.
\MT@outer@kern=\dimen139
LaTeX Info: Redefining \textmicrotypecontext on input line 1781.
\MT@listname@count=\count195
 (/usr/local/texlive/2022/texmf-dist/tex/latex/microtype/microtype-pdftex.def
File: microtype-pdftex.def 2022/03/14 v3.0d Definitions specific to pdftex (RS)
LaTeX Info: Redefining \lsstyle on input line 900.
LaTeX Info: Redefining \lslig on input line 900.
\MT@outer@space=\skip49
)
Package microtype Info: Loading configuration file microtype.cfg.
 (/usr/local/texlive/2022/texmf-dist/tex/latex/microtype/microtype.cfg
File: microtype.cfg 2022/03/14 v3.0d microtype main configuration file (RS)
)) (/usr/local/texlive/2022/texmf-dist/tex/latex/graphics/graphicx.sty
Package: graphicx 2021/09/16 v1.2d Enhanced LaTeX Graphics (DPC,SPQR)
 (/usr/local/texlive/2022/texmf-dist/tex/latex/graphics/graphics.sty
Package: graphics 2021/03/04 v1.4d Standard LaTeX Graphics (DPC,SPQR)
 (/usr/local/texlive/2022/texmf-dist/tex/latex/graphics/trig.sty
Package: trig 2021/08/11 v1.11 sin cos tan (DPC)
) (/usr/local/texlive/2022/texmf-dist/tex/latex/graphics-cfg/graphics.cfg
File: graphics.cfg 2016/06/04 v1.11 sample graphics configuration
)
Package graphics Info: Driver file: pdftex.def on input line 107.
 (/usr/local/texlive/2022/texmf-dist/tex/latex/graphics-def/pdftex.def
File: pdftex.def 2020/10/05 v1.2a Graphics/color driver for pdftex
))
\Gin@req@height=\dimen140
\Gin@req@width=\dimen141
) (/usr/local/texlive/2022/texmf-dist/tex/latex/subfigure/subfigure.sty
Package: subfigure 2002/03/15 v2.1.5 subfigure package
\subfigtopskip=\skip50
\subfigcapskip=\skip51
\subfigcaptopadj=\dimen142
\subfigbottomskip=\skip52
\subfigcapmargin=\dimen143
\subfiglabelskip=\skip53
\c@subfigure=\count196
\c@lofdepth=\count197
\c@subtable=\count198
\c@lotdepth=\count199

****************************************
* Local config file subfigure.cfg used *
****************************************
(/usr/local/texlive/2022/texmf-dist/tex/latex/subfigure/subfigure.cfg)
\subfig@top=\skip54
\subfig@bottom=\skip55
) (/usr/local/texlive/2022/texmf-dist/tex/latex/booktabs/booktabs.sty
Package: booktabs 2020/01/12 v1.61803398 Publication quality tables
\heavyrulewidth=\dimen144
\lightrulewidth=\dimen145
\cmidrulewidth=\dimen146
\belowrulesep=\dimen147
\belowbottomsep=\dimen148
\aboverulesep=\dimen149
\abovetopsep=\dimen150
\cmidrulesep=\dimen151
\cmidrulekern=\dimen152
\defaultaddspace=\dimen153
\@cmidla=\count266
\@cmidlb=\count267
\@aboverulesep=\dimen154
\@belowrulesep=\dimen155
\@thisruleclass=\count268
\@lastruleclass=\count269
\@thisrulewidth=\dimen156
) (/usr/local/texlive/2022/texmf-dist/tex/latex/hyperref/hyperref.sty
Package: hyperref 2022-02-21 v7.00n Hypertext links for LaTeX
 (/usr/local/texlive/2022/texmf-dist/tex/generic/ltxcmds/ltxcmds.sty
Package: ltxcmds 2020-05-10 v1.25 LaTeX kernel commands for general use (HO)
) (/usr/local/texlive/2022/texmf-dist/tex/generic/iftex/iftex.sty
Package: iftex 2022/02/03 v1.0f TeX engine tests
) (/usr/local/texlive/2022/texmf-dist/tex/generic/pdftexcmds/pdftexcmds.sty
Package: pdftexcmds 2020-06-27 v0.33 Utility functions of pdfTeX for LuaTeX (HO)
 (/usr/local/texlive/2022/texmf-dist/tex/generic/infwarerr/infwarerr.sty
Package: infwarerr 2019/12/03 v1.5 Providing info/warning/error messages (HO)
)
Package pdftexcmds Info: \pdf@primitive is available.
Package pdftexcmds Info: \pdf@ifprimitive is available.
Package pdftexcmds Info: \pdfdraftmode found.
) (/usr/local/texlive/2022/texmf-dist/tex/generic/kvsetkeys/kvsetkeys.sty
Package: kvsetkeys 2019/12/15 v1.18 Key value parser (HO)
) (/usr/local/texlive/2022/texmf-dist/tex/generic/kvdefinekeys/kvdefinekeys.sty
Package: kvdefinekeys 2019-12-19 v1.6 Define keys (HO)
) (/usr/local/texlive/2022/texmf-dist/tex/generic/pdfescape/pdfescape.sty
Package: pdfescape 2019/12/09 v1.15 Implements pdfTeX's escape features (HO)
) (/usr/local/texlive/2022/texmf-dist/tex/latex/hycolor/hycolor.sty
Package: hycolor 2020-01-27 v1.10 Color options for hyperref/bookmark (HO)
) (/usr/local/texlive/2022/texmf-dist/tex/latex/letltxmacro/letltxmacro.sty
Package: letltxmacro 2019/12/03 v1.6 Let assignment for LaTeX macros (HO)
) (/usr/local/texlive/2022/texmf-dist/tex/latex/auxhook/auxhook.sty
Package: auxhook 2019-12-17 v1.6 Hooks for auxiliary files (HO)
) (/usr/local/texlive/2022/texmf-dist/tex/latex/kvoptions/kvoptions.sty
Package: kvoptions 2020-10-07 v3.14 Key value format for package options (HO)
)
\@linkdim=\dimen157
\Hy@linkcounter=\count270
\Hy@pagecounter=\count271
 (/usr/local/texlive/2022/texmf-dist/tex/latex/hyperref/pd1enc.def
File: pd1enc.def 2022-02-21 v7.00n Hyperref: PDFDocEncoding definition (HO)
Now handling font encoding PD1 ...
... no UTF-8 mapping file for font encoding PD1
) (/usr/local/texlive/2022/texmf-dist/tex/generic/intcalc/intcalc.sty
Package: intcalc 2019/12/15 v1.3 Expandable calculations with integers (HO)
) (/usr/local/texlive/2022/texmf-dist/tex/generic/etexcmds/etexcmds.sty
Package: etexcmds 2019/12/15 v1.7 Avoid name clashes with e-TeX commands (HO)
)
\Hy@SavedSpaceFactor=\count272
 (/usr/local/texlive/2022/texmf-dist/tex/latex/hyperref/puenc.def
File: puenc.def 2022-02-21 v7.00n Hyperref: PDF Unicode definition (HO)
Now handling font encoding PU ...
... no UTF-8 mapping file for font encoding PU
)
Package hyperref Info: Hyper figures OFF on input line 4137.
Package hyperref Info: Link nesting OFF on input line 4142.
Package hyperref Info: Hyper index ON on input line 4145.
Package hyperref Info: Plain pages OFF on input line 4152.
Package hyperref Info: Backreferencing OFF on input line 4157.
Package hyperref Info: Implicit mode ON; LaTeX internals redefined.
Package hyperref Info: Bookmarks ON on input line 4390.
\c@Hy@tempcnt=\count273
 (/usr/local/texlive/2022/texmf-dist/tex/latex/url/url.sty
\Urlmuskip=\muskip16
Package: url 2013/09/16  ver 3.4  Verb mode for urls, etc.
)
LaTeX Info: Redefining \url on input line 4749.
\XeTeXLinkMargin=\dimen158
 (/usr/local/texlive/2022/texmf-dist/tex/generic/bitset/bitset.sty
Package: bitset 2019/12/09 v1.3 Handle bit-vector datatype (HO)
 (/usr/local/texlive/2022/texmf-dist/tex/generic/bigintcalc/bigintcalc.sty
Package: bigintcalc 2019/12/15 v1.5 Expandable calculations on big integers (HO)
))
\Fld@menulength=\count274
\Field@Width=\dimen159
\Fld@charsize=\dimen160
Package hyperref Info: Hyper figures OFF on input line 6027.
Package hyperref Info: Link nesting OFF on input line 6032.
Package hyperref Info: Hyper index ON on input line 6035.
Package hyperref Info: backreferencing OFF on input line 6042.
Package hyperref Info: Link coloring OFF on input line 6047.
Package hyperref Info: Link coloring with OCG OFF on input line 6052.
Package hyperref Info: PDF/A mode OFF on input line 6057.
LaTeX Info: Redefining \ref on input line 6097.
LaTeX Info: Redefining \pageref on input line 6101.
 (/usr/local/texlive/2022/texmf-dist/tex/latex/base/atbegshi-ltx.sty
Package: atbegshi-ltx 2021/01/10 v1.0c Emulation of the original atbegshi
package with kernel methods
)
\Hy@abspage=\count275
\c@Item=\count276
\c@Hfootnote=\count277
)
Package hyperref Info: Driver (autodetected): hpdftex.
 (/usr/local/texlive/2022/texmf-dist/tex/latex/hyperref/hpdftex.def
File: hpdftex.def 2022-02-21 v7.00n Hyperref driver for pdfTeX
 (/usr/local/texlive/2022/texmf-dist/tex/latex/base/atveryend-ltx.sty
Package: atveryend-ltx 2020/08/19 v1.0a Emulation of the original atveryend package
with kernel methods
)
\Fld@listcount=\count278
\c@bookmark@seq@number=\count279
 (/usr/local/texlive/2022/texmf-dist/tex/latex/rerunfilecheck/rerunfilecheck.sty
Package: rerunfilecheck 2019/12/05 v1.9 Rerun checks for auxiliary files (HO)
 (/usr/local/texlive/2022/texmf-dist/tex/generic/uniquecounter/uniquecounter.sty
Package: uniquecounter 2019/12/15 v1.4 Provide unlimited unique counter (HO)
)
Package uniquecounter Info: New unique counter `rerunfilecheck' on input line 286.
)
\Hy@SectionHShift=\skip56
) (./icml2025.sty
Package: icml2025 2023/11/23 v2.0 ICML Conference Style File
 (/usr/local/texlive/2022/texmf-dist/tex/latex/psnfss/times.sty
Package: times 2020/03/25 PSNFSS-v9.3 (SPQR) 
) (./fancyhdr.sty
\fancy@headwidth=\skip57
\f@ncyO@elh=\skip58
\f@ncyO@erh=\skip59
\f@ncyO@olh=\skip60
\f@ncyO@orh=\skip61
\f@ncyO@elf=\skip62
\f@ncyO@erf=\skip63
\f@ncyO@olf=\skip64
\f@ncyO@orf=\skip65
) (/usr/local/texlive/2022/texmf-dist/tex/latex/xcolor/xcolor.sty
Package: xcolor 2021/10/31 v2.13 LaTeX color extensions (UK)
 (/usr/local/texlive/2022/texmf-dist/tex/latex/graphics-cfg/color.cfg
File: color.cfg 2016/01/02 v1.6 sample color configuration
)
Package xcolor Info: Driver file: pdftex.def on input line 227.
Package xcolor Info: Model `cmy' substituted by `cmy0' on input line 1352.
Package xcolor Info: Model `hsb' substituted by `rgb' on input line 1356.
Package xcolor Info: Model `RGB' extended on input line 1368.
Package xcolor Info: Model `HTML' substituted by `rgb' on input line 1370.
Package xcolor Info: Model `Hsb' substituted by `hsb' on input line 1371.
Package xcolor Info: Model `tHsb' substituted by `hsb' on input line 1372.
Package xcolor Info: Model `HSB' substituted by `hsb' on input line 1373.
Package xcolor Info: Model `Gray' substituted by `gray' on input line 1374.
Package xcolor Info: Model `wave' substituted by `hsb' on input line 1375.
) (./algorithm.sty
Package: algorithm 

Document Style `algorithm' - floating environment
(/usr/local/texlive/2022/texmf-dist/tex/latex/float/float.sty
Package: float 2001/11/08 v1.3d Float enhancements (AL)
\c@float@type=\count280
\float@exts=\toks18
\float@box=\box51
\@float@everytoks=\toks19
\@floatcapt=\box52
) (/usr/local/texlive/2022/texmf-dist/tex/latex/base/ifthen.sty
Package: ifthen 2020/11/24 v1.1c Standard LaTeX ifthen package (DPC)
)
\@float@every@algorithm=\toks20
\c@algorithm=\count281
) (./algorithmic.sty
Package: algorithmic 

Document Style `algorithmic' - environment
(/usr/local/texlive/2022/texmf-dist/tex/latex/tools/calc.sty
Package: calc 2017/05/25 v4.3 Infix arithmetic (KKT,FJ)
\calc@Acount=\count282
\calc@Bcount=\count283
\calc@Adimen=\dimen161
\calc@Bdimen=\dimen162
\calc@Askip=\skip66
\calc@Bskip=\skip67
LaTeX Info: Redefining \setlength on input line 80.
LaTeX Info: Redefining \addtolength on input line 81.
\calc@Ccount=\count284
\calc@Cskip=\skip68
)
\c@ALC@line=\count285
\c@ALC@rem=\count286
\ALC@tlm=\skip69
) (/usr/local/texlive/2022/texmf-dist/tex/latex/natbib/natbib.sty
Package: natbib 2010/09/13 8.31b (PWD, AO)
\bibhang=\skip70
\bibsep=\skip71
LaTeX Info: Redefining \cite on input line 694.
\c@NAT@ctr=\count287
) (/usr/local/texlive/2022/texmf-dist/tex/latex/eso-pic/eso-pic.sty
Package: eso-pic 2020/10/14 v3.0a eso-pic (RN)
\ESO@tempdima=\dimen163
\ESO@tempdimb=\dimen164
) (/usr/local/texlive/2022/texmf-dist/tex/latex/forloop/forloop.sty
Package: forloop 2006/09/18 v3.0 For Loops for LaTeX
)
Package hyperref Info: Option `colorlinks' set `true' on input line 153.
\titrun=\box53
\c@@affiliationcounter=\count288
\c@@affilnum=\count289
\newcaptionbox=\box54
\newcaptionboxwid=\dimen165
\icmlrulerbox=\box55
\icmlrulercount=\count290
\icmlruleroffset=\dimen166
\cv@lineheight=\dimen167
\cv@boxheight=\dimen168
\cv@tmpbox=\box56
\cv@refno=\count291
\cv@tot=\count292
\cv@tmpc@=\count293
\cv@tmpc=\count294
) (/usr/local/texlive/2022/texmf-dist/tex/latex/amsmath/amsmath.sty
Package: amsmath 2021/10/15 v2.17l AMS math features
\@mathmargin=\skip72

For additional information on amsmath, use the `?' option.
(/usr/local/texlive/2022/texmf-dist/tex/latex/amsmath/amstext.sty
Package: amstext 2021/08/26 v2.01 AMS text
 (/usr/local/texlive/2022/texmf-dist/tex/latex/amsmath/amsgen.sty
File: amsgen.sty 1999/11/30 v2.0 generic functions
\@emptytoks=\toks21
\ex@=\dimen169
)) (/usr/local/texlive/2022/texmf-dist/tex/latex/amsmath/amsbsy.sty
Package: amsbsy 1999/11/29 v1.2d Bold Symbols
\pmbraise@=\dimen170
) (/usr/local/texlive/2022/texmf-dist/tex/latex/amsmath/amsopn.sty
Package: amsopn 2021/08/26 v2.02 operator names
)
\inf@bad=\count295
LaTeX Info: Redefining \frac on input line 234.
\uproot@=\count296
\leftroot@=\count297
LaTeX Info: Redefining \overline on input line 399.
\classnum@=\count298
\DOTSCASE@=\count299
LaTeX Info: Redefining \ldots on input line 496.
LaTeX Info: Redefining \dots on input line 499.
LaTeX Info: Redefining \cdots on input line 620.
\Mathstrutbox@=\box57
\strutbox@=\box58
\big@size=\dimen171
LaTeX Font Info:    Redeclaring font encoding OML on input line 743.
LaTeX Font Info:    Redeclaring font encoding OMS on input line 744.
\macc@depth=\count300
\c@MaxMatrixCols=\count301
\dotsspace@=\muskip17
\c@parentequation=\count302
\dspbrk@lvl=\count303
\tag@help=\toks22
\row@=\count304
\column@=\count305
\maxfields@=\count306
\andhelp@=\toks23
\eqnshift@=\dimen172
\alignsep@=\dimen173
\tagshift@=\dimen174
\tagwidth@=\dimen175
\totwidth@=\dimen176
\lineht@=\dimen177
\@envbody=\toks24
\multlinegap=\skip73
\multlinetaggap=\skip74
\mathdisplay@stack=\toks25
LaTeX Info: Redefining \[ on input line 2938.
LaTeX Info: Redefining \] on input line 2939.
) (/usr/local/texlive/2022/texmf-dist/tex/latex/amsfonts/amssymb.sty
Package: amssymb 2013/01/14 v3.01 AMS font symbols
 (/usr/local/texlive/2022/texmf-dist/tex/latex/amsfonts/amsfonts.sty
Package: amsfonts 2013/01/14 v3.01 Basic AMSFonts support
\symAMSa=\mathgroup4
\symAMSb=\mathgroup5
LaTeX Font Info:    Redeclaring math symbol \hbar on input line 98.
LaTeX Font Info:    Overwriting math alphabet `\mathfrak' in version `bold'
(Font)                  U/euf/m/n --> U/euf/b/n on input line 106.
)) (/usr/local/texlive/2022/texmf-dist/tex/latex/mathtools/mathtools.sty
Package: mathtools 2022/02/07 v1.28a mathematical typesetting tools
 (/usr/local/texlive/2022/texmf-dist/tex/latex/mathtools/mhsetup.sty
Package: mhsetup 2021/03/18 v1.4 programming setup (MH)
)
\g_MT_multlinerow_int=\count307
\l_MT_multwidth_dim=\dimen178
\origjot=\skip75
\l_MT_shortvdotswithinadjustabove_dim=\dimen179
\l_MT_shortvdotswithinadjustbelow_dim=\dimen180
\l_MT_above_intertext_sep=\dimen181
\l_MT_below_intertext_sep=\dimen182
\l_MT_above_shortintertext_sep=\dimen183
\l_MT_below_shortintertext_sep=\dimen184
\xmathstrut@box=\box59
\xmathstrut@dim=\dimen185
) (/usr/local/texlive/2022/texmf-dist/tex/latex/amscls/amsthm.sty
Package: amsthm 2020/05/29 v2.20.6
\thm@style=\toks26
\thm@bodyfont=\toks27
\thm@headfont=\toks28
\thm@notefont=\toks29
\thm@headpunct=\toks30
\thm@preskip=\skip76
\thm@postskip=\skip77
\thm@headsep=\skip78
\dth@everypar=\toks31
) (/usr/local/texlive/2022/texmf-dist/tex/latex/cleveref/cleveref.sty
Package: cleveref 2018/03/27 v0.21.4 Intelligent cross-referencing
Package cleveref Info: `hyperref' support loaded on input line 2370.
LaTeX Info: Redefining \cref on input line 2370.
LaTeX Info: Redefining \Cref on input line 2370.
LaTeX Info: Redefining \crefrange on input line 2370.
LaTeX Info: Redefining \Crefrange on input line 2370.
LaTeX Info: Redefining \cpageref on input line 2370.
LaTeX Info: Redefining \Cpageref on input line 2370.
LaTeX Info: Redefining \cpagerefrange on input line 2370.
LaTeX Info: Redefining \Cpagerefrange on input line 2370.
LaTeX Info: Redefining \labelcref on input line 2370.
LaTeX Info: Redefining \labelcpageref on input line 2370.
Package cleveref Info: `amsthm' support loaded on input line 3026.
Package cleveref Info: always capitalise cross-reference names on input line 7830.
Package cleveref Info: always capitalise cross-reference names on input line 7852.
Package cleveref Info: no abbreviation of names on input line 7852.
)
\c@theorem=\count308
 (/usr/local/texlive/2022/texmf-dist/tex/latex/todonotes/todonotes.sty
Package: todonotes 2021/06/04 v1.1.5 Todonotes source and documentation.
Package: todonotes 2021/06/04
 (/usr/local/texlive/2022/texmf-dist/tex/latex/xkeyval/xkeyval.sty
Package: xkeyval 2020/11/20 v2.8 package option processing (HA)
 (/usr/local/texlive/2022/texmf-dist/tex/generic/xkeyval/xkeyval.tex (/usr/local/texlive/2022/texmf-dist/tex/generic/xkeyval/xkvutils.tex
\XKV@toks=\toks32
\XKV@tempa@toks=\toks33
)
\XKV@depth=\count309
File: xkeyval.tex 2014/12/03 v2.7a key=value parser (HA)
)) (/usr/local/texlive/2022/texmf-dist/tex/latex/pgf/frontendlayer/tikz.sty (/usr/local/texlive/2022/texmf-dist/tex/latex/pgf/basiclayer/pgf.sty (/usr/local/texlive/2022/texmf-dist/tex/latex/pgf/utilities/pgfrcs.sty (/usr/local/texlive/2022/texmf-dist/tex/generic/pgf/utilities/pgfutil-common.tex
\pgfutil@everybye=\toks34
\pgfutil@tempdima=\dimen186
\pgfutil@tempdimb=\dimen187
 (/usr/local/texlive/2022/texmf-dist/tex/generic/pgf/utilities/pgfutil-common-lists.tex)) (/usr/local/texlive/2022/texmf-dist/tex/generic/pgf/utilities/pgfutil-latex.def
\pgfutil@abb=\box60
) (/usr/local/texlive/2022/texmf-dist/tex/generic/pgf/utilities/pgfrcs.code.tex (/usr/local/texlive/2022/texmf-dist/tex/generic/pgf/pgf.revision.tex)
Package: pgfrcs 2021/05/15 v3.1.9a (3.1.9a)
))
Package: pgf 2021/05/15 v3.1.9a (3.1.9a)
 (/usr/local/texlive/2022/texmf-dist/tex/latex/pgf/basiclayer/pgfcore.sty (/usr/local/texlive/2022/texmf-dist/tex/latex/pgf/systemlayer/pgfsys.sty (/usr/local/texlive/2022/texmf-dist/tex/generic/pgf/systemlayer/pgfsys.code.tex
Package: pgfsys 2021/05/15 v3.1.9a (3.1.9a)
 (/usr/local/texlive/2022/texmf-dist/tex/generic/pgf/utilities/pgfkeys.code.tex
\pgfkeys@pathtoks=\toks35
\pgfkeys@temptoks=\toks36
 (/usr/local/texlive/2022/texmf-dist/tex/generic/pgf/utilities/pgfkeysfiltered.code.tex
\pgfkeys@tmptoks=\toks37
))
\pgf@x=\dimen188
\pgf@y=\dimen189
\pgf@xa=\dimen190
\pgf@ya=\dimen191
\pgf@xb=\dimen192
\pgf@yb=\dimen193
\pgf@xc=\dimen194
\pgf@yc=\dimen195
\pgf@xd=\dimen196
\pgf@yd=\dimen197
\w@pgf@writea=\write3
\r@pgf@reada=\read2
\c@pgf@counta=\count310
\c@pgf@countb=\count311
\c@pgf@countc=\count312
\c@pgf@countd=\count313
\t@pgf@toka=\toks38
\t@pgf@tokb=\toks39
\t@pgf@tokc=\toks40
\pgf@sys@id@count=\count314
 (/usr/local/texlive/2022/texmf-dist/tex/generic/pgf/systemlayer/pgf.cfg
File: pgf.cfg 2021/05/15 v3.1.9a (3.1.9a)
)
Driver file for pgf: pgfsys-pdftex.def
 (/usr/local/texlive/2022/texmf-dist/tex/generic/pgf/systemlayer/pgfsys-pdftex.def
File: pgfsys-pdftex.def 2021/05/15 v3.1.9a (3.1.9a)
 (/usr/local/texlive/2022/texmf-dist/tex/generic/pgf/systemlayer/pgfsys-common-pdf.def
File: pgfsys-common-pdf.def 2021/05/15 v3.1.9a (3.1.9a)
))) (/usr/local/texlive/2022/texmf-dist/tex/generic/pgf/systemlayer/pgfsyssoftpath.code.tex
File: pgfsyssoftpath.code.tex 2021/05/15 v3.1.9a (3.1.9a)
\pgfsyssoftpath@smallbuffer@items=\count315
\pgfsyssoftpath@bigbuffer@items=\count316
) (/usr/local/texlive/2022/texmf-dist/tex/generic/pgf/systemlayer/pgfsysprotocol.code.tex
File: pgfsysprotocol.code.tex 2021/05/15 v3.1.9a (3.1.9a)
)) (/usr/local/texlive/2022/texmf-dist/tex/generic/pgf/basiclayer/pgfcore.code.tex
Package: pgfcore 2021/05/15 v3.1.9a (3.1.9a)
 (/usr/local/texlive/2022/texmf-dist/tex/generic/pgf/math/pgfmath.code.tex (/usr/local/texlive/2022/texmf-dist/tex/generic/pgf/math/pgfmathcalc.code.tex (/usr/local/texlive/2022/texmf-dist/tex/generic/pgf/math/pgfmathutil.code.tex) (/usr/local/texlive/2022/texmf-dist/tex/generic/pgf/math/pgfmathparser.code.tex
\pgfmath@dimen=\dimen198
\pgfmath@count=\count317
\pgfmath@box=\box61
\pgfmath@toks=\toks41
\pgfmath@stack@operand=\toks42
\pgfmath@stack@operation=\toks43
) (/usr/local/texlive/2022/texmf-dist/tex/generic/pgf/math/pgfmathfunctions.code.tex (/usr/local/texlive/2022/texmf-dist/tex/generic/pgf/math/pgfmathfunctions.basic.code.tex) (/usr/local/texlive/2022/texmf-dist/tex/generic/pgf/math/pgfmathfunctions.trigonometric.code.tex) (/usr/local/texlive/2022/texmf-dist/tex/generic/pgf/math/pgfmathfunctions.random.code.tex) (/usr/local/texlive/2022/texmf-dist/tex/generic/pgf/math/pgfmathfunctions.comparison.code.tex) (/usr/local/texlive/2022/texmf-dist/tex/generic/pgf/math/pgfmathfunctions.base.code.tex) (/usr/local/texlive/2022/texmf-dist/tex/generic/pgf/math/pgfmathfunctions.round.code.tex) (/usr/local/texlive/2022/texmf-dist/tex/generic/pgf/math/pgfmathfunctions.misc.code.tex) (/usr/local/texlive/2022/texmf-dist/tex/generic/pgf/math/pgfmathfunctions.integerarithmetics.code.tex))) (/usr/local/texlive/2022/texmf-dist/tex/generic/pgf/math/pgfmathfloat.code.tex
\c@pgfmathroundto@lastzeros=\count318
)) (/usr/local/texlive/2022/texmf-dist/tex/generic/pgf/math/pgfint.code.tex) (/usr/local/texlive/2022/texmf-dist/tex/generic/pgf/basiclayer/pgfcorepoints.code.tex
File: pgfcorepoints.code.tex 2021/05/15 v3.1.9a (3.1.9a)
\pgf@picminx=\dimen199
\pgf@picmaxx=\dimen256
\pgf@picminy=\dimen257
\pgf@picmaxy=\dimen258
\pgf@pathminx=\dimen259
\pgf@pathmaxx=\dimen260
\pgf@pathminy=\dimen261
\pgf@pathmaxy=\dimen262
\pgf@xx=\dimen263
\pgf@xy=\dimen264
\pgf@yx=\dimen265
\pgf@yy=\dimen266
\pgf@zx=\dimen267
\pgf@zy=\dimen268
) (/usr/local/texlive/2022/texmf-dist/tex/generic/pgf/basiclayer/pgfcorepathconstruct.code.tex
File: pgfcorepathconstruct.code.tex 2021/05/15 v3.1.9a (3.1.9a)
\pgf@path@lastx=\dimen269
\pgf@path@lasty=\dimen270
) (/usr/local/texlive/2022/texmf-dist/tex/generic/pgf/basiclayer/pgfcorepathusage.code.tex
File: pgfcorepathusage.code.tex 2021/05/15 v3.1.9a (3.1.9a)
\pgf@shorten@end@additional=\dimen271
\pgf@shorten@start@additional=\dimen272
) (/usr/local/texlive/2022/texmf-dist/tex/generic/pgf/basiclayer/pgfcorescopes.code.tex
File: pgfcorescopes.code.tex 2021/05/15 v3.1.9a (3.1.9a)
\pgfpic=\box62
\pgf@hbox=\box63
\pgf@layerbox@main=\box64
\pgf@picture@serial@count=\count319
) (/usr/local/texlive/2022/texmf-dist/tex/generic/pgf/basiclayer/pgfcoregraphicstate.code.tex
File: pgfcoregraphicstate.code.tex 2021/05/15 v3.1.9a (3.1.9a)
\pgflinewidth=\dimen273
) (/usr/local/texlive/2022/texmf-dist/tex/generic/pgf/basiclayer/pgfcoretransformations.code.tex
File: pgfcoretransformations.code.tex 2021/05/15 v3.1.9a (3.1.9a)
\pgf@pt@x=\dimen274
\pgf@pt@y=\dimen275
\pgf@pt@temp=\dimen276
) (/usr/local/texlive/2022/texmf-dist/tex/generic/pgf/basiclayer/pgfcorequick.code.tex
File: pgfcorequick.code.tex 2021/05/15 v3.1.9a (3.1.9a)
) (/usr/local/texlive/2022/texmf-dist/tex/generic/pgf/basiclayer/pgfcoreobjects.code.tex
File: pgfcoreobjects.code.tex 2021/05/15 v3.1.9a (3.1.9a)
) (/usr/local/texlive/2022/texmf-dist/tex/generic/pgf/basiclayer/pgfcorepathprocessing.code.tex
File: pgfcorepathprocessing.code.tex 2021/05/15 v3.1.9a (3.1.9a)
) (/usr/local/texlive/2022/texmf-dist/tex/generic/pgf/basiclayer/pgfcorearrows.code.tex
File: pgfcorearrows.code.tex 2021/05/15 v3.1.9a (3.1.9a)
\pgfarrowsep=\dimen277
) (/usr/local/texlive/2022/texmf-dist/tex/generic/pgf/basiclayer/pgfcoreshade.code.tex
File: pgfcoreshade.code.tex 2021/05/15 v3.1.9a (3.1.9a)
\pgf@max=\dimen278
\pgf@sys@shading@range@num=\count320
\pgf@shadingcount=\count321
) (/usr/local/texlive/2022/texmf-dist/tex/generic/pgf/basiclayer/pgfcoreimage.code.tex
File: pgfcoreimage.code.tex 2021/05/15 v3.1.9a (3.1.9a)
 (/usr/local/texlive/2022/texmf-dist/tex/generic/pgf/basiclayer/pgfcoreexternal.code.tex
File: pgfcoreexternal.code.tex 2021/05/15 v3.1.9a (3.1.9a)
\pgfexternal@startupbox=\box65
)) (/usr/local/texlive/2022/texmf-dist/tex/generic/pgf/basiclayer/pgfcorelayers.code.tex
File: pgfcorelayers.code.tex 2021/05/15 v3.1.9a (3.1.9a)
) (/usr/local/texlive/2022/texmf-dist/tex/generic/pgf/basiclayer/pgfcoretransparency.code.tex
File: pgfcoretransparency.code.tex 2021/05/15 v3.1.9a (3.1.9a)
) (/usr/local/texlive/2022/texmf-dist/tex/generic/pgf/basiclayer/pgfcorepatterns.code.tex
File: pgfcorepatterns.code.tex 2021/05/15 v3.1.9a (3.1.9a)
) (/usr/local/texlive/2022/texmf-dist/tex/generic/pgf/basiclayer/pgfcorerdf.code.tex
File: pgfcorerdf.code.tex 2021/05/15 v3.1.9a (3.1.9a)
))) (/usr/local/texlive/2022/texmf-dist/tex/generic/pgf/modules/pgfmoduleshapes.code.tex
File: pgfmoduleshapes.code.tex 2021/05/15 v3.1.9a (3.1.9a)
\pgfnodeparttextbox=\box66
) (/usr/local/texlive/2022/texmf-dist/tex/generic/pgf/modules/pgfmoduleplot.code.tex
File: pgfmoduleplot.code.tex 2021/05/15 v3.1.9a (3.1.9a)
) (/usr/local/texlive/2022/texmf-dist/tex/latex/pgf/compatibility/pgfcomp-version-0-65.sty
Package: pgfcomp-version-0-65 2021/05/15 v3.1.9a (3.1.9a)
\pgf@nodesepstart=\dimen279
\pgf@nodesepend=\dimen280
) (/usr/local/texlive/2022/texmf-dist/tex/latex/pgf/compatibility/pgfcomp-version-1-18.sty
Package: pgfcomp-version-1-18 2021/05/15 v3.1.9a (3.1.9a)
)) (/usr/local/texlive/2022/texmf-dist/tex/latex/pgf/utilities/pgffor.sty (/usr/local/texlive/2022/texmf-dist/tex/latex/pgf/utilities/pgfkeys.sty (/usr/local/texlive/2022/texmf-dist/tex/generic/pgf/utilities/pgfkeys.code.tex)) (/usr/local/texlive/2022/texmf-dist/tex/latex/pgf/math/pgfmath.sty (/usr/local/texlive/2022/texmf-dist/tex/generic/pgf/math/pgfmath.code.tex)) (/usr/local/texlive/2022/texmf-dist/tex/generic/pgf/utilities/pgffor.code.tex
Package: pgffor 2021/05/15 v3.1.9a (3.1.9a)
 (/usr/local/texlive/2022/texmf-dist/tex/generic/pgf/math/pgfmath.code.tex)
\pgffor@iter=\dimen281
\pgffor@skip=\dimen282
\pgffor@stack=\toks44
\pgffor@toks=\toks45
)) (/usr/local/texlive/2022/texmf-dist/tex/generic/pgf/frontendlayer/tikz/tikz.code.tex
Package: tikz 2021/05/15 v3.1.9a (3.1.9a)
 (/usr/local/texlive/2022/texmf-dist/tex/generic/pgf/libraries/pgflibraryplothandlers.code.tex
File: pgflibraryplothandlers.code.tex 2021/05/15 v3.1.9a (3.1.9a)
\pgf@plot@mark@count=\count322
\pgfplotmarksize=\dimen283
)
\tikz@lastx=\dimen284
\tikz@lasty=\dimen285
\tikz@lastxsaved=\dimen286
\tikz@lastysaved=\dimen287
\tikz@lastmovetox=\dimen288
\tikz@lastmovetoy=\dimen289
\tikzleveldistance=\dimen290
\tikzsiblingdistance=\dimen291
\tikz@figbox=\box67
\tikz@figbox@bg=\box68
\tikz@tempbox=\box69
\tikz@tempbox@bg=\box70
\tikztreelevel=\count323
\tikznumberofchildren=\count324
\tikznumberofcurrentchild=\count325
\tikz@fig@count=\count326
 (/usr/local/texlive/2022/texmf-dist/tex/generic/pgf/modules/pgfmodulematrix.code.tex
File: pgfmodulematrix.code.tex 2021/05/15 v3.1.9a (3.1.9a)
\pgfmatrixcurrentrow=\count327
\pgfmatrixcurrentcolumn=\count328
\pgf@matrix@numberofcolumns=\count329
)
\tikz@expandcount=\count330
 (/usr/local/texlive/2022/texmf-dist/tex/generic/pgf/frontendlayer/tikz/libraries/tikzlibrarytopaths.code.tex
File: tikzlibrarytopaths.code.tex 2021/05/15 v3.1.9a (3.1.9a)
))) (/usr/local/texlive/2022/texmf-dist/tex/generic/pgf/frontendlayer/tikz/libraries/tikzlibrarypositioning.code.tex
File: tikzlibrarypositioning.code.tex 2021/05/15 v3.1.9a (3.1.9a)
)
\c@@todonotes@numberoftodonotes=\count331
) (/usr/local/texlive/2022/texmf-dist/tex/latex/tools/afterpage.sty
Package: afterpage 2014/10/28 v1.08 After-Page Package (DPC)
\AP@output=\toks46
\AP@partial=\box71
\AP@footins=\box72
) (/usr/local/texlive/2022/texmf-dist/tex/latex/pgfplots/pgfplots.sty (/usr/local/texlive/2022/texmf-dist/tex/generic/pgfplots/pgfplots.revision.tex)
Package: pgfplots 2021/05/15 v1.18.1 Data Visualization (1.18.1)
 (/usr/local/texlive/2022/texmf-dist/tex/generic/pgfplots/pgfplots.code.tex (/usr/local/texlive/2022/texmf-dist/tex/generic/pgfplots/pgfplotscore.code.tex
\t@pgfplots@toka=\toks47
\t@pgfplots@tokb=\toks48
\t@pgfplots@tokc=\toks49
\pgfplots@tmpa=\dimen292
\c@pgfplots@coordindex=\count332
\c@pgfplots@scanlineindex=\count333
 (/usr/local/texlive/2022/texmf-dist/tex/generic/pgfplots/sys/pgfplotssysgeneric.code.tex)) (/usr/local/texlive/2022/texmf-dist/tex/generic/pgfplots/libs/pgfplotslibrary.code.tex) (/usr/local/texlive/2022/texmf-dist/tex/generic/pgfplots/oldpgfcompatib/pgfplotsoldpgfsupp_loader.code.tex (/usr/local/texlive/2022/texmf-dist/tex/generic/pgf/libraries/pgflibraryfpu.code.tex)) (/usr/local/texlive/2022/texmf-dist/tex/generic/pgfplots/util/pgfplotsutil.code.tex (/usr/local/texlive/2022/texmf-dist/tex/generic/pgfplots/liststructure/pgfplotsliststructure.code.tex) (/usr/local/texlive/2022/texmf-dist/tex/generic/pgfplots/liststructure/pgfplotsliststructureext.code.tex) (/usr/local/texlive/2022/texmf-dist/tex/generic/pgfplots/liststructure/pgfplotsarray.code.tex
\c@pgfplotsarray@tmp=\count334
) (/usr/local/texlive/2022/texmf-dist/tex/generic/pgfplots/liststructure/pgfplotsmatrix.code.tex) (/usr/local/texlive/2022/texmf-dist/tex/generic/pgfplots/numtable/pgfplotstableshared.code.tex
\c@pgfplotstable@counta=\count335
\t@pgfplotstable@a=\toks50
) (/usr/local/texlive/2022/texmf-dist/tex/generic/pgfplots/liststructure/pgfplotsdeque.code.tex) (/usr/local/texlive/2022/texmf-dist/tex/generic/pgfplots/util/pgfplotsbinary.code.tex (/usr/local/texlive/2022/texmf-dist/tex/generic/pgfplots/util/pgfplotsbinary.data.code.tex)) (/usr/local/texlive/2022/texmf-dist/tex/generic/pgfplots/util/pgfplotsutil.verb.code.tex) (/usr/local/texlive/2022/texmf-dist/tex/generic/pgfplots/libs/pgflibrarypgfplots.surfshading.code.tex
\c@pgfplotslibrarysurf@no=\count336
 (/usr/local/texlive/2022/texmf-dist/tex/generic/pgfplots/sys/pgflibrarypgfplots.surfshading.pgfsys-pdftex.def))) (/usr/local/texlive/2022/texmf-dist/tex/generic/pgfplots/util/pgfplotscolormap.code.tex (/usr/local/texlive/2022/texmf-dist/tex/generic/pgfplots/util/pgfplotscolor.code.tex)) (/usr/local/texlive/2022/texmf-dist/tex/generic/pgfplots/pgfplotsstackedplots.code.tex) (/usr/local/texlive/2022/texmf-dist/tex/generic/pgfplots/pgfplotsplothandlers.code.tex (/usr/local/texlive/2022/texmf-dist/tex/generic/pgfplots/pgfplotsmeshplothandler.code.tex (/usr/local/texlive/2022/texmf-dist/tex/generic/pgfplots/pgfplotsmeshplotimage.code.tex))) (/usr/local/texlive/2022/texmf-dist/tex/generic/pgfplots/pgfplots.scaling.code.tex) (/usr/local/texlive/2022/texmf-dist/tex/generic/pgfplots/pgfplotscoordprocessing.code.tex) (/usr/local/texlive/2022/texmf-dist/tex/generic/pgfplots/pgfplots.errorbars.code.tex) (/usr/local/texlive/2022/texmf-dist/tex/generic/pgfplots/pgfplots.markers.code.tex) (/usr/local/texlive/2022/texmf-dist/tex/generic/pgfplots/pgfplotsticks.code.tex) (/usr/local/texlive/2022/texmf-dist/tex/generic/pgfplots/pgfplots.paths.code.tex) (/usr/local/texlive/2022/texmf-dist/tex/generic/pgf/frontendlayer/tikz/libraries/tikzlibrarydecorations.code.tex (/usr/local/texlive/2022/texmf-dist/tex/generic/pgf/modules/pgfmoduledecorations.code.tex
\pgfdecoratedcompleteddistance=\dimen293
\pgfdecoratedremainingdistance=\dimen294
\pgfdecoratedinputsegmentcompleteddistance=\dimen295
\pgfdecoratedinputsegmentremainingdistance=\dimen296
\pgf@decorate@distancetomove=\dimen297
\pgf@decorate@repeatstate=\count337
\pgfdecorationsegmentamplitude=\dimen298
\pgfdecorationsegmentlength=\dimen299
)
\tikz@lib@dec@box=\box73
) (/usr/local/texlive/2022/texmf-dist/tex/generic/pgf/frontendlayer/tikz/libraries/tikzlibrarydecorations.pathmorphing.code.tex
(/usr/local/texlive/2022/texmf-dist/tex/generic/pgf/libraries/decorations/pgflibrarydecorations.pathmorphing.code.tex)) (/usr/local/texlive/2022/texmf-dist/tex/generic/pgf/frontendlayer/tikz/libraries/tikzlibrarydecorations.pathreplacing.code.tex (/usr/local/texlive/2022/texmf-dist/tex/generic/pgf/libraries/decorations/pgflibrarydecorations.pathreplacing.code.tex)) (/usr/local/texlive/2022/texmf-dist/tex/generic/pgfplots/libs/tikzlibrarypgfplots.contourlua.code.tex)
\pgfplots@numplots=\count338
\pgfplots@xmin@reg=\dimen300
\pgfplots@xmax@reg=\dimen301
\pgfplots@ymin@reg=\dimen302
\pgfplots@ymax@reg=\dimen303
\pgfplots@zmin@reg=\dimen304
\pgfplots@zmax@reg=\dimen305
) (/usr/local/texlive/2022/texmf-dist/tex/generic/pgf/frontendlayer/tikz/libraries/tikzlibraryplotmarks.code.tex
File: tikzlibraryplotmarks.code.tex 2021/05/15 v3.1.9a (3.1.9a)
 (/usr/local/texlive/2022/texmf-dist/tex/generic/pgf/libraries/pgflibraryplotmarks.code.tex
File: pgflibraryplotmarks.code.tex 2021/05/15 v3.1.9a (3.1.9a)
))) (/usr/local/texlive/2022/texmf-dist/tex/latex/caption/subcaption.sty
Package: subcaption 2022/01/07 v1.5 Sub-captions (AR)
 (/usr/local/texlive/2022/texmf-dist/tex/latex/caption/caption.sty
Package: caption 2022/03/01 v3.6b Customizing captions (AR)
 (/usr/local/texlive/2022/texmf-dist/tex/latex/caption/caption3.sty
Package: caption3 2022/03/17 v2.3b caption3 kernel (AR)
\caption@tempdima=\dimen306
\captionmargin=\dimen307
\caption@leftmargin=\dimen308
\caption@rightmargin=\dimen309
\caption@width=\dimen310
\caption@indent=\dimen311
\caption@parindent=\dimen312
\caption@hangindent=\dimen313
Package caption Info: Unknown document class (or package),
(caption)             standard defaults will be used.
Package caption Info: \@makecaption = \long macro:#1#2-> \vskip 10pt \baselineskip 11pt \setbox \@tempboxa \hbox {#1. #2} \ifdim \wd \@tempboxa >\hsize \sbox {\newcaptionbox }{\small \sl #1.~} \newcaptionboxwid =\wd \newcaptionbox \usebox \newcaptionbox {\footnotesize #2} \else \centerline {{\small \sl #1.} {\small #2}} \fi  on input line 1176.
)

Package caption Warning: Unknown document class (or package),
(caption)                standard defaults will be used.
See the caption package documentation for explanation.

\c@caption@flags=\count339
\c@continuedfloat=\count340
Package caption Info: float package is loaded.
Package caption Info: hyperref package is loaded.
Package caption Info: subfigure package is loaded.
)

/usr/local/texlive/2022/texmf-dist/tex/latex/caption/subcaption.sty:66: Package subcaption Error: This package can't be used in cooperation
(subcaption)                with the subfigure package.

See the subcaption package documentation for explanation.
Type  H <return>  for immediate help.
 ...                                              
                                                  
l.66 \subcaption@CheckCompatibility
                                   
If you do not understand this error, please take a closer look
at the documentation of the `subcaption' package, especially the
section about errors.
Try typing  <return>  to proceed.
If that doesn't work, type  X <return>  to quit.

) (/usr/local/texlive/2022/texmf-dist/tex/latex/lipsum/lipsum.sty (/usr/local/texlive/2022/texmf-dist/tex/latex/l3packages/l3keys2e/l3keys2e.sty (/usr/local/texlive/2022/texmf-dist/tex/latex/l3kernel/expl3.sty
Package: expl3 2022-02-24 L3 programming layer (loader) 
 (/usr/local/texlive/2022/texmf-dist/tex/latex/l3backend/l3backend-pdftex.def
File: l3backend-pdftex.def 2022-02-07 L3 backend support: PDF output (pdfTeX)
\l__color_backend_stack_int=\count341
\l__pdf_internal_box=\box74
))
Package: l3keys2e 2022-01-12 LaTeX2e option processing using LaTeX3 keys
)
Package: lipsum 2021-09-20 v2.7 150 paragraphs of Lorem Ipsum dummy text
\g__lipsum_par_int=\count342
\l__lipsum_a_int=\count343
\l__lipsum_b_int=\count344
 (/usr/local/texlive/2022/texmf-dist/tex/latex/lipsum/lipsum.ltd.tex)) (/usr/local/texlive/2022/texmf-dist/tex/generic/pgf/frontendlayer/tikz/libraries/tikzlibrarycalc.code.tex
File: tikzlibrarycalc.code.tex 2021/05/15 v3.1.9a (3.1.9a)
) (/usr/local/texlive/2022/texmf-dist/tex/generic/pgf/frontendlayer/tikz/libraries/tikzlibraryangles.code.tex
File: tikzlibraryangles.code.tex 2021/05/15 v3.1.9a (3.1.9a)
) (/usr/local/texlive/2022/texmf-dist/tex/generic/pgf/frontendlayer/tikz/libraries/tikzlibraryquotes.code.tex
File: tikzlibraryquotes.code.tex 2021/05/15 v3.1.9a (3.1.9a)
)
LaTeX Font Info:    Trying to load font information for OT1+ptm on input line 109.
 (/usr/local/texlive/2022/texmf-dist/tex/latex/psnfss/ot1ptm.fd
File: ot1ptm.fd 2001/06/04 font definitions for OT1/ptm.
) (./main.aux)
\openout1 = `main.aux'.

LaTeX Font Info:    Checking defaults for OML/cmm/m/it on input line 109.
LaTeX Font Info:    ... okay on input line 109.
LaTeX Font Info:    Checking defaults for OMS/cmsy/m/n on input line 109.
LaTeX Font Info:    ... okay on input line 109.
LaTeX Font Info:    Checking defaults for OT1/cmr/m/n on input line 109.
LaTeX Font Info:    ... okay on input line 109.
LaTeX Font Info:    Checking defaults for T1/cmr/m/n on input line 109.
LaTeX Font Info:    ... okay on input line 109.
LaTeX Font Info:    Checking defaults for TS1/cmr/m/n on input line 109.
LaTeX Font Info:    ... okay on input line 109.
LaTeX Font Info:    Checking defaults for OMX/cmex/m/n on input line 109.
LaTeX Font Info:    ... okay on input line 109.
LaTeX Font Info:    Checking defaults for U/cmr/m/n on input line 109.
LaTeX Font Info:    ... okay on input line 109.
LaTeX Font Info:    Checking defaults for PD1/pdf/m/n on input line 109.
LaTeX Font Info:    ... okay on input line 109.
LaTeX Font Info:    Checking defaults for PU/pdf/m/n on input line 109.
LaTeX Font Info:    ... okay on input line 109.
LaTeX Info: Redefining \microtypecontext on input line 109.
Package microtype Info: Applying patch `item' on input line 109.
Package microtype Info: Applying patch `toc' on input line 109.
Package microtype Info: Applying patch `eqnum' on input line 109.
Package microtype Info: Applying patch `footnote' on input line 109.
Package microtype Info: Generating PDF output.
Package microtype Info: Character protrusion enabled (level 2).
Package microtype Info: Using default protrusion set `alltext'.
Package microtype Info: Automatic font expansion enabled (level 2),
(microtype)             stretch: 20, shrink: 20, step: 1, non-selected.
Package microtype Info: Using default expansion set `alltext-nott'.
LaTeX Info: Redefining \showhyphens on input line 109.
Package microtype Info: No adjustment of tracking.
Package microtype Info: No adjustment of interword spacing.
Package microtype Info: No adjustment of character kerning.
 (/usr/local/texlive/2022/texmf-dist/tex/latex/microtype/mt-ptm.cfg
File: mt-ptm.cfg 2006/04/20 v1.7 microtype config. file: Times (RS)
) (/usr/local/texlive/2022/texmf-dist/tex/context/base/mkii/supp-pdf.mkii
[Loading MPS to PDF converter (version 2006.09.02).]
\scratchcounter=\count345
\scratchdimen=\dimen314
\scratchbox=\box75
\nofMPsegments=\count346
\nofMParguments=\count347
\everyMPshowfont=\toks51
\MPscratchCnt=\count348
\MPscratchDim=\dimen315
\MPnumerator=\count349
\makeMPintoPDFobject=\count350
\everyMPtoPDFconversion=\toks52
) (/usr/local/texlive/2022/texmf-dist/tex/latex/epstopdf-pkg/epstopdf-base.sty
Package: epstopdf-base 2020-01-24 v2.11 Base part for package epstopdf
Package epstopdf-base Info: Redefining graphics rule for `.eps' on input line 485.
 (/usr/local/texlive/2022/texmf-dist/tex/latex/latexconfig/epstopdf-sys.cfg
File: epstopdf-sys.cfg 2010/07/13 v1.3 Configuration of (r)epstopdf for TeX Live
))
Package hyperref Info: Link coloring ON on input line 109.
 (/usr/local/texlive/2022/texmf-dist/tex/latex/hyperref/nameref.sty
Package: nameref 2021-04-02 v2.47 Cross-referencing by name of section
 (/usr/local/texlive/2022/texmf-dist/tex/latex/refcount/refcount.sty
Package: refcount 2019/12/15 v3.6 Data extraction from label references (HO)
) (/usr/local/texlive/2022/texmf-dist/tex/generic/gettitlestring/gettitlestring.sty
Package: gettitlestring 2019/12/15 v1.6 Cleanup title references (HO)
)
\c@section@level=\count351
)
LaTeX Info: Redefining \ref on input line 109.
LaTeX Info: Redefining \pageref on input line 109.
LaTeX Info: Redefining \nameref on input line 109.
\@outlinefile=\write4
\openout4 = `main.out'.



Package pgfplots Warning: running in backwards compatibility mode (unsuitable tick labels; missing features). Consider writing \pgfplotsset{compat=1.18} into your preamble.
 on input line 109.

Package caption Info: Begin \AtBeginDocument code.
Package caption Info: End \AtBeginDocument code.

Package hyperref Warning: Token not allowed in a PDF string (Unicode):
(hyperref)                removing `\\' on input line 148.

\c@@affilyyy=\count352
(/usr/local/texlive/2022/texmf-dist/tex/latex/microtype/mt-cmr.cfg
File: mt-cmr.cfg 2013/05/19 v2.2 microtype config. file: Computer Modern Roman (RS)
)
LaTeX Font Info:    Trying to load font information for U+msa on input line 148.
 (/usr/local/texlive/2022/texmf-dist/tex/latex/amsfonts/umsa.fd
File: umsa.fd 2013/01/14 v3.01 AMS symbols A
) (/usr/local/texlive/2022/texmf-dist/tex/latex/microtype/mt-msa.cfg
File: mt-msa.cfg 2006/02/04 v1.1 microtype config. file: AMS symbols (a) (RS)
)
LaTeX Font Info:    Trying to load font information for U+msb on input line 148.
 (/usr/local/texlive/2022/texmf-dist/tex/latex/amsfonts/umsb.fd
File: umsb.fd 2013/01/14 v3.01 AMS symbols B
) (/usr/local/texlive/2022/texmf-dist/tex/latex/microtype/mt-msb.cfg
File: mt-msb.cfg 2005/06/01 v1.0 microtype config. file: AMS symbols (b) (RS)
)

Package hyperref Warning: Ignoring empty anchor on input line 159.

LaTeX Font Info:    Trying to load font information for OML+ptm on input line 159.
(/usr/local/texlive/2022/texmf-dist/tex/latex/psnfss/omlptm.fd
File: omlptm.fd 
)
LaTeX Font Info:    Font shape `OML/ptm/m/n' in size <9> not available
(Font)              Font shape `OML/cmm/m/it' tried instead on input line 159.


Package natbib Warning: Citation `hamilton2017representation' on page 1 undefined on input line 182.


Package natbib Warning: Citation `GRL_survet2020' on page 1 undefined on input line 182.


Package natbib Warning: Citation `kipf2016variational' on page 1 undefined on input line 182.


Package natbib Warning: Citation `grover2019graphite' on page 1 undefined on input line 182.


Package natbib Warning: Citation `JMLR:v21:19-671' on page 1 undefined on input line 182.


Package natbib Warning: Citation `mehta2019stochastic' on page 1 undefined on input line 182.


Package natbib Warning: Citation `kipf2016variational' on page 1 undefined on input line 182.


Package natbib Warning: Citation `kumar2020linkreview' on page 1 undefined on input line 182.


Package natbib Warning: Citation `ding2019dominant' on page 1 undefined on input line 182.


Package natbib Warning: Citation `fan2020anomalydae' on page 1 undefined on input line 182.


Package natbib Warning: Citation `chen2020gaan' on page 1 undefined on input line 182.


Package natbib Warning: Citation `ding2021aegis' on page 1 undefined on input line 182.


Package natbib Warning: Citation `GCN' on page 1 undefined on input line 182.


Package natbib Warning: Citation `MPNN' on page 1 undefined on input line 182.


Package natbib Warning: Citation `nowicki2001estimation' on page 1 undefined on input line 184.


Package natbib Warning: Citation `lee2019review' on page 1 undefined on input line 184.


Package natbib Warning: Citation `airoldi2008mixed' on page 1 undefined on input line 184.


Package natbib Warning: Citation `yang2013BigClam' on page 1 undefined on input line 184.

[1{/usr/local/texlive/2022/texmf-var/fonts/map/pdftex/updmap/pdftex.map}



]

Package natbib Warning: Citation `kipf2016variational' on page 2 undefined on input line 188.


Package natbib Warning: Citation `grover2019graphite' on page 2 undefined on input line 188.


Package natbib Warning: Citation `JMLR:v21:19-671' on page 2 undefined on input line 188.


Package natbib Warning: Citation `mehta2019stochastic' on page 2 undefined on input line 188.


Package natbib Warning: Citation `sun2019vgraph' on page 2 undefined on input line 188.


Package natbib Warning: Citation `greub1963pseudo' on page 2 undefined on input line 190.


LaTeX Warning: Reference `thm:IEUniversality' on page 2 undefined on input line 190.


LaTeX Warning: Reference `thm:IEUniversality2' on page 2 undefined on input line 190.


LaTeX Warning: Reference `Experiments' on page 2 undefined on input line 194.


LaTeX Warning: Reference `Extended Related Work' on page 2 undefined on input line 203.


Underfull \vbox (badness 10000) has occurred while \output is active []



Package natbib Warning: Citation `Overlapping2012' on page 2 undefined on input line 239.


Underfull \hbox (badness 1584) in paragraph at lines 241--242
[]\OT1/ptm/m/n/10 (+20) BigClam is a model where a sim-ple ran-dom graph
 []


Underfull \hbox (badness 1297) in paragraph at lines 241--242
\OT1/ptm/m/n/10 (+20) is de-coded from a se-quence of AFs $\OT1/cmr/bx/n/10 F \OT1/cmr/m/n/10 = \OMS/cmsy/m/n/10 f\OT1/cmr/bx/n/10 f[] \OT1/cmr/m/n/10 =
 []


LaTeX Warning: Reference `Stochastic block models' on page 2 undefined on input line 253.

[2]

LaTeX Font Warning: Command \footnotesize invalid in math mode on input line 258.

LaTeX Font Info:    Calculating math sizes for size <> on input line 265.

LaTeX Font Warning: Font shape `OT1/cmr/m/n' in size <> not available
(Font)              size <5> substituted on input line 265.


LaTeX Font Warning: Font shape `OT1/cmr/m/n' in size <0.7> not available
(Font)              size <5> substituted on input line 265.


LaTeX Font Warning: Font shape `OT1/cmr/m/n' in size <0.5> not available
(Font)              size <5> substituted on input line 265.


LaTeX Font Warning: Font shape `OML/cmm/m/it' in size <> not available
(Font)              size <5> substituted on input line 265.


LaTeX Font Warning: Font shape `OML/cmm/m/it' in size <0.7> not available
(Font)              size <5> substituted on input line 265.


LaTeX Font Warning: Font shape `OML/cmm/m/it' in size <0.5> not available
(Font)              size <5> substituted on input line 265.


LaTeX Font Warning: Font shape `OMS/cmsy/m/n' in size <> not available
(Font)              size <5> substituted on input line 265.


LaTeX Font Warning: Font shape `OMS/cmsy/m/n' in size <0.7> not available
(Font)              size <5> substituted on input line 265.


LaTeX Font Warning: Font shape `OMS/cmsy/m/n' in size <0.5> not available
(Font)              size <5> substituted on input line 265.


LaTeX Font Warning: Font shape `OT1/cmr/bx/n' in size <> not available
(Font)              size <5> substituted on input line 265.


LaTeX Font Warning: Font shape `OT1/cmr/bx/n' in size <0.7> not available
(Font)              size <5> substituted on input line 265.


LaTeX Font Warning: Font shape `OT1/cmr/bx/n' in size <0.5> not available
(Font)              size <5> substituted on input line 265.


LaTeX Font Warning: Font shape `OT1/cmr/m/it' in size <> not available
(Font)              size <5> substituted on input line 265.


LaTeX Font Warning: Font shape `OT1/cmr/m/it' in size <0.7> not available
(Font)              size <5> substituted on input line 265.


LaTeX Font Warning: Font shape `OT1/cmr/m/it' in size <0.5> not available
(Font)              size <5> substituted on input line 265.


LaTeX Font Warning: Command \footnotesize invalid in math mode on input line 289.


LaTeX Warning: Reference `BigClam is Not Universal' on page 3 undefined on input line 325.


LaTeX Warning: Reference `Proof That BigClam Is Not Universal' on page 3 undefined on input line 325.


LaTeX Warning: Reference `eq:ClamEdge' on page 3 undefined on input line 327.


LaTeX Warning: Reference `The Lorentz Inner Product' on page 3 undefined on input line 336.


LaTeX Warning: Reference `eq:LorFeature' on page 3 undefined on input line 338.

[3]

LaTeX Font Warning: Command \footnotesize invalid in math mode on input line 389.


Overfull \hbox (6.50981pt too wide) detected at line 403
[]
 []


LaTeX Font Warning: Command \footnotesize invalid in math mode on input line 455.


LaTeX Warning: Reference `eqn:loss_reparam_pie' on page 4 undefined on input line 463.


Package natbib Warning: Citation `dinh2016density' on page 4 undefined on input line 469.


LaTeX Warning: Reference `extended_sec:normflows' on page 4 undefined on input line 469.

[4]
Underfull \hbox (badness 2027) in paragraph at lines 513--514
\OT1/ptm/m/n/10 (+20) with prob-a-bil-i-ties $\OT1/cmr/bx/n/10 P \OT1/cmr/m/n/10 = \OMS/cmsy/m/n/10 f\OML/cmm/m/it/10 p[]\OMS/cmsy/m/n/10 g[]$ \OT1/ptm/m/n/10 (+20) and $\OT1/cmr/bx/n/10 Q \OT1/cmr/m/n/10 =
 []


LaTeX Font Warning: Command \footnotesize invalid in math mode on input line 515.


LaTeX Warning: Reference `eq:KL1' on page 5 undefined on input line 524.


LaTeX Warning: Reference `eq:KL2' on page 5 undefined on input line 538.

[5]

LaTeX Warning: Reference `def:KL1' on page 6 undefined on input line 540.


LaTeX Font Warning: Command \footnotesize invalid in math mode on input line 544.


Overfull \hbox (5.11476pt too wide) detected at line 549
[]
 []


LaTeX Warning: Reference `eq:KL1' on page 6 undefined on input line 552.


LaTeX Warning: Reference `eq:KL3' on page 6 undefined on input line 576.


LaTeX Warning: Reference `def:KL2' on page 6 undefined on input line 576.


LaTeX Warning: Reference `BigClam With No Self Loops Approximating Bipartites' on page 6 undefined on input line 579.


LaTeX Warning: Reference `Proof That BigClam Is Not Universal' on page 6 undefined on input line 587.


LaTeX Warning: Reference `def:KL2' on page 6 undefined on input line 588.


LaTeX Warning: Reference `Proof of the Universality of PieClam' on page 6 undefined on input line 592.


LaTeX Warning: Reference `Proof of the Universality of IeClam in a Cone of Non-negativity' on page 6 undefined on input line 592.


LaTeX Warning: Reference `def:KL2' on page 6 undefined on input line 602.


LaTeX Warning: Reference `def:KL2' on page 6 undefined on input line 611.


Package natbib Warning: Citation `CutNP1' on page 6 undefined on input line 618.


Package natbib Warning: Citation `CutNP2' on page 6 undefined on input line 618.


LaTeX Warning: Reference `fig:222' on page 6 undefined on input line 619.

<images/distance/distance_squirrel_ieclam.png, id=90, 737.8767pt x 246.4407pt>
File: images/distance/distance_squirrel_ieclam.png Graphic file (type png)
<use images/distance/distance_squirrel_ieclam.png>
Package pdftex.def Info: images/distance/distance_squirrel_ieclam.png  used on input line 622.
(pdftex.def)             Requested size: 224.40161pt x 74.94807pt.
[6]
LaTeX Font Info:    Trying to load font information for OT1+pcr on input line 635.
 (/usr/local/texlive/2022/texmf-dist/tex/latex/psnfss/ot1pcr.fd
File: ot1pcr.fd 2001/06/04 font definitions for OT1/pcr.
)
Package microtype Info: Loading generic protrusion settings for font family
(microtype)             `pcr' (encoding: OT1).
(microtype)             For optimal results, create family-specific settings.
(microtype)             See the microtype manual for details.


Package natbib Warning: Citation `dinh2016density' on page 7 undefined on input line 637.


LaTeX Warning: Reference `fig:prior and sampled' on page 7 undefined on input line 676.


LaTeX Warning: Reference `app_sec:reconstruction_prior' on page 7 undefined on input line 677.

<images/synthetic_2d/circle/circle_ie_gt.png, id=109, 495.8525pt x 266.9975pt>
File: images/synthetic_2d/circle/circle_ie_gt.png Graphic file (type png)
<use images/synthetic_2d/circle/circle_ie_gt.png>
Package pdftex.def Info: images/synthetic_2d/circle/circle_ie_gt.png  used on input line 683.
(pdftex.def)             Requested size: 109.28938pt x 58.84555pt.
<images/synthetic_2d/circle/pieclam_circ_reconstruct_edges.png, id=110, 552.0625pt x 296.10625pt>
File: images/synthetic_2d/circle/pieclam_circ_reconstruct_edges.png Graphic file (type png)
<use images/synthetic_2d/circle/pieclam_circ_reconstruct_edges.png>
Package pdftex.def Info: images/synthetic_2d/circle/pieclam_circ_reconstruct_edges.png  used on input line 683.
(pdftex.def)             Requested size: 120.9166pt x 64.8544pt.

LaTeX Warning: Reference `fig:sbm_halfdiag' on page 7 undefined on input line 714.


LaTeX Warning: Reference `Extended Details on Experiments' on page 7 undefined on input line 717.

<images/sbm_reconstruction/halfdiag.png, id=111, 321.2pt x 265.99374pt>
File: images/sbm_reconstruction/halfdiag.png Graphic file (type png)
<use images/sbm_reconstruction/halfdiag.png>
Package pdftex.def Info: images/sbm_reconstruction/halfdiag.png  used on input line 721.
(pdftex.def)             Requested size: 70.46396pt x 58.35239pt.
<images/sbm_reconstruction/halfdiag_pieclam/adj.png, id=112, 321.2pt x 265.99374pt>
File: images/sbm_reconstruction/halfdiag_pieclam/adj.png Graphic file (type png)
<use images/sbm_reconstruction/halfdiag_pieclam/adj.png>
Package pdftex.def Info: images/sbm_reconstruction/halfdiag_pieclam/adj.png  used on input line 722.
(pdftex.def)             Requested size: 70.46396pt x 58.35239pt.
<images/sbm_reconstruction/halfdiag_pclam/adj.png, id=113, 321.2pt x 265.99374pt>
File: images/sbm_reconstruction/halfdiag_pclam/adj.png Graphic file (type png)
<use images/sbm_reconstruction/halfdiag_pclam/adj.png>
Package pdftex.def Info: images/sbm_reconstruction/halfdiag_pclam/adj.png  used on input line 723.
(pdftex.def)             Requested size: 70.46396pt x 58.35239pt.
LaTeX Font Info:    Trying to load font information for TS1+ptm on input line 776.
(/usr/local/texlive/2022/texmf-dist/tex/latex/psnfss/ts1ptm.fd
File: ts1ptm.fd 2001/06/04 font definitions for TS1/ptm.
)
Underfull \hbox (badness 1735) in paragraph at lines 780--781
[]\OT1/ptm/b/n/10 (+20) (PS) Prior star prob-a-bil-ity: \OT1/ptm/m/n/10 (+20) Given any Clam
 []


LaTeX Warning: Reference `sec: additional experiments anomaly' on page 7 undefined on input line 787.

[7 <./images/distance/distance_squirrel_ieclam.png> <./images/synthetic_2d/circle/circle_ie_gt.png> <./images/synthetic_2d/circle/pieclam_circ_reconstruct_edges.png (PNG copy)> <./images/sbm_reconstruction/halfdiag.png (PNG copy)> <./images/sbm_reconstruction/halfdiag_pieclam/adj.png (PNG copy)> <./images/sbm_reconstruction/halfdiag_pclam/adj.png (PNG copy)>]

LaTeX Warning: Reference `Table1' on page 8 undefined on input line 790.


Package natbib Warning: Citation `ding2019dominant' on page 8 undefined on input line 790.


Package natbib Warning: Citation `fan2020anomalydae' on page 8 undefined on input line 790.


Package natbib Warning: Citation `wang2021ocgnn' on page 8 undefined on input line 790.


Package natbib Warning: Citation `ding2021aegis' on page 8 undefined on input line 790.


Package natbib Warning: Citation `chen2020gaan' on page 8 undefined on input line 790.


Package natbib Warning: Citation `qiao2024tam' on page 8 undefined on input line 790.


Package natbib Warning: Citation `elliptic' on page 8 undefined on input line 790.


Package natbib Warning: Citation `elliptic2' on page 8 undefined on input line 790.


Package natbib Warning: Citation `photo' on page 8 undefined on input line 790.


Package natbib Warning: Citation `qiao2024ggad' on page 8 undefined on input line 790.


/Users/danielzilberg/Documents/Learned_Graphon/ICML_PieClam_020425/LaTeX/pieclam_icml_paper/main.tex:793: LaTeX Error: Unicode character ִ (U+05B4)
               not set up for use with LaTeX.

See the LaTeX manual or LaTeX Companion for explanation.
Type  H <return>  for immediate help.
 ...                                              
                                                  
l.793 ִ
        
You may provide a definition with
\DeclareUnicodeCharacter 


LaTeX Warning: Reference `eq:LorFeature' on page 8 undefined on input line 854.


LaTeX Warning: Reference `sec: link prediction experiment' on page 8 undefined on input line 855.


LaTeX Font Warning: Command \footnotesize invalid in math mode on input line 856.


Package natbib Warning: Citation `zhou2022disenlink' on page 8 undefined on input line 876.


Package natbib Warning: Citation `pei2020texasquirrel' on page 8 undefined on input line 892.


Package natbib Warning: Citation `shchur2018photo' on page 8 undefined on input line 892.


Package natbib Warning: Citation `lim2021hopkins' on page 8 undefined on input line 892.


Package natbib Warning: Citation `adamic2003friends' on page 8 undefined on input line 892.


Package natbib Warning: Citation `kipf2016variational' on page 8 undefined on input line 892.


Package natbib Warning: Citation `GAT' on page 8 undefined on input line 892.


Package natbib Warning: Citation `lim2021linkx' on page 8 undefined on input line 892.


Package natbib Warning: Citation `zhou2022disenlink' on page 8 undefined on input line 892.


LaTeX Warning: Reference `table: link table0' on page 8 undefined on input line 892.


LaTeX Warning: Reference `table: link table' on page 8 undefined on input line 892.


Package natbib Warning: Citation `zhou2022disenlink' on page 8 undefined on input line 893.


LaTeX Warning: Reference `sec: link prediction experiment' on page 8 undefined on input line 893.


LaTeX Warning: Reference `table:ddi-results' on page 8 undefined on input line 917.


Package natbib Warning: Citation `zhang2022unsupervised' on page 8 undefined on input line 917.


Package natbib Warning: Citation `li2023evaluating' on page 8 undefined on input line 917.


Package natbib Warning: Citation `tan2022mgae' on page 8 undefined on input line 917.


Underfull \vbox (badness 10000) has occurred while \output is active []

 [8]

LaTeX Warning: Reference `eq:KL2' on page 9 undefined on input line 948.


Package natbib Warning: Citation `Levie_intersecting_reg_24' on page 9 undefined on input line 948.


Package natbib Warning: Citation `JMLR:v18:16-421' on page 9 undefined on input line 948.


Package natbib Warning: Citation `Borgs2014AnT' on page 9 undefined on input line 948.


Package natbib Warning: Citation `cut-homo3' on page 9 undefined on input line 948.


Package natbib Warning: Citation `Backhausz2018ActionCO' on page 9 undefined on input line 948.


Underfull \vbox (badness 1342) has occurred while \output is active []


Underfull \hbox (badness 3449) in paragraph at lines 959--960
[]\OT1/ptm/m/n/10 (+20) This re-search was sup-ported by a grant from the
 []

(./main.bbl) [9]

LaTeX Warning: Reference `claim:Clam_bi' on page 10 undefined on input line 1007.


LaTeX Warning: Reference `eq:KL3' on page 10 undefined on input line 1008.


LaTeX Warning: Reference `eq:ClamNpUni0' on page 10 undefined on input line 1043.


LaTeX Warning: Reference `def:KL2' on page 10 undefined on input line 1054.

[10


]

Package natbib Warning: Citation `weakReg' on page 11 undefined on input line 1096.


Package natbib Warning: Citation `Szemeredi_analyst' on page 11 undefined on input line 1096.


Package natbib Warning: Citation `Levie_reg_23' on page 11 undefined on input line 1096.


Package natbib Warning: Citation `Levie_intersecting_reg_24' on page 11 undefined on input line 1096.


Package natbib Warning: Citation `Levie_intersecting_reg_24' on page 11 undefined on input line 1096.


Package natbib Warning: Citation `Levie_intersecting_reg_24' on page 11 undefined on input line 1109.


LaTeX Warning: Reference `thm:IEUniversality' on page 11 undefined on input line 1121.

[11]

Package natbib Warning: Citation `weakReg' on page 12 undefined on input line 1184.


Package natbib Warning: Citation `Szemeredi_analyst' on page 12 undefined on input line 1184.


Package natbib Warning: Citation `cut-homo3' on page 12 undefined on input line 1184.


LaTeX Warning: Reference `thm:reg_sprase2' on page 12 undefined on input line 1213.


LaTeX Warning: Reference `thm:reg_sprase' on page 12 undefined on input line 1213.


LaTeX Warning: Reference `thm:IEUniversality2' on page 12 undefined on input line 1223.


LaTeX Warning: Reference `thm:IEUniversality' on page 12 undefined on input line 1225.


LaTeX Warning: Reference `thm:reg_sprase2' on page 12 undefined on input line 1231.

[12]

LaTeX Warning: Reference `thm:IEUniversality' on page 13 undefined on input line 1245.


Package natbib Warning: Citation `pearl1982belief' on page 13 undefined on input line 1306.


Package natbib Warning: Citation `duvenaud2015convolutional' on page 13 undefined on input line 1306.


Package natbib Warning: Citation `gilmer2017neural' on page 13 undefined on input line 1306.


Package natbib Warning: Citation `MPNN' on page 13 undefined on input line 1306.


Package natbib Warning: Citation `GCN' on page 13 undefined on input line 1306.


Package natbib Warning: Citation `GAT' on page 13 undefined on input line 1306.

[13]

Package natbib Warning: Citation `harshvardhan2020comprehensive' on page 14 undefined on input line 1348.


Package natbib Warning: Citation `dinh2016density' on page 14 undefined on input line 1348.


Package natbib Warning: Citation `mohamed2016learning' on page 14 undefined on input line 1348.


Package natbib Warning: Citation `pang2021anomalynotgraph' on page 14 undefined on input line 1350.


Package natbib Warning: Citation `goodfellow2014gan' on page 14 undefined on input line 1351.


Package natbib Warning: Citation `radford2015dcgan' on page 14 undefined on input line 1351.


Package natbib Warning: Citation `kingma2013vae' on page 14 undefined on input line 1351.


Package natbib Warning: Citation `tschannen2018vaesurvay' on page 14 undefined on input line 1355.


Package natbib Warning: Citation `newman2003classical_graph_generative' on page 14 undefined on input line 1367.


Package natbib Warning: Citation `lee2019review' on page 14 undefined on input line 1367.


Package natbib Warning: Citation `kipf2016variational' on page 14 undefined on input line 1367.


Package natbib Warning: Citation `you2018graphrnn' on page 14 undefined on input line 1367.


Package natbib Warning: Citation `bojchevski2018netgan' on page 14 undefined on input line 1367.


Package natbib Warning: Citation `wang2018graphgan' on page 14 undefined on input line 1375.


Package natbib Warning: Citation `grover2019graphite' on page 14 undefined on input line 1375.


Package natbib Warning: Citation `harshvardhan2020comprehensive' on page 14 undefined on input line 1375.


LaTeX Warning: Reference `extended_sec:anomaly_detection' on page 14 undefined on input line 1375.


Package natbib Warning: Citation `you2018graphrnn' on page 14 undefined on input line 1375.


Package natbib Warning: Citation `guo2022systematic' on page 14 undefined on input line 1375.


Package natbib Warning: Citation `ding2019data_augmentation' on page 14 undefined on input line 1375.


Package natbib Warning: Citation `de2018molgan' on page 14 undefined on input line 1375.


Package natbib Warning: Citation `ingraham2019generative' on page 14 undefined on input line 1375.


Package natbib Warning: Citation `ma2021comprehensive' on page 14 undefined on input line 1375.


Package natbib Warning: Citation `kipf2016variational' on page 14 undefined on input line 1381.


Package natbib Warning: Citation `grover2019graphite' on page 14 undefined on input line 1381.


Package natbib Warning: Citation `JMLR:v21:19-671' on page 14 undefined on input line 1381.


Package natbib Warning: Citation `mehta2019stochastic' on page 14 undefined on input line 1381.


Package natbib Warning: Citation `wang2018graphgan' on page 14 undefined on input line 1385.


Package natbib Warning: Citation `chen2020gaan' on page 14 undefined on input line 1385.

[14]

Package natbib Warning: Citation `dinh2016density' on page 15 undefined on input line 1388.


Package natbib Warning: Citation `liu2019graph' on page 15 undefined on input line 1388.


Package natbib Warning: Citation `madhawa2019graphnvp' on page 15 undefined on input line 1388.


LaTeX Warning: Reference `extended_sec:normflows' on page 15 undefined on input line 1388.


Package natbib Warning: Citation `lee2019review' on page 15 undefined on input line 1398.


Package natbib Warning: Citation `nowicki2001estimation' on page 15 undefined on input line 1400.


Package natbib Warning: Citation `morup2011infinite' on page 15 undefined on input line 1401.


Package natbib Warning: Citation `miller2009overlappingsbm1' on page 15 undefined on input line 1401.


Package natbib Warning: Citation `palla2012overlappingsbm2' on page 15 undefined on input line 1401.


Package natbib Warning: Citation `yang2013BigClam' on page 15 undefined on input line 1403.


Package natbib Warning: Citation `zhou2015bernoullipoisson' on page 15 undefined on input line 1403.


Package natbib Warning: Citation `shchur2019overlapping' on page 15 undefined on input line 1403.


Package natbib Warning: Citation `aicher2015wsbm' on page 15 undefined on input line 1416.


Package natbib Warning: Citation `morup2011infinite' on page 15 undefined on input line 1416.


Package natbib Warning: Citation `snijders1997sbm_estimation1' on page 15 undefined on input line 1419.


Package natbib Warning: Citation `nowicki2001sbm_estimation2' on page 15 undefined on input line 1419.


Package natbib Warning: Citation `latouche2012variational_sbm_estimation' on page 15 undefined on input line 1419.


Package natbib Warning: Citation `fortunato2016community' on page 15 undefined on input line 1424.


Package natbib Warning: Citation `holland1983stochastic' on page 15 undefined on input line 1426.


Package natbib Warning: Citation `cavallari2017learning' on page 15 undefined on input line 1426.


Package natbib Warning: Citation `yang2014structure' on page 15 undefined on input line 1427.


Package natbib Warning: Citation `yang2013BigClam' on page 15 undefined on input line 1427.


Package natbib Warning: Citation `Overlapping2012' on page 15 undefined on input line 1429.

[15]

Package natbib Warning: Citation `airoldi2008mixed' on page 16 undefined on input line 1436.


Package natbib Warning: Citation `yang2013BigClam' on page 16 undefined on input line 1436.


Package natbib Warning: Citation `shchur2019overlapping' on page 16 undefined on input line 1439.


Package natbib Warning: Citation `sun2019vgraph' on page 16 undefined on input line 1439.


Package natbib Warning: Citation `jiang2015stochastic' on page 16 undefined on input line 1441.


Package natbib Warning: Citation `chen2020gaan' on page 16 undefined on input line 1466.


Package natbib Warning: Citation `ding2021aegis' on page 16 undefined on input line 1466.


Package natbib Warning: Citation `ding2019dominant' on page 16 undefined on input line 1466.


Package natbib Warning: Citation `fan2020anomalydae' on page 16 undefined on input line 1466.


Package natbib Warning: Citation `qiao2024ggad' on page 16 undefined on input line 1468.


Package natbib Warning: Citation `adamic2003friends' on page 16 undefined on input line 1477.


Package natbib Warning: Citation `kipf2016variational' on page 16 undefined on input line 1477.


LaTeX Warning: Reference `sec:deep graph autoencoders' on page 16 undefined on input line 1477.


Package natbib Warning: Citation `lim2021linkx' on page 16 undefined on input line 1477.


Package natbib Warning: Citation `GAT' on page 16 undefined on input line 1477.


Package natbib Warning: Citation `zhou2022disenlink' on page 16 undefined on input line 1477.


Underfull \vbox (badness 4634) has occurred while \output is active []

 [16] [17]

LaTeX Warning: Reference `eqn_ext:log_det_jac' on page 18 undefined on input line 1543.


Package natbib Warning: Citation `graphon1' on page 18 undefined on input line 1566.


Package natbib Warning: Citation `cut-homo3' on page 18 undefined on input line 1566.


LaTeX Warning: Reference `eq:ClamEdge' on page 18 undefined on input line 1585.


LaTeX Warning: Reference `eq:LorFeature' on page 18 undefined on input line 1585.

[18]

LaTeX Warning: Reference `eq:ClamEdge' on page 19 undefined on input line 1587.


LaTeX Warning: Reference `eq:LorFeature' on page 19 undefined on input line 1587.


Package natbib Warning: Citation `dinh2016density' on page 19 undefined on input line 1653.

[19]

Package natbib Warning: Citation `peterson1954roc' on page 20 undefined on input line 1702.


LaTeX Warning: Reference `Table22' on page 20 undefined on input line 1713.


LaTeX Warning: Reference `Table22' on page 20 undefined on input line 1716.


LaTeX Warning: Reference `sec:link prediction theory' on page 20 undefined on input line 1763.

[20]

LaTeX Warning: Reference `eq:link_formula' on page 21 undefined on input line 1834.


LaTeX Font Warning: Command \footnotesize invalid in math mode on input line 1836.


LaTeX Font Warning: Command \footnotesize invalid in math mode on input line 1849.


LaTeX Warning: Reference `eq:link_final_formula' on page 21 undefined on input line 1861.


LaTeX Warning: Reference `eqn:loss_reparam_ie' on page 21 undefined on input line 1861.


LaTeX Warning: Reference `eq:link_final_formula' on page 21 undefined on input line 1861.

[21]

LaTeX Warning: Reference `extended_sec:anomaly_detection' on page 22 undefined on input line 1874.


LaTeX Warning: Reference `sec:pieclam for graphs with node features' on page 22 undefined on input line 1876.


Package natbib Warning: Citation `zhou2022disenlink' on page 22 undefined on input line 1877.


Package natbib Warning: Citation `lim2021hopkins' on page 22 undefined on input line 1883.


Package natbib Warning: Citation `shchur2018photo' on page 22 undefined on input line 1883.


Package natbib Warning: Citation `pei2020texasquirrel' on page 22 undefined on input line 1883.


Package natbib Warning: Citation `adamic2003friends' on page 22 undefined on input line 1883.


Package natbib Warning: Citation `kipf2016variational' on page 22 undefined on input line 1883.


Package natbib Warning: Citation `GAT' on page 22 undefined on input line 1883.


Package natbib Warning: Citation `lim2021linkx' on page 22 undefined on input line 1883.


Package natbib Warning: Citation `zhou2022disenlink' on page 22 undefined on input line 1883.


LaTeX Warning: Reference `sec: link experimental setup' on page 22 undefined on input line 1887.


LaTeX Warning: Reference `table: link hypers table' on page 22 undefined on input line 1887.


LaTeX Warning: Reference `table: link table' on page 22 undefined on input line 1910.


Package natbib Warning: Citation `zhou2022disenlink' on page 22 undefined on input line 1910.


LaTeX Warning: Reference `fig:ground truth 2d reconstruction' on page 22 undefined on input line 1940.

File: images/synthetic_2d/circle/circle_ie_gt.png Graphic file (type png)
<use images/synthetic_2d/circle/circle_ie_gt.png>
Package pdftex.def Info: images/synthetic_2d/circle/circle_ie_gt.png  used on input line 1945.
(pdftex.def)             Requested size: 292.69647pt x 157.60455pt.
<images/synthetic_2d/two_moons/moons_big_gt.png, id=235, 517.935pt x 276.03125pt>
File: images/synthetic_2d/two_moons/moons_big_gt.png Graphic file (type png)
<use images/synthetic_2d/two_moons/moons_big_gt.png>
Package pdftex.def Info: images/synthetic_2d/two_moons/moons_big_gt.png  used on input line 1949.
(pdftex.def)             Requested size: 292.69647pt x 155.99583pt.

LaTeX Warning: Reference `fig: unpriored models reconstruction' on page 22 undefined on input line 1955.


LaTeX Warning: Reference `fig: priored reconstructions' on page 22 undefined on input line 1955.

[22]

LaTeX Warning: Reference `fig: priored reconstructions' on page 23 undefined on input line 1957.

<images/synthetic_2d/circle/circ_ie_reconstruct.png, id=243, 247.92625pt x 296.10625pt>
File: images/synthetic_2d/circle/circ_ie_reconstruct.png Graphic file (type png)
<use images/synthetic_2d/circle/circ_ie_reconstruct.png>
Package pdftex.def Info: images/synthetic_2d/circle/circ_ie_reconstruct.png  used on input line 1971.
(pdftex.def)             Requested size: 82.92892pt x 99.0437pt.
<images/synthetic_2d/two_moons/moons_big_reconstruct.png, id=244, 294.09875pt x 296.10625pt>
File: images/synthetic_2d/two_moons/moons_big_reconstruct.png Graphic file (type png)
<use images/synthetic_2d/two_moons/moons_big_reconstruct.png>
Package pdftex.def Info: images/synthetic_2d/two_moons/moons_big_reconstruct.png  used on input line 1976.
(pdftex.def)             Requested size: 97.563pt x 98.2259pt.
File: images/synthetic_2d/circle/pieclam_circ_reconstruct_edges.png Graphic file (type png)
<use images/synthetic_2d/circle/pieclam_circ_reconstruct_edges.png>
Package pdftex.def Info: images/synthetic_2d/circle/pieclam_circ_reconstruct_edges.png  used on input line 1988.
(pdftex.def)             Requested size: 146.34824pt x 78.49489pt.
<images/synthetic_2d/two_moons/moons_pclam_reconstructed.png, id=245, 620.3175pt x 296.10625pt>
File: images/synthetic_2d/two_moons/moons_pclam_reconstructed.png Graphic file (type png)
<use images/synthetic_2d/two_moons/moons_pclam_reconstructed.png>
Package pdftex.def Info: images/synthetic_2d/two_moons/moons_pclam_reconstructed.png  used on input line 1994.
(pdftex.def)             Requested size: 146.34824pt x 69.85606pt.

LaTeX Warning: Reference `sec:reconstruction_sbm' on page 23 undefined on input line 2005.


LaTeX Warning: Reference `sec:reconstruction_sbm' on page 23 undefined on input line 2005.


LaTeX Warning: Reference `fig:sbm_pclam1' on page 23 undefined on input line 2005.


LaTeX Warning: Reference `fig:sbm_pclam6' on page 23 undefined on input line 2005.


LaTeX Warning: Reference `fig: noise comparison' on page 23 undefined on input line 2102.

File: images/synthetic_2d/two_moons/moons_pclam_reconstructed.png Graphic file (type png)
<use images/synthetic_2d/two_moons/moons_pclam_reconstructed.png>
Package pdftex.def Info: images/synthetic_2d/two_moons/moons_pclam_reconstructed.png  used on input line 2109.
(pdftex.def)             Requested size: 195.126pt x 93.14293pt.
<images/ablation/no_noise.png, id=246, 629.35126pt x 296.10625pt>
File: images/ablation/no_noise.png Graphic file (type png)
<use images/ablation/no_noise.png>
Package pdftex.def Info: images/ablation/no_noise.png  used on input line 2115.
(pdftex.def)             Requested size: 195.126pt x 91.80553pt.

LaTeX Warning: Reference `sec: densification definition' on page 23 undefined on input line 2124.


LaTeX Warning: Reference `sec:anomaly_detection' on page 23 undefined on input line 2124.


LaTeX Warning: Reference `TableAblation' on page 23 undefined on input line 2124.


Underfull \vbox (badness 10000) has occurred while \output is active []

 [23 <./images/synthetic_2d/two_moons/moons_big_gt.png (PNG copy)>]
File: images/sbm_reconstruction/halfdiag.png Graphic file (type png)
<use images/sbm_reconstruction/halfdiag.png>
Package pdftex.def Info: images/sbm_reconstruction/halfdiag.png  used on input line 2159.
(pdftex.def)             Requested size: 195.12973pt x 161.59436pt.
<images/sbm_reconstruction/halfdiag_bigclam/2_com/adj_cropped.png, id=254, 282.05376pt x 216.81pt>
File: images/sbm_reconstruction/halfdiag_bigclam/2_com/adj_cropped.png Graphic file (type png)
<use images/sbm_reconstruction/halfdiag_bigclam/2_com/adj_cropped.png>
Package pdftex.def Info: images/sbm_reconstruction/halfdiag_bigclam/2_com/adj_cropped.png  used on input line 2159.
(pdftex.def)             Requested size: 195.12973pt x 149.99605pt.
<images/sbm_reconstruction/halfdiag_bigclam/2_com/distances.png, id=255, 1491.5725pt x 491.8375pt>
File: images/sbm_reconstruction/halfdiag_bigclam/2_com/distances.png Graphic file (type png)
<use images/sbm_reconstruction/halfdiag_bigclam/2_com/distances.png>
Package pdftex.def Info: images/sbm_reconstruction/halfdiag_bigclam/2_com/distances.png  used on input line 2159.
(pdftex.def)             Requested size: 429.2878pt x 141.54852pt.

Overfull \hbox (48.78522pt too wide) in paragraph at lines 2159--2159
[]$ 
 []

File: images/sbm_reconstruction/halfdiag.png Graphic file (type png)
<use images/sbm_reconstruction/halfdiag.png>
Package pdftex.def Info: images/sbm_reconstruction/halfdiag.png  used on input line 2159.
(pdftex.def)             Requested size: 195.12973pt x 161.59436pt.
<images/sbm_reconstruction/halfdiag_bigclam/4_com/adj_cropped.png, id=256, 279.0425pt x 214.8025pt>
File: images/sbm_reconstruction/halfdiag_bigclam/4_com/adj_cropped.png Graphic file (type png)
<use images/sbm_reconstruction/halfdiag_bigclam/4_com/adj_cropped.png>
Package pdftex.def Info: images/sbm_reconstruction/halfdiag_bigclam/4_com/adj_cropped.png  used on input line 2159.
(pdftex.def)             Requested size: 195.12973pt x 150.21323pt.
<images/sbm_reconstruction/halfdiag_bigclam/4_com/distances.png, id=257, 1491.5725pt x 491.8375pt>
File: images/sbm_reconstruction/halfdiag_bigclam/4_com/distances.png Graphic file (type png)
<use images/sbm_reconstruction/halfdiag_bigclam/4_com/distances.png>
Package pdftex.def Info: images/sbm_reconstruction/halfdiag_bigclam/4_com/distances.png  used on input line 2159.
(pdftex.def)             Requested size: 429.2878pt x 141.54852pt.

Overfull \hbox (48.78522pt too wide) in paragraph at lines 2159--2159
[]$ 
 []

File: images/sbm_reconstruction/halfdiag.png Graphic file (type png)
<use images/sbm_reconstruction/halfdiag.png>
Package pdftex.def Info: images/sbm_reconstruction/halfdiag.png  used on input line 2159.
(pdftex.def)             Requested size: 195.12973pt x 161.59436pt.
<images/sbm_reconstruction/halfdiag_bigclam/6_com/adj_cropped.png, id=258, 284.06125pt x 217.81375pt>
File: images/sbm_reconstruction/halfdiag_bigclam/6_com/adj_cropped.png Graphic file (type png)
<use images/sbm_reconstruction/halfdiag_bigclam/6_com/adj_cropped.png>
Package pdftex.def Info: images/sbm_reconstruction/halfdiag_bigclam/6_com/adj_cropped.png  used on input line 2159.
(pdftex.def)             Requested size: 195.12973pt x 149.62692pt.
<images/sbm_reconstruction/halfdiag_bigclam/6_com/distances.png, id=259, 1491.5725pt x 491.8375pt>
File: images/sbm_reconstruction/halfdiag_bigclam/6_com/distances.png Graphic file (type png)
<use images/sbm_reconstruction/halfdiag_bigclam/6_com/distances.png>
Package pdftex.def Info: images/sbm_reconstruction/halfdiag_bigclam/6_com/distances.png  used on input line 2159.
(pdftex.def)             Requested size: 429.2878pt x 141.54852pt.

Overfull \hbox (48.78522pt too wide) in paragraph at lines 2159--2159
[]$ 
 []

File: images/sbm_reconstruction/halfdiag.png Graphic file (type png)
<use images/sbm_reconstruction/halfdiag.png>
Package pdftex.def Info: images/sbm_reconstruction/halfdiag.png  used on input line 2159.
(pdftex.def)             Requested size: 195.12973pt x 161.59436pt.
<images/sbm_reconstruction/halfdiag_ieclam/2_com/adj_cropped.png, id=260, 284.06125pt x 215.80624pt>
File: images/sbm_reconstruction/halfdiag_ieclam/2_com/adj_cropped.png Graphic file (type png)
<use images/sbm_reconstruction/halfdiag_ieclam/2_com/adj_cropped.png>
Package pdftex.def Info: images/sbm_reconstruction/halfdiag_ieclam/2_com/adj_cropped.png  used on input line 2159.
(pdftex.def)             Requested size: 195.12973pt x 148.24788pt.
<images/sbm_reconstruction/halfdiag_ieclam/2_com/distances_2com.png, id=261, 1492.57625pt x 491.8375pt>
File: images/sbm_reconstruction/halfdiag_ieclam/2_com/distances_2com.png Graphic file (type png)
<use images/sbm_reconstruction/halfdiag_ieclam/2_com/distances_2com.png>
Package pdftex.def Info: images/sbm_reconstruction/halfdiag_ieclam/2_com/distances_2com.png  used on input line 2159.
(pdftex.def)             Requested size: 429.2878pt x 141.45847pt.

Overfull \hbox (48.78522pt too wide) in paragraph at lines 2159--2159
[]$ 
 []

File: images/sbm_reconstruction/halfdiag.png Graphic file (type png)
<use images/sbm_reconstruction/halfdiag.png>
Package pdftex.def Info: images/sbm_reconstruction/halfdiag.png  used on input line 2159.
(pdftex.def)             Requested size: 195.12973pt x 161.59436pt.
<images/sbm_reconstruction/halfdiag_ieclam/4_com/adj_cropped.png, id=262, 280.04625pt x 216.81pt>
File: images/sbm_reconstruction/halfdiag_ieclam/4_com/adj_cropped.png Graphic file (type png)
<use images/sbm_reconstruction/halfdiag_ieclam/4_com/adj_cropped.png>
Package pdftex.def Info: images/sbm_reconstruction/halfdiag_ieclam/4_com/adj_cropped.png  used on input line 2159.
(pdftex.def)             Requested size: 195.12973pt x 151.07452pt.
<images/sbm_reconstruction/halfdiag_ieclam/4_com/dists.png, id=263, 1491.5725pt x 491.8375pt>
File: images/sbm_reconstruction/halfdiag_ieclam/4_com/dists.png Graphic file (type png)
<use images/sbm_reconstruction/halfdiag_ieclam/4_com/dists.png>
Package pdftex.def Info: images/sbm_reconstruction/halfdiag_ieclam/4_com/dists.png  used on input line 2159.
(pdftex.def)             Requested size: 429.2878pt x 141.54852pt.

Overfull \hbox (48.78522pt too wide) in paragraph at lines 2159--2159
[]$ 
 []

File: images/sbm_reconstruction/halfdiag.png Graphic file (type png)
<use images/sbm_reconstruction/halfdiag.png>
Package pdftex.def Info: images/sbm_reconstruction/halfdiag.png  used on input line 2159.
(pdftex.def)             Requested size: 195.12973pt x 161.59436pt.
<images/sbm_reconstruction/halfdiag_ieclam/6_com/adj_cropped.png, id=264, 283.0575pt x 211.79124pt>
File: images/sbm_reconstruction/halfdiag_ieclam/6_com/adj_cropped.png Graphic file (type png)
<use images/sbm_reconstruction/halfdiag_ieclam/6_com/adj_cropped.png>
Package pdftex.def Info: images/sbm_reconstruction/halfdiag_ieclam/6_com/adj_cropped.png  used on input line 2159.
(pdftex.def)             Requested size: 195.12973pt x 146.00362pt.
<images/sbm_reconstruction/halfdiag_ieclam/6_com/distances.png, id=265, 1491.5725pt x 491.8375pt>
File: images/sbm_reconstruction/halfdiag_ieclam/6_com/distances.png Graphic file (type png)
<use images/sbm_reconstruction/halfdiag_ieclam/6_com/distances.png>
Package pdftex.def Info: images/sbm_reconstruction/halfdiag_ieclam/6_com/distances.png  used on input line 2159.
(pdftex.def)             Requested size: 429.2878pt x 141.54852pt.

Overfull \hbox (48.78522pt too wide) in paragraph at lines 2159--2159
[]$ 
 []


LaTeX Warning: Reference `TableAblation' on page 24 undefined on input line 2161.


Package natbib Warning: There were undefined citations.

[24 <./images/synthetic_2d/circle/circ_ie_reconstruct.png (PNG copy)> <./images/synthetic_2d/two_moons/moons_big_reconstruct.png (PNG copy)> <./images/synthetic_2d/two_moons/moons_pclam_reconstructed.png (PNG copy)>] [25 <./images/ablation/no_noise.png (PNG copy)> <./images/sbm_reconstruction/halfdiag_bigclam/2_com/adj_cropped.png> <./images/sbm_reconstruction/halfdiag_bigclam/2_com/distances.png (PNG copy)>] [26 <./images/sbm_reconstruction/halfdiag_bigclam/4_com/adj_cropped.png> <./images/sbm_reconstruction/halfdiag_bigclam/4_com/distances.png (PNG copy)>] [27 <./images/sbm_reconstruction/halfdiag_bigclam/6_com/adj_cropped.png> <./images/sbm_reconstruction/halfdiag_bigclam/6_com/distances.png (PNG copy)>] [28 <./images/sbm_reconstruction/halfdiag_ieclam/2_com/adj_cropped.png> <./images/sbm_reconstruction/halfdiag_ieclam/2_com/distances_2com.png (PNG copy)>] [29 <./images/sbm_reconstruction/halfdiag_ieclam/4_com/adj_cropped.png> <./images/sbm_reconstruction/halfdiag_ieclam/4_com/dists.png (PNG copy)>] [30 <./images/sbm_reconstruction/halfdiag_ieclam/6_com/adj_cropped.png> <./images/sbm_reconstruction/halfdiag_ieclam/6_com/distances.png (PNG copy)>] (./main.aux)

LaTeX Font Warning: Size substitutions with differences
(Font)              up to 4.5pt have occurred.


LaTeX Warning: There were undefined references.


LaTeX Warning: Label(s) may have changed. Rerun to get cross-references right.


Package rerunfilecheck Warning: File `main.out' has changed.
(rerunfilecheck)                Rerun to get outlines right
(rerunfilecheck)                or use package `bookmark'.

Package rerunfilecheck Info: Checksums for `main.out':
(rerunfilecheck)             Before: <no file>
(rerunfilecheck)             After:  D41D8CD98F00B204E9800998ECF8427E;0.
 ) 
Here is how much of TeX's memory you used:
 38948 strings out of 478268
 889286 string characters out of 5846347
 1355035 words of memory out of 5000000
 55893 multiletter control sequences out of 15000+600000
 520212 words of font info for 390 fonts, out of 8000000 for 9000
 1141 hyphenation exceptions out of 8191
 99i,21n,131p,1654b,609s stack positions out of 10000i,1000n,20000p,200000b,200000s
{/usr/local/texlive/2022/texmf-dist/fonts/enc/dvips/base/8r.enc}</usr/local/texlive/2022/texmf-dist/fonts/type1/public/amsfonts/cm/cmbx10.pfb></usr/local/texlive/2022/texmf-dist/fonts/type1/public/amsfonts/cm/cmbx6.pfb></usr/local/texlive/2022/texmf-dist/fonts/type1/public/amsfonts/cm/cmbx7.pfb></usr/local/texlive/2022/texmf-dist/fonts/type1/public/amsfonts/cm/cmbx9.pfb></usr/local/texlive/2022/texmf-dist/fonts/type1/public/amsfonts/cm/cmex10.pfb></usr/local/texlive/2022/texmf-dist/fonts/type1/public/amsfonts/cmextra/cmex7.pfb></usr/local/texlive/2022/texmf-dist/fonts/type1/public/amsfonts/cmextra/cmex9.pfb></usr/local/texlive/2022/texmf-dist/fonts/type1/public/amsfonts/cm/cmmi10.pfb></usr/local/texlive/2022/texmf-dist/fonts/type1/public/amsfonts/cm/cmmi5.pfb></usr/local/texlive/2022/texmf-dist/fonts/type1/public/amsfonts/cm/cmmi6.pfb></usr/local/texlive/2022/texmf-dist/fonts/type1/public/amsfonts/cm/cmmi7.pfb></usr/local/texlive/2022/texmf-dist/fonts/type1/public/amsfonts/cm/cmmi9.pfb></usr/local/texlive/2022/texmf-dist/fonts/type1/public/amsfonts/cm/cmr10.pfb></usr/local/texlive/2022/texmf-dist/fonts/type1/public/amsfonts/cm/cmr5.pfb></usr/local/texlive/2022/texmf-dist/fonts/type1/public/amsfonts/cm/cmr6.pfb></usr/local/texlive/2022/texmf-dist/fonts/type1/public/amsfonts/cm/cmr7.pfb></usr/local/texlive/2022/texmf-dist/fonts/type1/public/amsfonts/cm/cmr9.pfb></usr/local/texlive/2022/texmf-dist/fonts/type1/public/amsfonts/cm/cmsy10.pfb></usr/local/texlive/2022/texmf-dist/fonts/type1/public/amsfonts/cm/cmsy5.pfb></usr/local/texlive/2022/texmf-dist/fonts/type1/public/amsfonts/cm/cmsy6.pfb></usr/local/texlive/2022/texmf-dist/fonts/type1/public/amsfonts/cm/cmsy7.pfb></usr/local/texlive/2022/texmf-dist/fonts/type1/public/amsfonts/cm/cmsy9.pfb></usr/local/texlive/2022/texmf-dist/fonts/type1/public/amsfonts/cm/cmti9.pfb></usr/local/texlive/2022/texmf-dist/fonts/type1/public/amsfonts/symbols/msam7.pfb></usr/local/texlive/2022/texmf-dist/fonts/type1/public/amsfonts/symbols/msbm10.pfb></usr/local/texlive/2022/texmf-dist/fonts/type1/public/amsfonts/symbols/msbm7.pfb></usr/local/texlive/2022/texmf-dist/fonts/type1/urw/courier/ucrr8a.pfb></usr/local/texlive/2022/texmf-dist/fonts/type1/urw/times/utmb8a.pfb></usr/local/texlive/2022/texmf-dist/fonts/type1/urw/times/utmr8a.pfb></usr/local/texlive/2022/texmf-dist/fonts/type1/urw/times/utmri8a.pfb>
Output written on main.pdf (30 pages, 1563125 bytes).
PDF statistics:
 467 PDF objects out of 1000 (max. 8388607)
 341 compressed objects within 4 object streams
 143 named destinations out of 1000 (max. 500000)
 69760 words of extra memory for PDF output out of 74296 (max. 10000000)

