/var/spool/slurm/slurmd/job4640791/slurm_script: line 7: nvcc: command not found
Mon Dec 15 10:53:33 2025       
+-----------------------------------------------------------------------------------------+
| NVIDIA-SMI 555.42.06              Driver Version: 555.42.06      CUDA Version: 12.5     |
|-----------------------------------------+------------------------+----------------------+
| GPU  Name                 Persistence-M | Bus-Id          Disp.A | Volatile Uncorr. ECC |
| Fan  Temp   Perf          Pwr:Usage/Cap |           Memory-Usage | GPU-Util  Compute M. |
|                                         |                        |               MIG M. |
|=========================================+========================+======================|
|   0  Tesla V100-PCIE-32GB           On  |   00000000:AF:00.0 Off |                    0 |
| N/A   38C    P0             25W /  250W |       1MiB /  32768MiB |      0%      Default |
|                                         |                        |                  N/A |
+-----------------------------------------+------------------------+----------------------+
                                                                                         
+-----------------------------------------------------------------------------------------+
| Processes:                                                                              |
|  GPU   GI   CI        PID   Type   Process name                              GPU Memory |
|        ID   ID                                                               Usage      |
|=========================================================================================|
|  No running processes found                                                             |
+-----------------------------------------------------------------------------------------+
/mnt/home/jcervino/miniconda3/envs/pieclam_directed/lib/python3.11/site-packages/outdated/__init__.py:36: UserWarning: pkg_resources is deprecated as an API. See https://setuptools.pypa.io/en/latest/pkg_resources.html. The pkg_resources package is slated for removal as early as 2025-11-30. Refrain from using this package or pin to Setuptools<81.
  from pkg_resources import parse_version


/mnt/home/jcervino/Github/CoraCiteseer/PieClam/experiments/scripts/link_prediction/hypers_search/hypers_search_splits.py:100:::  
CUDA available


/mnt/home/jcervino/Github/CoraCiteseer/PieClam/experiments/scripts/link_prediction/hypers_search/hypers_search_splits.py:102:::  
Using device: cuda


/mnt/home/jcervino/Github/CoraCiteseer/PieClam/experiments/scripts/link_prediction/hypers_search/hypers_search_splits.py:124:::  
Running cross val link splits for cora with model pclam


/mnt/home/jcervino/Github/CoraCiteseer/PieClam/experiments/scripts/link_prediction/hypers_search/hypers_search_splits.py:125:::  
args=Namespace(model_name='pclam', ds_name='cora', dim_feats=[50, 100, 200], l1_regs=[], s_regs=[0.0], n_iters_feats=[500, 1000, 3000], lr_feats=[5e-07, 5e-06], dim_attr=[], n_iters_prior=[500, 1000, 3000], lr_prior=[5e-06, 5e-07], noise_amps=[], n_back_forth=[], first_funcs_in_fit=[], use_global_config_base=False, densify=False, attr_opt=False, test_p=0.1, val_p=0.0, val_dyads_path=None, test_dyads_path=None, random_search=True, num_draws_random=50, test_only=True, n_reps=3, reverse_test_set_order=False, to_undirected=False, remove_self_loops=False)


/mnt/home/jcervino/Github/CoraCiteseer/PieClam/experiments/optimization_utils_directed.py:514:::  
On test set split_22-47_22-11-25 of cora,pclam
 ======================


/mnt/home/jcervino/Github/CoraCiteseer/PieClam/experiments/optimization_utils_directed.py:727:::  


#### ERROR #### in cross_val_link:  in import_dataset: dataset cora not implemented yet




/mnt/home/jcervino/Github/CoraCiteseer/PieClam/experiments/optimization_utils_directed.py:728:::  
Full traceback:
Traceback (most recent call last):
  File "/mnt/home/jcervino/Github/CoraCiteseer/PieClam/experiments/optimization_utils_directed.py", line 589, in cross_val_link
    ds = import_dataset(ds_name, test_dyads_path=test_dyads_path, val_dyads_path=val_dyads_path, to_undirected= to_undirected, remove_self_loops=remove_self_loops)
         ^^^^^^^^^^^^^^^^^^^^^^^^^^^^^^^^^^^^^^^^^^^^^^^^^^^^^^^^^^^^^^^^^^^^^^^^^^^^^^^^^^^^^^^^^^^^^^^^^^^^^^^^^^^^^^^^^^^^^^^^^^^^^^^^^^^^^^^^^^^^^^^^^^^^^^^^^^
  File "/mnt/home/jcervino/Github/CoraCiteseer/PieClam/experiments/../datasets/import_dataset.py", line 202, in import_dataset
    raise NotImplementedError(f' in import_dataset: dataset {dataset_name} not implemented yet')
NotImplementedError:  in import_dataset: dataset cora not implemented yet



/mnt/home/jcervino/Github/CoraCiteseer/PieClam/experiments/optimization_utils_directed.py:738:::  


Finished CrossVal!


Traceback (most recent call last):
  File "/mnt/home/jcervino/Github/CoraCiteseer/PieClam/experiments/optimization_utils_directed.py", line 729, in cross_val_link
    raise e
  File "/mnt/home/jcervino/Github/CoraCiteseer/PieClam/experiments/optimization_utils_directed.py", line 589, in cross_val_link
    ds = import_dataset(ds_name, test_dyads_path=test_dyads_path, val_dyads_path=val_dyads_path, to_undirected= to_undirected, remove_self_loops=remove_self_loops)
         ^^^^^^^^^^^^^^^^^^^^^^^^^^^^^^^^^^^^^^^^^^^^^^^^^^^^^^^^^^^^^^^^^^^^^^^^^^^^^^^^^^^^^^^^^^^^^^^^^^^^^^^^^^^^^^^^^^^^^^^^^^^^^^^^^^^^^^^^^^^^^^^^^^^^^^^^^^
  File "/mnt/home/jcervino/Github/CoraCiteseer/PieClam/experiments/../datasets/import_dataset.py", line 202, in import_dataset
    raise NotImplementedError(f' in import_dataset: dataset {dataset_name} not implemented yet')
NotImplementedError:  in import_dataset: dataset cora not implemented yet

During handling of the above exception, another exception occurred:

Traceback (most recent call last):
  File "/mnt/home/jcervino/Github/CoraCiteseer/PieClam/experiments/scripts/link_prediction/hypers_search/hypers_search_splits.py", line 147, in <module>
    main()
  File "/mnt/home/jcervino/Github/CoraCiteseer/PieClam/experiments/scripts/link_prediction/hypers_search/hypers_search_splits.py", line 127, in main
    ou.cross_val_link_splits(
  File "/mnt/home/jcervino/Github/CoraCiteseer/PieClam/experiments/optimization_utils_directed.py", line 517, in cross_val_link_splits
    cross_val_link(
  File "/mnt/home/jcervino/Github/CoraCiteseer/PieClam/experiments/optimization_utils_directed.py", line 739, in cross_val_link
    return trainer   
           ^^^^^^^
UnboundLocalError: cannot access local variable 'trainer' where it is not associated with a value
