/var/spool/slurm/slurmd/job4640788/slurm_script: line 7: nvcc: command not found
Mon Dec 15 10:48:25 2025       
+-----------------------------------------------------------------------------------------+
| NVIDIA-SMI 560.35.03              Driver Version: 560.35.03      CUDA Version: 12.6     |
|-----------------------------------------+------------------------+----------------------+
| GPU  Name                 Persistence-M | Bus-Id          Disp.A | Volatile Uncorr. ECC |
| Fan  Temp   Perf          Pwr:Usage/Cap |           Memory-Usage | GPU-Util  Compute M. |
|                                         |                        |               MIG M. |
|=========================================+========================+======================|
|   0  Tesla V100-PCIE-32GB           On  |   00000000:AF:00.0 Off |                  Off |
| N/A   40C    P0             23W /  250W |       1MiB /  32768MiB |      0%      Default |
|                                         |                        |                  N/A |
+-----------------------------------------+------------------------+----------------------+
                                                                                         
+-----------------------------------------------------------------------------------------+
| Processes:                                                                              |
|  GPU   GI   CI        PID   Type   Process name                              GPU Memory |
|        ID   ID                                                               Usage      |
|=========================================================================================|
|  No running processes found                                                             |
+-----------------------------------------------------------------------------------------+
/mnt/home/jcervino/miniconda3/envs/pieclam_directed/lib/python3.11/site-packages/outdated/__init__.py:36: UserWarning: pkg_resources is deprecated as an API. See https://setuptools.pypa.io/en/latest/pkg_resources.html. The pkg_resources package is slated for removal as early as 2025-11-30. Refrain from using this package or pin to Setuptools<81.
  from pkg_resources import parse_version


/mnt/home/jcervino/Github/CoraCiteseer/PieClam/experiments/scripts/link_prediction/hypers_search/hypers_search_splits.py:100:::  
CUDA available


/mnt/home/jcervino/Github/CoraCiteseer/PieClam/experiments/scripts/link_prediction/hypers_search/hypers_search_splits.py:102:::  
Using device: cuda


/mnt/home/jcervino/Github/CoraCiteseer/PieClam/experiments/scripts/link_prediction/hypers_search/hypers_search_splits.py:124:::  
Running cross val link splits for cora with model pieclam


/mnt/home/jcervino/Github/CoraCiteseer/PieClam/experiments/scripts/link_prediction/hypers_search/hypers_search_splits.py:125:::  
args=Namespace(model_name='pieclam', ds_name='cora', dim_feats=[50, 100, 200], l1_regs=[], s_regs=[0.0], n_iters_feats=[500, 1000, 3000], lr_feats=[5e-07, 5e-06], dim_attr=[], n_iters_prior=[500, 1000, 3000], lr_prior=[5e-06, 5e-07], noise_amps=[], n_back_forth=[], first_funcs_in_fit=[], use_global_config_base=False, densify=False, attr_opt=False, test_p=0.1, val_p=0.0, val_dyads_path=None, test_dyads_path=None, random_search=True, num_draws_random=50, test_only=True, n_reps=3, reverse_test_set_order=False, to_undirected=False, remove_self_loops=False)
Traceback (most recent call last):
  File "/mnt/home/jcervino/Github/CoraCiteseer/PieClam/experiments/scripts/link_prediction/hypers_search/hypers_search_splits.py", line 147, in <module>
    main()
  File "/mnt/home/jcervino/Github/CoraCiteseer/PieClam/experiments/scripts/link_prediction/hypers_search/hypers_search_splits.py", line 127, in main
    ou.cross_val_link_splits(
  File "/mnt/home/jcervino/Github/CoraCiteseer/PieClam/experiments/optimization_utils_directed.py", line 507, in cross_val_link_splits
    splits = os.listdir(path_to_res)
             ^^^^^^^^^^^^^^^^^^^^^^^
FileNotFoundError: [Errno 2] No such file or directory: '/mnt/home/jcervino/Github/CoraCiteseer/PieClam/experiments/results/directed/link_prediction/auc/cora/pieclam'
