

/home/daniel.z/ICML_PIECLAM_020425/experiments/scripts/link_prediction/hypers_search/hypers_search.py:92:::  Using device: cuda


/home/daniel.z/ICML_PIECLAM_020425/experiments/optimization_utils.py:128:::  True


/home/daniel.z/ICML_PIECLAM_020425/experiments/../trainer.py:335:::  
 2025-04-28 22:15:52 starting optimization of pieclam on texas on device cuda

 configs_dict: 
{
    "clamiter_init": {
        "dim_feat": 36,
        "dim_attr": 100,
        "s_reg": 0.0,
        "l1_reg": 1,
        "T": 1,
        "hidden_dim": 64,
        "num_coupling_blocks": 32,
        "num_layers_mlp": 2
    },
    "feat_opt": {
        "lr": 3e-06,
        "n_iter": 13000,
        "early_stop": 0
    },
    "prior_opt": {
        "n_iter": 2000,
        "lr": 5e-06,
        "noise_amp": 0.05,
        "weight_decay": 0.1,
        "early_stop": 0
    },
    "back_forth": {
        "n_back_forth": 7,
        "scheduler_step_size": 3,
        "scheduler_gamma": 0.5,
        "early_stop_fit": 0,
        "first_func_in_fit": "fit_prior"
    }
}


/home/daniel.z/ICML_PIECLAM_020425/experiments/../clamiter.py:577:::  
in fit,
first_func_in_fit='fit_prior'
second_function_name='fit_feats'


/home/daniel.z/ICML_PIECLAM_020425/experiments/../clamiter.py:637:::  
back and forth 1/7


/home/daniel.z/ICML_PIECLAM_020425/experiments/../clamiter.py:364:::  staring fit_prior for 2000 iterations


/home/daniel.z/ICML_PIECLAM_020425/experiments/../clamiter.py:364:::  staring fit_feats for 13000 iterations


/home/daniel.z/ICML_PIECLAM_020425/experiments/../clamiter.py:637:::  
back and forth 2/7


/home/daniel.z/ICML_PIECLAM_020425/experiments/../clamiter.py:364:::  staring fit_prior for 2000 iterations


/home/daniel.z/ICML_PIECLAM_020425/experiments/../clamiter.py:364:::  staring fit_feats for 13000 iterations


/home/daniel.z/ICML_PIECLAM_020425/experiments/../clamiter.py:637:::  
back and forth 3/7


/home/daniel.z/ICML_PIECLAM_020425/experiments/../clamiter.py:364:::  staring fit_prior for 2000 iterations


/home/daniel.z/ICML_PIECLAM_020425/experiments/../clamiter.py:364:::  staring fit_feats for 13000 iterations


/home/daniel.z/ICML_PIECLAM_020425/experiments/../clamiter.py:637:::  
back and forth 4/7


/home/daniel.z/ICML_PIECLAM_020425/experiments/../clamiter.py:364:::  staring fit_prior for 2000 iterations


/home/daniel.z/ICML_PIECLAM_020425/experiments/../clamiter.py:364:::  staring fit_feats for 13000 iterations


/home/daniel.z/ICML_PIECLAM_020425/experiments/../clamiter.py:637:::  
back and forth 5/7


/home/daniel.z/ICML_PIECLAM_020425/experiments/../clamiter.py:364:::  staring fit_prior for 2000 iterations


/home/daniel.z/ICML_PIECLAM_020425/experiments/../clamiter.py:364:::  staring fit_feats for 13000 iterations


/home/daniel.z/ICML_PIECLAM_020425/experiments/../clamiter.py:637:::  
back and forth 6/7


/home/daniel.z/ICML_PIECLAM_020425/experiments/../clamiter.py:364:::  staring fit_prior for 2000 iterations


/home/daniel.z/ICML_PIECLAM_020425/experiments/../clamiter.py:364:::  staring fit_feats for 13000 iterations


/home/daniel.z/ICML_PIECLAM_020425/experiments/../clamiter.py:637:::  
back and forth 7/7


/home/daniel.z/ICML_PIECLAM_020425/experiments/../clamiter.py:364:::  staring fit_prior for 2000 iterations


/home/daniel.z/ICML_PIECLAM_020425/experiments/../clamiter.py:364:::  staring fit_feats for 13000 iterations


/home/daniel.z/ICML_PIECLAM_020425/experiments/../clamiter.py:704:::  
fit end, no early stopping


/home/daniel.z/ICML_PIECLAM_020425/experiments/../trainer.py:437:::  


FINISHED train 
 last accuracies:
test
key='auc': 0.7976089716462124
val
auc: None


/home/daniel.z/ICML_PIECLAM_020425/experiments/../trainer.py:451:::  





/home/daniel.z/ICML_PIECLAM_020425/experiments/../trainer.py:335:::  
 2025-04-29 03:31:20 starting optimization of pieclam on texas on device cuda

 configs_dict: 
{
    "clamiter_init": {
        "dim_feat": 36,
        "dim_attr": 100,
        "s_reg": 0.0,
        "l1_reg": 1,
        "T": 1,
        "hidden_dim": 64,
        "num_coupling_blocks": 32,
        "num_layers_mlp": 2
    },
    "feat_opt": {
        "lr": 3e-06,
        "n_iter": 13000,
        "early_stop": 0
    },
    "prior_opt": {
        "n_iter": 2000,
        "lr": 5e-06,
        "noise_amp": 0.05,
        "weight_decay": 0.1,
        "early_stop": 0
    },
    "back_forth": {
        "n_back_forth": 7,
        "scheduler_step_size": 3,
        "scheduler_gamma": 0.5,
        "early_stop_fit": 0,
        "first_func_in_fit": "fit_prior"
    }
}


/home/daniel.z/ICML_PIECLAM_020425/experiments/../clamiter.py:577:::  
in fit,
first_func_in_fit='fit_prior'
second_function_name='fit_feats'


/home/daniel.z/ICML_PIECLAM_020425/experiments/../clamiter.py:637:::  
back and forth 1/7


/home/daniel.z/ICML_PIECLAM_020425/experiments/../clamiter.py:364:::  staring fit_prior for 2000 iterations


/home/daniel.z/ICML_PIECLAM_020425/experiments/../clamiter.py:364:::  staring fit_feats for 13000 iterations


/home/daniel.z/ICML_PIECLAM_020425/experiments/../clamiter.py:637:::  
back and forth 2/7


/home/daniel.z/ICML_PIECLAM_020425/experiments/../clamiter.py:364:::  staring fit_prior for 2000 iterations


/home/daniel.z/ICML_PIECLAM_020425/experiments/../clamiter.py:364:::  staring fit_feats for 13000 iterations


/home/daniel.z/ICML_PIECLAM_020425/experiments/../clamiter.py:637:::  
back and forth 3/7


/home/daniel.z/ICML_PIECLAM_020425/experiments/../clamiter.py:364:::  staring fit_prior for 2000 iterations


/home/daniel.z/ICML_PIECLAM_020425/experiments/../clamiter.py:364:::  staring fit_feats for 13000 iterations


/home/daniel.z/ICML_PIECLAM_020425/experiments/../clamiter.py:637:::  
back and forth 4/7


/home/daniel.z/ICML_PIECLAM_020425/experiments/../clamiter.py:364:::  staring fit_prior for 2000 iterations


/home/daniel.z/ICML_PIECLAM_020425/experiments/../clamiter.py:364:::  staring fit_feats for 13000 iterations


/home/daniel.z/ICML_PIECLAM_020425/experiments/../clamiter.py:637:::  
back and forth 5/7


/home/daniel.z/ICML_PIECLAM_020425/experiments/../clamiter.py:364:::  staring fit_prior for 2000 iterations


/home/daniel.z/ICML_PIECLAM_020425/experiments/../clamiter.py:364:::  staring fit_feats for 13000 iterations


/home/daniel.z/ICML_PIECLAM_020425/experiments/../clamiter.py:637:::  
back and forth 6/7


/home/daniel.z/ICML_PIECLAM_020425/experiments/../clamiter.py:364:::  staring fit_prior for 2000 iterations


/home/daniel.z/ICML_PIECLAM_020425/experiments/../clamiter.py:364:::  staring fit_feats for 13000 iterations


/home/daniel.z/ICML_PIECLAM_020425/experiments/../clamiter.py:637:::  
back and forth 7/7


/home/daniel.z/ICML_PIECLAM_020425/experiments/../clamiter.py:364:::  staring fit_prior for 2000 iterations


/home/daniel.z/ICML_PIECLAM_020425/experiments/../clamiter.py:364:::  staring fit_feats for 13000 iterations


/home/daniel.z/ICML_PIECLAM_020425/experiments/../clamiter.py:704:::  
fit end, no early stopping


/home/daniel.z/ICML_PIECLAM_020425/experiments/../trainer.py:437:::  


FINISHED train 
 last accuracies:
test
key='auc': 0.7996191282268302
val
auc: None


/home/daniel.z/ICML_PIECLAM_020425/experiments/../trainer.py:451:::  





/home/daniel.z/ICML_PIECLAM_020425/experiments/../trainer.py:335:::  
 2025-04-29 07:16:50 starting optimization of pieclam on texas on device cuda

 configs_dict: 
{
    "clamiter_init": {
        "dim_feat": 36,
        "dim_attr": 100,
        "s_reg": 0.0,
        "l1_reg": 1,
        "T": 1,
        "hidden_dim": 64,
        "num_coupling_blocks": 32,
        "num_layers_mlp": 2
    },
    "feat_opt": {
        "lr": 3e-06,
        "n_iter": 13000,
        "early_stop": 0
    },
    "prior_opt": {
        "n_iter": 2000,
        "lr": 5e-06,
        "noise_amp": 0.05,
        "weight_decay": 0.1,
        "early_stop": 0
    },
    "back_forth": {
        "n_back_forth": 7,
        "scheduler_step_size": 3,
        "scheduler_gamma": 0.5,
        "early_stop_fit": 0,
        "first_func_in_fit": "fit_prior"
    }
}


/home/daniel.z/ICML_PIECLAM_020425/experiments/../clamiter.py:577:::  
in fit,
first_func_in_fit='fit_prior'
second_function_name='fit_feats'


/home/daniel.z/ICML_PIECLAM_020425/experiments/../clamiter.py:637:::  
back and forth 1/7


/home/daniel.z/ICML_PIECLAM_020425/experiments/../clamiter.py:364:::  staring fit_prior for 2000 iterations


/home/daniel.z/ICML_PIECLAM_020425/experiments/../clamiter.py:364:::  staring fit_feats for 13000 iterations


/home/daniel.z/ICML_PIECLAM_020425/experiments/../clamiter.py:637:::  
back and forth 2/7


/home/daniel.z/ICML_PIECLAM_020425/experiments/../clamiter.py:364:::  staring fit_prior for 2000 iterations


/home/daniel.z/ICML_PIECLAM_020425/experiments/../clamiter.py:364:::  staring fit_feats for 13000 iterations


/home/daniel.z/ICML_PIECLAM_020425/experiments/../clamiter.py:637:::  
back and forth 3/7


/home/daniel.z/ICML_PIECLAM_020425/experiments/../clamiter.py:364:::  staring fit_prior for 2000 iterations


/home/daniel.z/ICML_PIECLAM_020425/experiments/../clamiter.py:364:::  staring fit_feats for 13000 iterations


/home/daniel.z/ICML_PIECLAM_020425/experiments/../clamiter.py:637:::  
back and forth 4/7


/home/daniel.z/ICML_PIECLAM_020425/experiments/../clamiter.py:364:::  staring fit_prior for 2000 iterations


/home/daniel.z/ICML_PIECLAM_020425/experiments/../clamiter.py:364:::  staring fit_feats for 13000 iterations


/home/daniel.z/ICML_PIECLAM_020425/experiments/../clamiter.py:637:::  
back and forth 5/7


/home/daniel.z/ICML_PIECLAM_020425/experiments/../clamiter.py:364:::  staring fit_prior for 2000 iterations


/home/daniel.z/ICML_PIECLAM_020425/experiments/../clamiter.py:364:::  staring fit_feats for 13000 iterations


/home/daniel.z/ICML_PIECLAM_020425/experiments/../clamiter.py:637:::  
back and forth 6/7


/home/daniel.z/ICML_PIECLAM_020425/experiments/../clamiter.py:364:::  staring fit_prior for 2000 iterations


/home/daniel.z/ICML_PIECLAM_020425/experiments/../clamiter.py:364:::  staring fit_feats for 13000 iterations


/home/daniel.z/ICML_PIECLAM_020425/experiments/../clamiter.py:637:::  
back and forth 7/7


/home/daniel.z/ICML_PIECLAM_020425/experiments/../clamiter.py:364:::  staring fit_prior for 2000 iterations


/home/daniel.z/ICML_PIECLAM_020425/experiments/../clamiter.py:364:::  staring fit_feats for 13000 iterations


/home/daniel.z/ICML_PIECLAM_020425/experiments/../clamiter.py:704:::  
fit end, no early stopping


/home/daniel.z/ICML_PIECLAM_020425/experiments/../trainer.py:437:::  


FINISHED train 
 last accuracies:
test
key='auc': 0.7419593736775285
val
auc: None


/home/daniel.z/ICML_PIECLAM_020425/experiments/../trainer.py:451:::  





/home/daniel.z/ICML_PIECLAM_020425/experiments/../trainer.py:335:::  
 2025-04-29 09:44:27 starting optimization of pieclam on texas on device cuda

 configs_dict: 
{
    "clamiter_init": {
        "dim_feat": 36,
        "dim_attr": 100,
        "s_reg": 0.0,
        "l1_reg": 1,
        "T": 1,
        "hidden_dim": 64,
        "num_coupling_blocks": 32,
        "num_layers_mlp": 2
    },
    "feat_opt": {
        "lr": 1e-05,
        "n_iter": 13000,
        "early_stop": 0
    },
    "prior_opt": {
        "n_iter": 2000,
        "lr": 5e-06,
        "noise_amp": 0.05,
        "weight_decay": 0.1,
        "early_stop": 0
    },
    "back_forth": {
        "n_back_forth": 7,
        "scheduler_step_size": 3,
        "scheduler_gamma": 0.5,
        "early_stop_fit": 0,
        "first_func_in_fit": "fit_prior"
    }
}


/home/daniel.z/ICML_PIECLAM_020425/experiments/../clamiter.py:577:::  
in fit,
first_func_in_fit='fit_prior'
second_function_name='fit_feats'


/home/daniel.z/ICML_PIECLAM_020425/experiments/../clamiter.py:637:::  
back and forth 1/7


/home/daniel.z/ICML_PIECLAM_020425/experiments/../clamiter.py:364:::  staring fit_prior for 2000 iterations


/home/daniel.z/ICML_PIECLAM_020425/experiments/../clamiter.py:364:::  staring fit_feats for 13000 iterations


/home/daniel.z/ICML_PIECLAM_020425/experiments/../clamiter.py:637:::  
back and forth 2/7


/home/daniel.z/ICML_PIECLAM_020425/experiments/../clamiter.py:364:::  staring fit_prior for 2000 iterations


/home/daniel.z/ICML_PIECLAM_020425/experiments/../clamiter.py:364:::  staring fit_feats for 13000 iterations


/home/daniel.z/ICML_PIECLAM_020425/experiments/../clamiter.py:637:::  
back and forth 3/7


/home/daniel.z/ICML_PIECLAM_020425/experiments/../clamiter.py:364:::  staring fit_prior for 2000 iterations


/home/daniel.z/ICML_PIECLAM_020425/experiments/../clamiter.py:364:::  staring fit_feats for 13000 iterations


/home/daniel.z/ICML_PIECLAM_020425/experiments/../clamiter.py:637:::  
back and forth 4/7


/home/daniel.z/ICML_PIECLAM_020425/experiments/../clamiter.py:364:::  staring fit_prior for 2000 iterations


/home/daniel.z/ICML_PIECLAM_020425/experiments/../clamiter.py:364:::  staring fit_feats for 13000 iterations


/home/daniel.z/ICML_PIECLAM_020425/experiments/../clamiter.py:637:::  
back and forth 5/7


/home/daniel.z/ICML_PIECLAM_020425/experiments/../clamiter.py:364:::  staring fit_prior for 2000 iterations


/home/daniel.z/ICML_PIECLAM_020425/experiments/../clamiter.py:364:::  staring fit_feats for 13000 iterations


/home/daniel.z/ICML_PIECLAM_020425/experiments/../clamiter.py:637:::  
back and forth 6/7


/home/daniel.z/ICML_PIECLAM_020425/experiments/../clamiter.py:364:::  staring fit_prior for 2000 iterations


/home/daniel.z/ICML_PIECLAM_020425/experiments/../clamiter.py:364:::  staring fit_feats for 13000 iterations


/home/daniel.z/ICML_PIECLAM_020425/experiments/../clamiter.py:637:::  
back and forth 7/7


/home/daniel.z/ICML_PIECLAM_020425/experiments/../clamiter.py:364:::  staring fit_prior for 2000 iterations


/home/daniel.z/ICML_PIECLAM_020425/experiments/../clamiter.py:364:::  staring fit_feats for 13000 iterations


/home/daniel.z/ICML_PIECLAM_020425/experiments/../clamiter.py:704:::  
fit end, no early stopping


/home/daniel.z/ICML_PIECLAM_020425/experiments/../trainer.py:437:::  


FINISHED train 
 last accuracies:
test
key='auc': 0.7767668218366482
val
auc: None


/home/daniel.z/ICML_PIECLAM_020425/experiments/../trainer.py:451:::  





/home/daniel.z/ICML_PIECLAM_020425/experiments/../trainer.py:335:::  
 2025-04-29 12:17:22 starting optimization of pieclam on texas on device cuda

 configs_dict: 
{
    "clamiter_init": {
        "dim_feat": 36,
        "dim_attr": 100,
        "s_reg": 0.0,
        "l1_reg": 1,
        "T": 1,
        "hidden_dim": 64,
        "num_coupling_blocks": 32,
        "num_layers_mlp": 2
    },
    "feat_opt": {
        "lr": 1e-05,
        "n_iter": 13000,
        "early_stop": 0
    },
    "prior_opt": {
        "n_iter": 2000,
        "lr": 5e-06,
        "noise_amp": 0.05,
        "weight_decay": 0.1,
        "early_stop": 0
    },
    "back_forth": {
        "n_back_forth": 7,
        "scheduler_step_size": 3,
        "scheduler_gamma": 0.5,
        "early_stop_fit": 0,
        "first_func_in_fit": "fit_prior"
    }
}


/home/daniel.z/ICML_PIECLAM_020425/experiments/../clamiter.py:577:::  
in fit,
first_func_in_fit='fit_prior'
second_function_name='fit_feats'


/home/daniel.z/ICML_PIECLAM_020425/experiments/../clamiter.py:637:::  
back and forth 1/7


/home/daniel.z/ICML_PIECLAM_020425/experiments/../clamiter.py:364:::  staring fit_prior for 2000 iterations


/home/daniel.z/ICML_PIECLAM_020425/experiments/../clamiter.py:364:::  staring fit_feats for 13000 iterations


/home/daniel.z/ICML_PIECLAM_020425/experiments/../clamiter.py:637:::  
back and forth 2/7


/home/daniel.z/ICML_PIECLAM_020425/experiments/../clamiter.py:364:::  staring fit_prior for 2000 iterations


/home/daniel.z/ICML_PIECLAM_020425/experiments/../clamiter.py:364:::  staring fit_feats for 13000 iterations


/home/daniel.z/ICML_PIECLAM_020425/experiments/../clamiter.py:637:::  
back and forth 3/7


/home/daniel.z/ICML_PIECLAM_020425/experiments/../clamiter.py:364:::  staring fit_prior for 2000 iterations


/home/daniel.z/ICML_PIECLAM_020425/experiments/../clamiter.py:364:::  staring fit_feats for 13000 iterations


/home/daniel.z/ICML_PIECLAM_020425/experiments/../clamiter.py:637:::  
back and forth 4/7


/home/daniel.z/ICML_PIECLAM_020425/experiments/../clamiter.py:364:::  staring fit_prior for 2000 iterations


/home/daniel.z/ICML_PIECLAM_020425/experiments/../clamiter.py:364:::  staring fit_feats for 13000 iterations


/home/daniel.z/ICML_PIECLAM_020425/experiments/../clamiter.py:637:::  
back and forth 5/7


/home/daniel.z/ICML_PIECLAM_020425/experiments/../clamiter.py:364:::  staring fit_prior for 2000 iterations


/home/daniel.z/ICML_PIECLAM_020425/experiments/../clamiter.py:364:::  staring fit_feats for 13000 iterations


/home/daniel.z/ICML_PIECLAM_020425/experiments/../clamiter.py:637:::  
back and forth 6/7


/home/daniel.z/ICML_PIECLAM_020425/experiments/../clamiter.py:364:::  staring fit_prior for 2000 iterations


/home/daniel.z/ICML_PIECLAM_020425/experiments/../clamiter.py:364:::  staring fit_feats for 13000 iterations


/home/daniel.z/ICML_PIECLAM_020425/experiments/../clamiter.py:637:::  
back and forth 7/7


/home/daniel.z/ICML_PIECLAM_020425/experiments/../clamiter.py:364:::  staring fit_prior for 2000 iterations


/home/daniel.z/ICML_PIECLAM_020425/experiments/../clamiter.py:364:::  staring fit_feats for 13000 iterations


/home/daniel.z/ICML_PIECLAM_020425/experiments/../clamiter.py:704:::  
fit end, no early stopping


/home/daniel.z/ICML_PIECLAM_020425/experiments/../trainer.py:437:::  


FINISHED train 
 last accuracies:
test
key='auc': 0.7647058823529412
val
auc: None


/home/daniel.z/ICML_PIECLAM_020425/experiments/../trainer.py:451:::  





/home/daniel.z/ICML_PIECLAM_020425/experiments/../trainer.py:335:::  
 2025-04-29 14:57:39 starting optimization of pieclam on texas on device cuda

 configs_dict: 
{
    "clamiter_init": {
        "dim_feat": 36,
        "dim_attr": 100,
        "s_reg": 0.0,
        "l1_reg": 1,
        "T": 1,
        "hidden_dim": 64,
        "num_coupling_blocks": 32,
        "num_layers_mlp": 2
    },
    "feat_opt": {
        "lr": 1e-05,
        "n_iter": 13000,
        "early_stop": 0
    },
    "prior_opt": {
        "n_iter": 2000,
        "lr": 5e-06,
        "noise_amp": 0.05,
        "weight_decay": 0.1,
        "early_stop": 0
    },
    "back_forth": {
        "n_back_forth": 7,
        "scheduler_step_size": 3,
        "scheduler_gamma": 0.5,
        "early_stop_fit": 0,
        "first_func_in_fit": "fit_prior"
    }
}


/home/daniel.z/ICML_PIECLAM_020425/experiments/../clamiter.py:577:::  
in fit,
first_func_in_fit='fit_prior'
second_function_name='fit_feats'


/home/daniel.z/ICML_PIECLAM_020425/experiments/../clamiter.py:637:::  
back and forth 1/7


/home/daniel.z/ICML_PIECLAM_020425/experiments/../clamiter.py:364:::  staring fit_prior for 2000 iterations


/home/daniel.z/ICML_PIECLAM_020425/experiments/../clamiter.py:364:::  staring fit_feats for 13000 iterations


/home/daniel.z/ICML_PIECLAM_020425/experiments/../clamiter.py:637:::  
back and forth 2/7


/home/daniel.z/ICML_PIECLAM_020425/experiments/../clamiter.py:364:::  staring fit_prior for 2000 iterations


/home/daniel.z/ICML_PIECLAM_020425/experiments/../clamiter.py:364:::  staring fit_feats for 13000 iterations


/home/daniel.z/ICML_PIECLAM_020425/experiments/../clamiter.py:637:::  
back and forth 3/7


/home/daniel.z/ICML_PIECLAM_020425/experiments/../clamiter.py:364:::  staring fit_prior for 2000 iterations


/home/daniel.z/ICML_PIECLAM_020425/experiments/../clamiter.py:364:::  staring fit_feats for 13000 iterations


/home/daniel.z/ICML_PIECLAM_020425/experiments/../clamiter.py:637:::  
back and forth 4/7


/home/daniel.z/ICML_PIECLAM_020425/experiments/../clamiter.py:364:::  staring fit_prior for 2000 iterations


/home/daniel.z/ICML_PIECLAM_020425/experiments/../clamiter.py:364:::  staring fit_feats for 13000 iterations


/home/daniel.z/ICML_PIECLAM_020425/experiments/../clamiter.py:637:::  
back and forth 5/7


/home/daniel.z/ICML_PIECLAM_020425/experiments/../clamiter.py:364:::  staring fit_prior for 2000 iterations


/home/daniel.z/ICML_PIECLAM_020425/experiments/../clamiter.py:364:::  staring fit_feats for 13000 iterations


/home/daniel.z/ICML_PIECLAM_020425/experiments/../clamiter.py:637:::  
back and forth 6/7


/home/daniel.z/ICML_PIECLAM_020425/experiments/../clamiter.py:364:::  staring fit_prior for 2000 iterations


/home/daniel.z/ICML_PIECLAM_020425/experiments/../clamiter.py:364:::  staring fit_feats for 13000 iterations


/home/daniel.z/ICML_PIECLAM_020425/experiments/../clamiter.py:637:::  
back and forth 7/7


/home/daniel.z/ICML_PIECLAM_020425/experiments/../clamiter.py:364:::  staring fit_prior for 2000 iterations


/home/daniel.z/ICML_PIECLAM_020425/experiments/../clamiter.py:364:::  staring fit_feats for 13000 iterations


/home/daniel.z/ICML_PIECLAM_020425/experiments/../clamiter.py:704:::  
fit end, no early stopping


/home/daniel.z/ICML_PIECLAM_020425/experiments/../trainer.py:437:::  


FINISHED train 
 last accuracies:
test
key='auc': 0.752644942869234
val
auc: None


/home/daniel.z/ICML_PIECLAM_020425/experiments/../trainer.py:451:::  





/home/daniel.z/ICML_PIECLAM_020425/experiments/../trainer.py:335:::  
 2025-04-29 17:33:47 starting optimization of pieclam on texas on device cuda

 configs_dict: 
{
    "clamiter_init": {
        "dim_feat": 40,
        "dim_attr": 100,
        "s_reg": 0.0,
        "l1_reg": 1,
        "T": 1,
        "hidden_dim": 64,
        "num_coupling_blocks": 32,
        "num_layers_mlp": 2
    },
    "feat_opt": {
        "lr": 3e-06,
        "n_iter": 13000,
        "early_stop": 0
    },
    "prior_opt": {
        "n_iter": 2000,
        "lr": 5e-06,
        "noise_amp": 0.05,
        "weight_decay": 0.1,
        "early_stop": 0
    },
    "back_forth": {
        "n_back_forth": 7,
        "scheduler_step_size": 3,
        "scheduler_gamma": 0.5,
        "early_stop_fit": 0,
        "first_func_in_fit": "fit_prior"
    }
}


/home/daniel.z/ICML_PIECLAM_020425/experiments/../clamiter.py:577:::  
in fit,
first_func_in_fit='fit_prior'
second_function_name='fit_feats'


/home/daniel.z/ICML_PIECLAM_020425/experiments/../clamiter.py:637:::  
back and forth 1/7


/home/daniel.z/ICML_PIECLAM_020425/experiments/../clamiter.py:364:::  staring fit_prior for 2000 iterations


/home/daniel.z/ICML_PIECLAM_020425/experiments/../clamiter.py:364:::  staring fit_feats for 13000 iterations


/home/daniel.z/ICML_PIECLAM_020425/experiments/../clamiter.py:637:::  
back and forth 2/7


/home/daniel.z/ICML_PIECLAM_020425/experiments/../clamiter.py:364:::  staring fit_prior for 2000 iterations


/home/daniel.z/ICML_PIECLAM_020425/experiments/../clamiter.py:364:::  staring fit_feats for 13000 iterations


/home/daniel.z/ICML_PIECLAM_020425/experiments/../clamiter.py:637:::  
back and forth 3/7


/home/daniel.z/ICML_PIECLAM_020425/experiments/../clamiter.py:364:::  staring fit_prior for 2000 iterations


/home/daniel.z/ICML_PIECLAM_020425/experiments/../clamiter.py:364:::  staring fit_feats for 13000 iterations


/home/daniel.z/ICML_PIECLAM_020425/experiments/../clamiter.py:637:::  
back and forth 4/7


/home/daniel.z/ICML_PIECLAM_020425/experiments/../clamiter.py:364:::  staring fit_prior for 2000 iterations


/home/daniel.z/ICML_PIECLAM_020425/experiments/../clamiter.py:364:::  staring fit_feats for 13000 iterations


/home/daniel.z/ICML_PIECLAM_020425/experiments/../clamiter.py:637:::  
back and forth 5/7


/home/daniel.z/ICML_PIECLAM_020425/experiments/../clamiter.py:364:::  staring fit_prior for 2000 iterations


/home/daniel.z/ICML_PIECLAM_020425/experiments/../clamiter.py:364:::  staring fit_feats for 13000 iterations


/home/daniel.z/ICML_PIECLAM_020425/experiments/../clamiter.py:637:::  
back and forth 6/7


/home/daniel.z/ICML_PIECLAM_020425/experiments/../clamiter.py:364:::  staring fit_prior for 2000 iterations


/home/daniel.z/ICML_PIECLAM_020425/experiments/../clamiter.py:364:::  staring fit_feats for 13000 iterations


/home/daniel.z/ICML_PIECLAM_020425/experiments/../clamiter.py:637:::  
back and forth 7/7


/home/daniel.z/ICML_PIECLAM_020425/experiments/../clamiter.py:364:::  staring fit_prior for 2000 iterations


/home/daniel.z/ICML_PIECLAM_020425/experiments/../clamiter.py:364:::  staring fit_feats for 13000 iterations


/home/daniel.z/ICML_PIECLAM_020425/experiments/../clamiter.py:704:::  
fit end, no early stopping


/home/daniel.z/ICML_PIECLAM_020425/experiments/../trainer.py:437:::  


FINISHED train 
 last accuracies:
test
key='auc': 0.771688531527719
val
auc: None


/home/daniel.z/ICML_PIECLAM_020425/experiments/../trainer.py:451:::  





/home/daniel.z/ICML_PIECLAM_020425/experiments/../trainer.py:335:::  
 2025-04-29 20:07:34 starting optimization of pieclam on texas on device cuda

 configs_dict: 
{
    "clamiter_init": {
        "dim_feat": 40,
        "dim_attr": 100,
        "s_reg": 0.0,
        "l1_reg": 1,
        "T": 1,
        "hidden_dim": 64,
        "num_coupling_blocks": 32,
        "num_layers_mlp": 2
    },
    "feat_opt": {
        "lr": 3e-06,
        "n_iter": 13000,
        "early_stop": 0
    },
    "prior_opt": {
        "n_iter": 2000,
        "lr": 5e-06,
        "noise_amp": 0.05,
        "weight_decay": 0.1,
        "early_stop": 0
    },
    "back_forth": {
        "n_back_forth": 7,
        "scheduler_step_size": 3,
        "scheduler_gamma": 0.5,
        "early_stop_fit": 0,
        "first_func_in_fit": "fit_prior"
    }
}


/home/daniel.z/ICML_PIECLAM_020425/experiments/../clamiter.py:577:::  
in fit,
first_func_in_fit='fit_prior'
second_function_name='fit_feats'


/home/daniel.z/ICML_PIECLAM_020425/experiments/../clamiter.py:637:::  
back and forth 1/7


/home/daniel.z/ICML_PIECLAM_020425/experiments/../clamiter.py:364:::  staring fit_prior for 2000 iterations


/home/daniel.z/ICML_PIECLAM_020425/experiments/../clamiter.py:364:::  staring fit_feats for 13000 iterations


/home/daniel.z/ICML_PIECLAM_020425/experiments/../clamiter.py:637:::  
back and forth 2/7


/home/daniel.z/ICML_PIECLAM_020425/experiments/../clamiter.py:364:::  staring fit_prior for 2000 iterations


/home/daniel.z/ICML_PIECLAM_020425/experiments/../clamiter.py:364:::  staring fit_feats for 13000 iterations


/home/daniel.z/ICML_PIECLAM_020425/experiments/../clamiter.py:637:::  
back and forth 3/7


/home/daniel.z/ICML_PIECLAM_020425/experiments/../clamiter.py:364:::  staring fit_prior for 2000 iterations


/home/daniel.z/ICML_PIECLAM_020425/experiments/../clamiter.py:364:::  staring fit_feats for 13000 iterations


/home/daniel.z/ICML_PIECLAM_020425/experiments/../clamiter.py:637:::  
back and forth 4/7


/home/daniel.z/ICML_PIECLAM_020425/experiments/../clamiter.py:364:::  staring fit_prior for 2000 iterations


/home/daniel.z/ICML_PIECLAM_020425/experiments/../clamiter.py:364:::  staring fit_feats for 13000 iterations


/home/daniel.z/ICML_PIECLAM_020425/experiments/../clamiter.py:637:::  
back and forth 5/7


/home/daniel.z/ICML_PIECLAM_020425/experiments/../clamiter.py:364:::  staring fit_prior for 2000 iterations


/home/daniel.z/ICML_PIECLAM_020425/experiments/../clamiter.py:364:::  staring fit_feats for 13000 iterations


/home/daniel.z/ICML_PIECLAM_020425/experiments/../clamiter.py:637:::  
back and forth 6/7


/home/daniel.z/ICML_PIECLAM_020425/experiments/../clamiter.py:364:::  staring fit_prior for 2000 iterations


/home/daniel.z/ICML_PIECLAM_020425/experiments/../clamiter.py:364:::  staring fit_feats for 13000 iterations


/home/daniel.z/ICML_PIECLAM_020425/experiments/../clamiter.py:637:::  
back and forth 7/7


/home/daniel.z/ICML_PIECLAM_020425/experiments/../clamiter.py:364:::  staring fit_prior for 2000 iterations


/home/daniel.z/ICML_PIECLAM_020425/experiments/../clamiter.py:364:::  staring fit_feats for 13000 iterations


/home/daniel.z/ICML_PIECLAM_020425/experiments/../clamiter.py:704:::  
fit end, no early stopping


/home/daniel.z/ICML_PIECLAM_020425/experiments/../trainer.py:437:::  


FINISHED train 
 last accuracies:
test
key='auc': 0.7782479898434194
val
auc: None


/home/daniel.z/ICML_PIECLAM_020425/experiments/../trainer.py:451:::  





/home/daniel.z/ICML_PIECLAM_020425/experiments/../trainer.py:335:::  
 2025-04-29 22:41:36 starting optimization of pieclam on texas on device cuda

 configs_dict: 
{
    "clamiter_init": {
        "dim_feat": 40,
        "dim_attr": 100,
        "s_reg": 0.0,
        "l1_reg": 1,
        "T": 1,
        "hidden_dim": 64,
        "num_coupling_blocks": 32,
        "num_layers_mlp": 2
    },
    "feat_opt": {
        "lr": 3e-06,
        "n_iter": 13000,
        "early_stop": 0
    },
    "prior_opt": {
        "n_iter": 2000,
        "lr": 5e-06,
        "noise_amp": 0.05,
        "weight_decay": 0.1,
        "early_stop": 0
    },
    "back_forth": {
        "n_back_forth": 7,
        "scheduler_step_size": 3,
        "scheduler_gamma": 0.5,
        "early_stop_fit": 0,
        "first_func_in_fit": "fit_prior"
    }
}


/home/daniel.z/ICML_PIECLAM_020425/experiments/../clamiter.py:577:::  
in fit,
first_func_in_fit='fit_prior'
second_function_name='fit_feats'


/home/daniel.z/ICML_PIECLAM_020425/experiments/../clamiter.py:637:::  
back and forth 1/7


/home/daniel.z/ICML_PIECLAM_020425/experiments/../clamiter.py:364:::  staring fit_prior for 2000 iterations


/home/daniel.z/ICML_PIECLAM_020425/experiments/../clamiter.py:364:::  staring fit_feats for 13000 iterations


/home/daniel.z/ICML_PIECLAM_020425/experiments/../clamiter.py:637:::  
back and forth 2/7


/home/daniel.z/ICML_PIECLAM_020425/experiments/../clamiter.py:364:::  staring fit_prior for 2000 iterations


/home/daniel.z/ICML_PIECLAM_020425/experiments/../clamiter.py:364:::  staring fit_feats for 13000 iterations


/home/daniel.z/ICML_PIECLAM_020425/experiments/../clamiter.py:637:::  
back and forth 3/7


/home/daniel.z/ICML_PIECLAM_020425/experiments/../clamiter.py:364:::  staring fit_prior for 2000 iterations


/home/daniel.z/ICML_PIECLAM_020425/experiments/../clamiter.py:364:::  staring fit_feats for 13000 iterations


/home/daniel.z/ICML_PIECLAM_020425/experiments/../clamiter.py:637:::  
back and forth 4/7


/home/daniel.z/ICML_PIECLAM_020425/experiments/../clamiter.py:364:::  staring fit_prior for 2000 iterations


/home/daniel.z/ICML_PIECLAM_020425/experiments/../clamiter.py:364:::  staring fit_feats for 13000 iterations


/home/daniel.z/ICML_PIECLAM_020425/experiments/../clamiter.py:637:::  
back and forth 5/7


/home/daniel.z/ICML_PIECLAM_020425/experiments/../clamiter.py:364:::  staring fit_prior for 2000 iterations


/home/daniel.z/ICML_PIECLAM_020425/experiments/../clamiter.py:364:::  staring fit_feats for 13000 iterations


/home/daniel.z/ICML_PIECLAM_020425/experiments/../clamiter.py:637:::  
back and forth 6/7


/home/daniel.z/ICML_PIECLAM_020425/experiments/../clamiter.py:364:::  staring fit_prior for 2000 iterations


/home/daniel.z/ICML_PIECLAM_020425/experiments/../clamiter.py:364:::  staring fit_feats for 13000 iterations


/home/daniel.z/ICML_PIECLAM_020425/experiments/../clamiter.py:637:::  
back and forth 7/7


/home/daniel.z/ICML_PIECLAM_020425/experiments/../clamiter.py:364:::  staring fit_prior for 2000 iterations


/home/daniel.z/ICML_PIECLAM_020425/experiments/../clamiter.py:364:::  staring fit_feats for 13000 iterations


/home/daniel.z/ICML_PIECLAM_020425/experiments/../clamiter.py:704:::  
fit end, no early stopping


/home/daniel.z/ICML_PIECLAM_020425/experiments/../trainer.py:437:::  


FINISHED train 
 last accuracies:
test
key='auc': 0.7917900973338976
val
auc: None


/home/daniel.z/ICML_PIECLAM_020425/experiments/../trainer.py:451:::  





/home/daniel.z/ICML_PIECLAM_020425/experiments/../trainer.py:335:::  
 2025-04-30 01:10:26 starting optimization of pieclam on texas on device cuda

 configs_dict: 
{
    "clamiter_init": {
        "dim_feat": 40,
        "dim_attr": 100,
        "s_reg": 0.0,
        "l1_reg": 1,
        "T": 1,
        "hidden_dim": 64,
        "num_coupling_blocks": 32,
        "num_layers_mlp": 2
    },
    "feat_opt": {
        "lr": 1e-05,
        "n_iter": 13000,
        "early_stop": 0
    },
    "prior_opt": {
        "n_iter": 2000,
        "lr": 5e-06,
        "noise_amp": 0.05,
        "weight_decay": 0.1,
        "early_stop": 0
    },
    "back_forth": {
        "n_back_forth": 7,
        "scheduler_step_size": 3,
        "scheduler_gamma": 0.5,
        "early_stop_fit": 0,
        "first_func_in_fit": "fit_prior"
    }
}


/home/daniel.z/ICML_PIECLAM_020425/experiments/../clamiter.py:577:::  
in fit,
first_func_in_fit='fit_prior'
second_function_name='fit_feats'


/home/daniel.z/ICML_PIECLAM_020425/experiments/../clamiter.py:637:::  
back and forth 1/7


/home/daniel.z/ICML_PIECLAM_020425/experiments/../clamiter.py:364:::  staring fit_prior for 2000 iterations


/home/daniel.z/ICML_PIECLAM_020425/experiments/../clamiter.py:364:::  staring fit_feats for 13000 iterations


/home/daniel.z/ICML_PIECLAM_020425/experiments/../clamiter.py:637:::  
back and forth 2/7


/home/daniel.z/ICML_PIECLAM_020425/experiments/../clamiter.py:364:::  staring fit_prior for 2000 iterations


/home/daniel.z/ICML_PIECLAM_020425/experiments/../clamiter.py:364:::  staring fit_feats for 13000 iterations


/home/daniel.z/ICML_PIECLAM_020425/experiments/../clamiter.py:637:::  
back and forth 3/7


/home/daniel.z/ICML_PIECLAM_020425/experiments/../clamiter.py:364:::  staring fit_prior for 2000 iterations


/home/daniel.z/ICML_PIECLAM_020425/experiments/../clamiter.py:364:::  staring fit_feats for 13000 iterations


/home/daniel.z/ICML_PIECLAM_020425/experiments/../clamiter.py:637:::  
back and forth 4/7


/home/daniel.z/ICML_PIECLAM_020425/experiments/../clamiter.py:364:::  staring fit_prior for 2000 iterations


/home/daniel.z/ICML_PIECLAM_020425/experiments/../clamiter.py:364:::  staring fit_feats for 13000 iterations


/home/daniel.z/ICML_PIECLAM_020425/experiments/../clamiter.py:637:::  
back and forth 5/7


/home/daniel.z/ICML_PIECLAM_020425/experiments/../clamiter.py:364:::  staring fit_prior for 2000 iterations


/home/daniel.z/ICML_PIECLAM_020425/experiments/../clamiter.py:364:::  staring fit_feats for 13000 iterations


/home/daniel.z/ICML_PIECLAM_020425/experiments/../clamiter.py:637:::  
back and forth 6/7


/home/daniel.z/ICML_PIECLAM_020425/experiments/../clamiter.py:364:::  staring fit_prior for 2000 iterations


/home/daniel.z/ICML_PIECLAM_020425/experiments/../clamiter.py:364:::  staring fit_feats for 13000 iterations


/home/daniel.z/ICML_PIECLAM_020425/experiments/../clamiter.py:637:::  
back and forth 7/7


/home/daniel.z/ICML_PIECLAM_020425/experiments/../clamiter.py:364:::  staring fit_prior for 2000 iterations


/home/daniel.z/ICML_PIECLAM_020425/experiments/../clamiter.py:364:::  staring fit_feats for 13000 iterations


/home/daniel.z/ICML_PIECLAM_020425/experiments/../clamiter.py:704:::  
fit end, no early stopping


/home/daniel.z/ICML_PIECLAM_020425/experiments/../trainer.py:437:::  


FINISHED train 
 last accuracies:
test
key='auc': 0.7029200169276344
val
auc: None


/home/daniel.z/ICML_PIECLAM_020425/experiments/../trainer.py:451:::  





/home/daniel.z/ICML_PIECLAM_020425/experiments/../trainer.py:335:::  
 2025-04-30 03:30:14 starting optimization of pieclam on texas on device cuda

 configs_dict: 
{
    "clamiter_init": {
        "dim_feat": 40,
        "dim_attr": 100,
        "s_reg": 0.0,
        "l1_reg": 1,
        "T": 1,
        "hidden_dim": 64,
        "num_coupling_blocks": 32,
        "num_layers_mlp": 2
    },
    "feat_opt": {
        "lr": 1e-05,
        "n_iter": 13000,
        "early_stop": 0
    },
    "prior_opt": {
        "n_iter": 2000,
        "lr": 5e-06,
        "noise_amp": 0.05,
        "weight_decay": 0.1,
        "early_stop": 0
    },
    "back_forth": {
        "n_back_forth": 7,
        "scheduler_step_size": 3,
        "scheduler_gamma": 0.5,
        "early_stop_fit": 0,
        "first_func_in_fit": "fit_prior"
    }
}


/home/daniel.z/ICML_PIECLAM_020425/experiments/../clamiter.py:577:::  
in fit,
first_func_in_fit='fit_prior'
second_function_name='fit_feats'


/home/daniel.z/ICML_PIECLAM_020425/experiments/../clamiter.py:637:::  
back and forth 1/7


/home/daniel.z/ICML_PIECLAM_020425/experiments/../clamiter.py:364:::  staring fit_prior for 2000 iterations


/home/daniel.z/ICML_PIECLAM_020425/experiments/../clamiter.py:364:::  staring fit_feats for 13000 iterations


/home/daniel.z/ICML_PIECLAM_020425/experiments/../clamiter.py:637:::  
back and forth 2/7


/home/daniel.z/ICML_PIECLAM_020425/experiments/../clamiter.py:364:::  staring fit_prior for 2000 iterations


/home/daniel.z/ICML_PIECLAM_020425/experiments/../clamiter.py:364:::  staring fit_feats for 13000 iterations


/home/daniel.z/ICML_PIECLAM_020425/experiments/../clamiter.py:637:::  
back and forth 3/7


/home/daniel.z/ICML_PIECLAM_020425/experiments/../clamiter.py:364:::  staring fit_prior for 2000 iterations


/home/daniel.z/ICML_PIECLAM_020425/experiments/../clamiter.py:364:::  staring fit_feats for 13000 iterations


/home/daniel.z/ICML_PIECLAM_020425/experiments/../clamiter.py:637:::  
back and forth 4/7


/home/daniel.z/ICML_PIECLAM_020425/experiments/../clamiter.py:364:::  staring fit_prior for 2000 iterations


/home/daniel.z/ICML_PIECLAM_020425/experiments/../clamiter.py:364:::  staring fit_feats for 13000 iterations


/home/daniel.z/ICML_PIECLAM_020425/experiments/../clamiter.py:637:::  
back and forth 5/7


/home/daniel.z/ICML_PIECLAM_020425/experiments/../clamiter.py:364:::  staring fit_prior for 2000 iterations


/home/daniel.z/ICML_PIECLAM_020425/experiments/../clamiter.py:364:::  staring fit_feats for 13000 iterations


/home/daniel.z/ICML_PIECLAM_020425/experiments/../clamiter.py:637:::  
back and forth 6/7


/home/daniel.z/ICML_PIECLAM_020425/experiments/../clamiter.py:364:::  staring fit_prior for 2000 iterations


/home/daniel.z/ICML_PIECLAM_020425/experiments/../clamiter.py:364:::  staring fit_feats for 13000 iterations


/home/daniel.z/ICML_PIECLAM_020425/experiments/../clamiter.py:637:::  
back and forth 7/7


/home/daniel.z/ICML_PIECLAM_020425/experiments/../clamiter.py:364:::  staring fit_prior for 2000 iterations


/home/daniel.z/ICML_PIECLAM_020425/experiments/../clamiter.py:364:::  staring fit_feats for 13000 iterations


/home/daniel.z/ICML_PIECLAM_020425/experiments/../clamiter.py:704:::  
fit end, no early stopping


/home/daniel.z/ICML_PIECLAM_020425/experiments/../trainer.py:437:::  


FINISHED train 
 last accuracies:
test
key='auc': 0.7701015658061785
val
auc: None


/home/daniel.z/ICML_PIECLAM_020425/experiments/../trainer.py:451:::  





/home/daniel.z/ICML_PIECLAM_020425/experiments/../trainer.py:335:::  
 2025-04-30 06:06:44 starting optimization of pieclam on texas on device cuda

 configs_dict: 
{
    "clamiter_init": {
        "dim_feat": 40,
        "dim_attr": 100,
        "s_reg": 0.0,
        "l1_reg": 1,
        "T": 1,
        "hidden_dim": 64,
        "num_coupling_blocks": 32,
        "num_layers_mlp": 2
    },
    "feat_opt": {
        "lr": 1e-05,
        "n_iter": 13000,
        "early_stop": 0
    },
    "prior_opt": {
        "n_iter": 2000,
        "lr": 5e-06,
        "noise_amp": 0.05,
        "weight_decay": 0.1,
        "early_stop": 0
    },
    "back_forth": {
        "n_back_forth": 7,
        "scheduler_step_size": 3,
        "scheduler_gamma": 0.5,
        "early_stop_fit": 0,
        "first_func_in_fit": "fit_prior"
    }
}


/home/daniel.z/ICML_PIECLAM_020425/experiments/../clamiter.py:577:::  
in fit,
first_func_in_fit='fit_prior'
second_function_name='fit_feats'


/home/daniel.z/ICML_PIECLAM_020425/experiments/../clamiter.py:637:::  
back and forth 1/7


/home/daniel.z/ICML_PIECLAM_020425/experiments/../clamiter.py:364:::  staring fit_prior for 2000 iterations


/home/daniel.z/ICML_PIECLAM_020425/experiments/../clamiter.py:364:::  staring fit_feats for 13000 iterations


/home/daniel.z/ICML_PIECLAM_020425/experiments/../clamiter.py:637:::  
back and forth 2/7


/home/daniel.z/ICML_PIECLAM_020425/experiments/../clamiter.py:364:::  staring fit_prior for 2000 iterations


/home/daniel.z/ICML_PIECLAM_020425/experiments/../clamiter.py:364:::  staring fit_feats for 13000 iterations


/home/daniel.z/ICML_PIECLAM_020425/experiments/../clamiter.py:637:::  
back and forth 3/7


/home/daniel.z/ICML_PIECLAM_020425/experiments/../clamiter.py:364:::  staring fit_prior for 2000 iterations


/home/daniel.z/ICML_PIECLAM_020425/experiments/../clamiter.py:364:::  staring fit_feats for 13000 iterations


/home/daniel.z/ICML_PIECLAM_020425/experiments/../clamiter.py:637:::  
back and forth 4/7


/home/daniel.z/ICML_PIECLAM_020425/experiments/../clamiter.py:364:::  staring fit_prior for 2000 iterations


/home/daniel.z/ICML_PIECLAM_020425/experiments/../clamiter.py:364:::  staring fit_feats for 13000 iterations


/home/daniel.z/ICML_PIECLAM_020425/experiments/../clamiter.py:637:::  
back and forth 5/7


/home/daniel.z/ICML_PIECLAM_020425/experiments/../clamiter.py:364:::  staring fit_prior for 2000 iterations


/home/daniel.z/ICML_PIECLAM_020425/experiments/../clamiter.py:364:::  staring fit_feats for 13000 iterations


/home/daniel.z/ICML_PIECLAM_020425/experiments/../clamiter.py:637:::  
back and forth 6/7


/home/daniel.z/ICML_PIECLAM_020425/experiments/../clamiter.py:364:::  staring fit_prior for 2000 iterations


/home/daniel.z/ICML_PIECLAM_020425/experiments/../clamiter.py:364:::  staring fit_feats for 13000 iterations


/home/daniel.z/ICML_PIECLAM_020425/experiments/../clamiter.py:637:::  
back and forth 7/7


/home/daniel.z/ICML_PIECLAM_020425/experiments/../clamiter.py:364:::  staring fit_prior for 2000 iterations


/home/daniel.z/ICML_PIECLAM_020425/experiments/../clamiter.py:364:::  staring fit_feats for 13000 iterations


/home/daniel.z/ICML_PIECLAM_020425/experiments/../clamiter.py:704:::  
fit end, no early stopping


/home/daniel.z/ICML_PIECLAM_020425/experiments/../trainer.py:437:::  


FINISHED train 
 last accuracies:
test
key='auc': 0.7867118070249682
val
auc: None


/home/daniel.z/ICML_PIECLAM_020425/experiments/../trainer.py:451:::  





/home/daniel.z/ICML_PIECLAM_020425/experiments/../trainer.py:335:::  
 2025-04-30 08:39:05 starting optimization of pieclam on texas on device cuda

 configs_dict: 
{
    "clamiter_init": {
        "dim_feat": 46,
        "dim_attr": 100,
        "s_reg": 0.0,
        "l1_reg": 1,
        "T": 1,
        "hidden_dim": 64,
        "num_coupling_blocks": 32,
        "num_layers_mlp": 2
    },
    "feat_opt": {
        "lr": 3e-06,
        "n_iter": 13000,
        "early_stop": 0
    },
    "prior_opt": {
        "n_iter": 2000,
        "lr": 5e-06,
        "noise_amp": 0.05,
        "weight_decay": 0.1,
        "early_stop": 0
    },
    "back_forth": {
        "n_back_forth": 7,
        "scheduler_step_size": 3,
        "scheduler_gamma": 0.5,
        "early_stop_fit": 0,
        "first_func_in_fit": "fit_prior"
    }
}


/home/daniel.z/ICML_PIECLAM_020425/experiments/../clamiter.py:577:::  
in fit,
first_func_in_fit='fit_prior'
second_function_name='fit_feats'


/home/daniel.z/ICML_PIECLAM_020425/experiments/../clamiter.py:637:::  
back and forth 1/7


/home/daniel.z/ICML_PIECLAM_020425/experiments/../clamiter.py:364:::  staring fit_prior for 2000 iterations


/home/daniel.z/ICML_PIECLAM_020425/experiments/../clamiter.py:364:::  staring fit_feats for 13000 iterations


/home/daniel.z/ICML_PIECLAM_020425/experiments/../clamiter.py:637:::  
back and forth 2/7


/home/daniel.z/ICML_PIECLAM_020425/experiments/../clamiter.py:364:::  staring fit_prior for 2000 iterations


/home/daniel.z/ICML_PIECLAM_020425/experiments/../clamiter.py:364:::  staring fit_feats for 13000 iterations


/home/daniel.z/ICML_PIECLAM_020425/experiments/../clamiter.py:637:::  
back and forth 3/7


/home/daniel.z/ICML_PIECLAM_020425/experiments/../clamiter.py:364:::  staring fit_prior for 2000 iterations


/home/daniel.z/ICML_PIECLAM_020425/experiments/../clamiter.py:364:::  staring fit_feats for 13000 iterations


/home/daniel.z/ICML_PIECLAM_020425/experiments/../clamiter.py:637:::  
back and forth 4/7


/home/daniel.z/ICML_PIECLAM_020425/experiments/../clamiter.py:364:::  staring fit_prior for 2000 iterations


/home/daniel.z/ICML_PIECLAM_020425/experiments/../clamiter.py:364:::  staring fit_feats for 13000 iterations


/home/daniel.z/ICML_PIECLAM_020425/experiments/../clamiter.py:637:::  
back and forth 5/7


/home/daniel.z/ICML_PIECLAM_020425/experiments/../clamiter.py:364:::  staring fit_prior for 2000 iterations


/home/daniel.z/ICML_PIECLAM_020425/experiments/../clamiter.py:364:::  staring fit_feats for 13000 iterations


/home/daniel.z/ICML_PIECLAM_020425/experiments/../clamiter.py:637:::  
back and forth 6/7


/home/daniel.z/ICML_PIECLAM_020425/experiments/../clamiter.py:364:::  staring fit_prior for 2000 iterations


/home/daniel.z/ICML_PIECLAM_020425/experiments/../clamiter.py:364:::  staring fit_feats for 13000 iterations


/home/daniel.z/ICML_PIECLAM_020425/experiments/../clamiter.py:637:::  
back and forth 7/7


/home/daniel.z/ICML_PIECLAM_020425/experiments/../clamiter.py:364:::  staring fit_prior for 2000 iterations


/home/daniel.z/ICML_PIECLAM_020425/experiments/../clamiter.py:364:::  staring fit_feats for 13000 iterations


/home/daniel.z/ICML_PIECLAM_020425/experiments/../clamiter.py:704:::  
fit end, no early stopping


/home/daniel.z/ICML_PIECLAM_020425/experiments/../trainer.py:437:::  


FINISHED train 
 last accuracies:
test
key='auc': 0.7130765975454931
val
auc: None


/home/daniel.z/ICML_PIECLAM_020425/experiments/../trainer.py:451:::  





/home/daniel.z/ICML_PIECLAM_020425/experiments/../trainer.py:335:::  
 2025-04-30 11:14:01 starting optimization of pieclam on texas on device cuda

 configs_dict: 
{
    "clamiter_init": {
        "dim_feat": 46,
        "dim_attr": 100,
        "s_reg": 0.0,
        "l1_reg": 1,
        "T": 1,
        "hidden_dim": 64,
        "num_coupling_blocks": 32,
        "num_layers_mlp": 2
    },
    "feat_opt": {
        "lr": 3e-06,
        "n_iter": 13000,
        "early_stop": 0
    },
    "prior_opt": {
        "n_iter": 2000,
        "lr": 5e-06,
        "noise_amp": 0.05,
        "weight_decay": 0.1,
        "early_stop": 0
    },
    "back_forth": {
        "n_back_forth": 7,
        "scheduler_step_size": 3,
        "scheduler_gamma": 0.5,
        "early_stop_fit": 0,
        "first_func_in_fit": "fit_prior"
    }
}


/home/daniel.z/ICML_PIECLAM_020425/experiments/../clamiter.py:577:::  
in fit,
first_func_in_fit='fit_prior'
second_function_name='fit_feats'


/home/daniel.z/ICML_PIECLAM_020425/experiments/../clamiter.py:637:::  
back and forth 1/7


/home/daniel.z/ICML_PIECLAM_020425/experiments/../clamiter.py:364:::  staring fit_prior for 2000 iterations


/home/daniel.z/ICML_PIECLAM_020425/experiments/../clamiter.py:364:::  staring fit_feats for 13000 iterations


/home/daniel.z/ICML_PIECLAM_020425/experiments/../clamiter.py:637:::  
back and forth 2/7


/home/daniel.z/ICML_PIECLAM_020425/experiments/../clamiter.py:364:::  staring fit_prior for 2000 iterations


/home/daniel.z/ICML_PIECLAM_020425/experiments/../clamiter.py:364:::  staring fit_feats for 13000 iterations


/home/daniel.z/ICML_PIECLAM_020425/experiments/../clamiter.py:637:::  
back and forth 3/7


/home/daniel.z/ICML_PIECLAM_020425/experiments/../clamiter.py:364:::  staring fit_prior for 2000 iterations


/home/daniel.z/ICML_PIECLAM_020425/experiments/../clamiter.py:364:::  staring fit_feats for 13000 iterations


/home/daniel.z/ICML_PIECLAM_020425/experiments/../clamiter.py:637:::  
back and forth 4/7


/home/daniel.z/ICML_PIECLAM_020425/experiments/../clamiter.py:364:::  staring fit_prior for 2000 iterations


/home/daniel.z/ICML_PIECLAM_020425/experiments/../clamiter.py:364:::  staring fit_feats for 13000 iterations


/home/daniel.z/ICML_PIECLAM_020425/experiments/../clamiter.py:637:::  
back and forth 5/7


/home/daniel.z/ICML_PIECLAM_020425/experiments/../clamiter.py:364:::  staring fit_prior for 2000 iterations


/home/daniel.z/ICML_PIECLAM_020425/experiments/../clamiter.py:364:::  staring fit_feats for 13000 iterations


/home/daniel.z/ICML_PIECLAM_020425/experiments/../clamiter.py:637:::  
back and forth 6/7


/home/daniel.z/ICML_PIECLAM_020425/experiments/../clamiter.py:364:::  staring fit_prior for 2000 iterations


/home/daniel.z/ICML_PIECLAM_020425/experiments/../clamiter.py:364:::  staring fit_feats for 13000 iterations


/home/daniel.z/ICML_PIECLAM_020425/experiments/../clamiter.py:637:::  
back and forth 7/7


/home/daniel.z/ICML_PIECLAM_020425/experiments/../clamiter.py:364:::  staring fit_prior for 2000 iterations


/home/daniel.z/ICML_PIECLAM_020425/experiments/../clamiter.py:364:::  staring fit_feats for 13000 iterations


/home/daniel.z/ICML_PIECLAM_020425/experiments/../clamiter.py:704:::  
fit end, no early stopping


/home/daniel.z/ICML_PIECLAM_020425/experiments/../trainer.py:437:::  


FINISHED train 
 last accuracies:
test
key='auc': 0.7687261955141769
val
auc: None


/home/daniel.z/ICML_PIECLAM_020425/experiments/../trainer.py:451:::  





/home/daniel.z/ICML_PIECLAM_020425/experiments/../trainer.py:335:::  
 2025-04-30 13:45:11 starting optimization of pieclam on texas on device cuda

 configs_dict: 
{
    "clamiter_init": {
        "dim_feat": 46,
        "dim_attr": 100,
        "s_reg": 0.0,
        "l1_reg": 1,
        "T": 1,
        "hidden_dim": 64,
        "num_coupling_blocks": 32,
        "num_layers_mlp": 2
    },
    "feat_opt": {
        "lr": 3e-06,
        "n_iter": 13000,
        "early_stop": 0
    },
    "prior_opt": {
        "n_iter": 2000,
        "lr": 5e-06,
        "noise_amp": 0.05,
        "weight_decay": 0.1,
        "early_stop": 0
    },
    "back_forth": {
        "n_back_forth": 7,
        "scheduler_step_size": 3,
        "scheduler_gamma": 0.5,
        "early_stop_fit": 0,
        "first_func_in_fit": "fit_prior"
    }
}


/home/daniel.z/ICML_PIECLAM_020425/experiments/../clamiter.py:577:::  
in fit,
first_func_in_fit='fit_prior'
second_function_name='fit_feats'


/home/daniel.z/ICML_PIECLAM_020425/experiments/../clamiter.py:637:::  
back and forth 1/7


/home/daniel.z/ICML_PIECLAM_020425/experiments/../clamiter.py:364:::  staring fit_prior for 2000 iterations


/home/daniel.z/ICML_PIECLAM_020425/experiments/../clamiter.py:364:::  staring fit_feats for 13000 iterations


/home/daniel.z/ICML_PIECLAM_020425/experiments/../clamiter.py:637:::  
back and forth 2/7


/home/daniel.z/ICML_PIECLAM_020425/experiments/../clamiter.py:364:::  staring fit_prior for 2000 iterations


/home/daniel.z/ICML_PIECLAM_020425/experiments/../clamiter.py:364:::  staring fit_feats for 13000 iterations


/home/daniel.z/ICML_PIECLAM_020425/experiments/../clamiter.py:637:::  
back and forth 3/7


/home/daniel.z/ICML_PIECLAM_020425/experiments/../clamiter.py:364:::  staring fit_prior for 2000 iterations


/home/daniel.z/ICML_PIECLAM_020425/experiments/../clamiter.py:364:::  staring fit_feats for 13000 iterations


/home/daniel.z/ICML_PIECLAM_020425/experiments/../clamiter.py:637:::  
back and forth 4/7


/home/daniel.z/ICML_PIECLAM_020425/experiments/../clamiter.py:364:::  staring fit_prior for 2000 iterations


/home/daniel.z/ICML_PIECLAM_020425/experiments/../clamiter.py:364:::  staring fit_feats for 13000 iterations


/home/daniel.z/ICML_PIECLAM_020425/experiments/../clamiter.py:637:::  
back and forth 5/7


/home/daniel.z/ICML_PIECLAM_020425/experiments/../clamiter.py:364:::  staring fit_prior for 2000 iterations


/home/daniel.z/ICML_PIECLAM_020425/experiments/../clamiter.py:364:::  staring fit_feats for 13000 iterations


/home/daniel.z/ICML_PIECLAM_020425/experiments/../clamiter.py:637:::  
back and forth 6/7


/home/daniel.z/ICML_PIECLAM_020425/experiments/../clamiter.py:364:::  staring fit_prior for 2000 iterations


/home/daniel.z/ICML_PIECLAM_020425/experiments/../clamiter.py:364:::  staring fit_feats for 13000 iterations


/home/daniel.z/ICML_PIECLAM_020425/experiments/../clamiter.py:637:::  
back and forth 7/7


/home/daniel.z/ICML_PIECLAM_020425/experiments/../clamiter.py:364:::  staring fit_prior for 2000 iterations


/home/daniel.z/ICML_PIECLAM_020425/experiments/../clamiter.py:364:::  staring fit_feats for 13000 iterations


/home/daniel.z/ICML_PIECLAM_020425/experiments/../clamiter.py:704:::  
fit end, no early stopping


/home/daniel.z/ICML_PIECLAM_020425/experiments/../trainer.py:437:::  


FINISHED train 
 last accuracies:
test
key='auc': 0.7829030892932713
val
auc: None


/home/daniel.z/ICML_PIECLAM_020425/experiments/../trainer.py:451:::  





/home/daniel.z/ICML_PIECLAM_020425/experiments/../trainer.py:335:::  
 2025-04-30 16:26:43 starting optimization of pieclam on texas on device cuda

 configs_dict: 
{
    "clamiter_init": {
        "dim_feat": 46,
        "dim_attr": 100,
        "s_reg": 0.0,
        "l1_reg": 1,
        "T": 1,
        "hidden_dim": 64,
        "num_coupling_blocks": 32,
        "num_layers_mlp": 2
    },
    "feat_opt": {
        "lr": 1e-05,
        "n_iter": 13000,
        "early_stop": 0
    },
    "prior_opt": {
        "n_iter": 2000,
        "lr": 5e-06,
        "noise_amp": 0.05,
        "weight_decay": 0.1,
        "early_stop": 0
    },
    "back_forth": {
        "n_back_forth": 7,
        "scheduler_step_size": 3,
        "scheduler_gamma": 0.5,
        "early_stop_fit": 0,
        "first_func_in_fit": "fit_prior"
    }
}


/home/daniel.z/ICML_PIECLAM_020425/experiments/../clamiter.py:577:::  
in fit,
first_func_in_fit='fit_prior'
second_function_name='fit_feats'


/home/daniel.z/ICML_PIECLAM_020425/experiments/../clamiter.py:637:::  
back and forth 1/7


/home/daniel.z/ICML_PIECLAM_020425/experiments/../clamiter.py:364:::  staring fit_prior for 2000 iterations


/home/daniel.z/ICML_PIECLAM_020425/experiments/../clamiter.py:364:::  staring fit_feats for 13000 iterations


/home/daniel.z/ICML_PIECLAM_020425/experiments/../clamiter.py:637:::  
back and forth 2/7


/home/daniel.z/ICML_PIECLAM_020425/experiments/../clamiter.py:364:::  staring fit_prior for 2000 iterations


/home/daniel.z/ICML_PIECLAM_020425/experiments/../clamiter.py:364:::  staring fit_feats for 13000 iterations


/home/daniel.z/ICML_PIECLAM_020425/experiments/../clamiter.py:637:::  
back and forth 3/7


/home/daniel.z/ICML_PIECLAM_020425/experiments/../clamiter.py:364:::  staring fit_prior for 2000 iterations


/home/daniel.z/ICML_PIECLAM_020425/experiments/../clamiter.py:364:::  staring fit_feats for 13000 iterations


/home/daniel.z/ICML_PIECLAM_020425/experiments/../clamiter.py:637:::  
back and forth 4/7


/home/daniel.z/ICML_PIECLAM_020425/experiments/../clamiter.py:364:::  staring fit_prior for 2000 iterations


/home/daniel.z/ICML_PIECLAM_020425/experiments/../clamiter.py:364:::  staring fit_feats for 13000 iterations


/home/daniel.z/ICML_PIECLAM_020425/experiments/../clamiter.py:637:::  
back and forth 5/7


/home/daniel.z/ICML_PIECLAM_020425/experiments/../clamiter.py:364:::  staring fit_prior for 2000 iterations


/home/daniel.z/ICML_PIECLAM_020425/experiments/../clamiter.py:364:::  staring fit_feats for 13000 iterations


/home/daniel.z/ICML_PIECLAM_020425/experiments/../clamiter.py:637:::  
back and forth 6/7


/home/daniel.z/ICML_PIECLAM_020425/experiments/../clamiter.py:364:::  staring fit_prior for 2000 iterations


/home/daniel.z/ICML_PIECLAM_020425/experiments/../clamiter.py:364:::  staring fit_feats for 13000 iterations


/home/daniel.z/ICML_PIECLAM_020425/experiments/../clamiter.py:637:::  
back and forth 7/7


/home/daniel.z/ICML_PIECLAM_020425/experiments/../clamiter.py:364:::  staring fit_prior for 2000 iterations


/home/daniel.z/ICML_PIECLAM_020425/experiments/../clamiter.py:364:::  staring fit_feats for 13000 iterations


/home/daniel.z/ICML_PIECLAM_020425/experiments/../clamiter.py:704:::  
fit end, no early stopping


/home/daniel.z/ICML_PIECLAM_020425/experiments/../trainer.py:437:::  


FINISHED train 
 last accuracies:
test
key='auc': 0.7483072365636902
val
auc: None


/home/daniel.z/ICML_PIECLAM_020425/experiments/../trainer.py:451:::  





/home/daniel.z/ICML_PIECLAM_020425/experiments/../trainer.py:335:::  
 2025-04-30 19:07:54 starting optimization of pieclam on texas on device cuda

 configs_dict: 
{
    "clamiter_init": {
        "dim_feat": 46,
        "dim_attr": 100,
        "s_reg": 0.0,
        "l1_reg": 1,
        "T": 1,
        "hidden_dim": 64,
        "num_coupling_blocks": 32,
        "num_layers_mlp": 2
    },
    "feat_opt": {
        "lr": 1e-05,
        "n_iter": 13000,
        "early_stop": 0
    },
    "prior_opt": {
        "n_iter": 2000,
        "lr": 5e-06,
        "noise_amp": 0.05,
        "weight_decay": 0.1,
        "early_stop": 0
    },
    "back_forth": {
        "n_back_forth": 7,
        "scheduler_step_size": 3,
        "scheduler_gamma": 0.5,
        "early_stop_fit": 0,
        "first_func_in_fit": "fit_prior"
    }
}


/home/daniel.z/ICML_PIECLAM_020425/experiments/../clamiter.py:577:::  
in fit,
first_func_in_fit='fit_prior'
second_function_name='fit_feats'


/home/daniel.z/ICML_PIECLAM_020425/experiments/../clamiter.py:637:::  
back and forth 1/7


/home/daniel.z/ICML_PIECLAM_020425/experiments/../clamiter.py:364:::  staring fit_prior for 2000 iterations


/home/daniel.z/ICML_PIECLAM_020425/experiments/../clamiter.py:364:::  staring fit_feats for 13000 iterations


/home/daniel.z/ICML_PIECLAM_020425/experiments/../clamiter.py:637:::  
back and forth 2/7


/home/daniel.z/ICML_PIECLAM_020425/experiments/../clamiter.py:364:::  staring fit_prior for 2000 iterations


/home/daniel.z/ICML_PIECLAM_020425/experiments/../clamiter.py:364:::  staring fit_feats for 13000 iterations


/home/daniel.z/ICML_PIECLAM_020425/experiments/../clamiter.py:637:::  
back and forth 3/7


/home/daniel.z/ICML_PIECLAM_020425/experiments/../clamiter.py:364:::  staring fit_prior for 2000 iterations


/home/daniel.z/ICML_PIECLAM_020425/experiments/../clamiter.py:364:::  staring fit_feats for 13000 iterations


/home/daniel.z/ICML_PIECLAM_020425/experiments/../clamiter.py:637:::  
back and forth 4/7


/home/daniel.z/ICML_PIECLAM_020425/experiments/../clamiter.py:364:::  staring fit_prior for 2000 iterations


/home/daniel.z/ICML_PIECLAM_020425/experiments/../clamiter.py:364:::  staring fit_feats for 13000 iterations


/home/daniel.z/ICML_PIECLAM_020425/experiments/../clamiter.py:637:::  
back and forth 5/7


/home/daniel.z/ICML_PIECLAM_020425/experiments/../clamiter.py:364:::  staring fit_prior for 2000 iterations


/home/daniel.z/ICML_PIECLAM_020425/experiments/../clamiter.py:364:::  staring fit_feats for 13000 iterations


/home/daniel.z/ICML_PIECLAM_020425/experiments/../clamiter.py:637:::  
back and forth 6/7


/home/daniel.z/ICML_PIECLAM_020425/experiments/../clamiter.py:364:::  staring fit_prior for 2000 iterations


/home/daniel.z/ICML_PIECLAM_020425/experiments/../clamiter.py:364:::  staring fit_feats for 13000 iterations


/home/daniel.z/ICML_PIECLAM_020425/experiments/../clamiter.py:637:::  
back and forth 7/7


/home/daniel.z/ICML_PIECLAM_020425/experiments/../clamiter.py:364:::  staring fit_prior for 2000 iterations


/home/daniel.z/ICML_PIECLAM_020425/experiments/../clamiter.py:364:::  staring fit_feats for 13000 iterations


/home/daniel.z/ICML_PIECLAM_020425/experiments/../clamiter.py:704:::  
fit end, no early stopping


/home/daniel.z/ICML_PIECLAM_020425/experiments/../trainer.py:437:::  


FINISHED train 
 last accuracies:
test
key='auc': 0.7421709691070673
val
auc: None


/home/daniel.z/ICML_PIECLAM_020425/experiments/../trainer.py:451:::  





/home/daniel.z/ICML_PIECLAM_020425/experiments/../trainer.py:335:::  
 2025-04-30 21:51:51 starting optimization of pieclam on texas on device cuda

 configs_dict: 
{
    "clamiter_init": {
        "dim_feat": 46,
        "dim_attr": 100,
        "s_reg": 0.0,
        "l1_reg": 1,
        "T": 1,
        "hidden_dim": 64,
        "num_coupling_blocks": 32,
        "num_layers_mlp": 2
    },
    "feat_opt": {
        "lr": 1e-05,
        "n_iter": 13000,
        "early_stop": 0
    },
    "prior_opt": {
        "n_iter": 2000,
        "lr": 5e-06,
        "noise_amp": 0.05,
        "weight_decay": 0.1,
        "early_stop": 0
    },
    "back_forth": {
        "n_back_forth": 7,
        "scheduler_step_size": 3,
        "scheduler_gamma": 0.5,
        "early_stop_fit": 0,
        "first_func_in_fit": "fit_prior"
    }
}


/home/daniel.z/ICML_PIECLAM_020425/experiments/../clamiter.py:577:::  
in fit,
first_func_in_fit='fit_prior'
second_function_name='fit_feats'


/home/daniel.z/ICML_PIECLAM_020425/experiments/../clamiter.py:637:::  
back and forth 1/7


/home/daniel.z/ICML_PIECLAM_020425/experiments/../clamiter.py:364:::  staring fit_prior for 2000 iterations


/home/daniel.z/ICML_PIECLAM_020425/experiments/../clamiter.py:364:::  staring fit_feats for 13000 iterations


/home/daniel.z/ICML_PIECLAM_020425/experiments/../clamiter.py:637:::  
back and forth 2/7


/home/daniel.z/ICML_PIECLAM_020425/experiments/../clamiter.py:364:::  staring fit_prior for 2000 iterations


/home/daniel.z/ICML_PIECLAM_020425/experiments/../clamiter.py:364:::  staring fit_feats for 13000 iterations


/home/daniel.z/ICML_PIECLAM_020425/experiments/../clamiter.py:637:::  
back and forth 3/7


/home/daniel.z/ICML_PIECLAM_020425/experiments/../clamiter.py:364:::  staring fit_prior for 2000 iterations


/home/daniel.z/ICML_PIECLAM_020425/experiments/../clamiter.py:364:::  staring fit_feats for 13000 iterations


/home/daniel.z/ICML_PIECLAM_020425/experiments/../clamiter.py:637:::  
back and forth 4/7


/home/daniel.z/ICML_PIECLAM_020425/experiments/../clamiter.py:364:::  staring fit_prior for 2000 iterations


/home/daniel.z/ICML_PIECLAM_020425/experiments/../clamiter.py:364:::  staring fit_feats for 13000 iterations


/home/daniel.z/ICML_PIECLAM_020425/experiments/../clamiter.py:637:::  
back and forth 5/7


/home/daniel.z/ICML_PIECLAM_020425/experiments/../clamiter.py:364:::  staring fit_prior for 2000 iterations


/home/daniel.z/ICML_PIECLAM_020425/experiments/../clamiter.py:364:::  staring fit_feats for 13000 iterations


/home/daniel.z/ICML_PIECLAM_020425/experiments/../clamiter.py:637:::  
back and forth 6/7


/home/daniel.z/ICML_PIECLAM_020425/experiments/../clamiter.py:364:::  staring fit_prior for 2000 iterations


/home/daniel.z/ICML_PIECLAM_020425/experiments/../clamiter.py:364:::  staring fit_feats for 13000 iterations


/home/daniel.z/ICML_PIECLAM_020425/experiments/../clamiter.py:637:::  
back and forth 7/7


/home/daniel.z/ICML_PIECLAM_020425/experiments/../clamiter.py:364:::  staring fit_prior for 2000 iterations


/home/daniel.z/ICML_PIECLAM_020425/experiments/../clamiter.py:364:::  staring fit_feats for 13000 iterations


/home/daniel.z/ICML_PIECLAM_020425/experiments/../clamiter.py:704:::  
fit end, no early stopping


/home/daniel.z/ICML_PIECLAM_020425/experiments/../trainer.py:437:::  


FINISHED train 
 last accuracies:
test
key='auc': 0.7788827761320356
val
auc: None


/home/daniel.z/ICML_PIECLAM_020425/experiments/../trainer.py:451:::  





/home/daniel.z/ICML_PIECLAM_020425/experiments/../trainer.py:335:::  
 2025-05-01 00:28:47 starting optimization of pieclam on texas on device cuda

 configs_dict: 
{
    "clamiter_init": {
        "dim_feat": 50,
        "dim_attr": 100,
        "s_reg": 0.0,
        "l1_reg": 1,
        "T": 1,
        "hidden_dim": 64,
        "num_coupling_blocks": 32,
        "num_layers_mlp": 2
    },
    "feat_opt": {
        "lr": 3e-06,
        "n_iter": 13000,
        "early_stop": 0
    },
    "prior_opt": {
        "n_iter": 2000,
        "lr": 5e-06,
        "noise_amp": 0.05,
        "weight_decay": 0.1,
        "early_stop": 0
    },
    "back_forth": {
        "n_back_forth": 7,
        "scheduler_step_size": 3,
        "scheduler_gamma": 0.5,
        "early_stop_fit": 0,
        "first_func_in_fit": "fit_prior"
    }
}


/home/daniel.z/ICML_PIECLAM_020425/experiments/../clamiter.py:577:::  
in fit,
first_func_in_fit='fit_prior'
second_function_name='fit_feats'


/home/daniel.z/ICML_PIECLAM_020425/experiments/../clamiter.py:637:::  
back and forth 1/7


/home/daniel.z/ICML_PIECLAM_020425/experiments/../clamiter.py:364:::  staring fit_prior for 2000 iterations


/home/daniel.z/ICML_PIECLAM_020425/experiments/../clamiter.py:364:::  staring fit_feats for 13000 iterations


/home/daniel.z/ICML_PIECLAM_020425/experiments/../clamiter.py:637:::  
back and forth 2/7


/home/daniel.z/ICML_PIECLAM_020425/experiments/../clamiter.py:364:::  staring fit_prior for 2000 iterations


/home/daniel.z/ICML_PIECLAM_020425/experiments/../clamiter.py:364:::  staring fit_feats for 13000 iterations


/home/daniel.z/ICML_PIECLAM_020425/experiments/../clamiter.py:637:::  
back and forth 3/7


/home/daniel.z/ICML_PIECLAM_020425/experiments/../clamiter.py:364:::  staring fit_prior for 2000 iterations


/home/daniel.z/ICML_PIECLAM_020425/experiments/../clamiter.py:364:::  staring fit_feats for 13000 iterations


/home/daniel.z/ICML_PIECLAM_020425/experiments/../clamiter.py:637:::  
back and forth 4/7


/home/daniel.z/ICML_PIECLAM_020425/experiments/../clamiter.py:364:::  staring fit_prior for 2000 iterations


/home/daniel.z/ICML_PIECLAM_020425/experiments/../clamiter.py:364:::  staring fit_feats for 13000 iterations


/home/daniel.z/ICML_PIECLAM_020425/experiments/../clamiter.py:637:::  
back and forth 5/7


/home/daniel.z/ICML_PIECLAM_020425/experiments/../clamiter.py:364:::  staring fit_prior for 2000 iterations


/home/daniel.z/ICML_PIECLAM_020425/experiments/../clamiter.py:364:::  staring fit_feats for 13000 iterations


/home/daniel.z/ICML_PIECLAM_020425/experiments/../clamiter.py:637:::  
back and forth 6/7


/home/daniel.z/ICML_PIECLAM_020425/experiments/../clamiter.py:364:::  staring fit_prior for 2000 iterations


/home/daniel.z/ICML_PIECLAM_020425/experiments/../clamiter.py:364:::  staring fit_feats for 13000 iterations


/home/daniel.z/ICML_PIECLAM_020425/experiments/../clamiter.py:637:::  
back and forth 7/7


/home/daniel.z/ICML_PIECLAM_020425/experiments/../clamiter.py:364:::  staring fit_prior for 2000 iterations


/home/daniel.z/ICML_PIECLAM_020425/experiments/../clamiter.py:364:::  staring fit_feats for 13000 iterations


/home/daniel.z/ICML_PIECLAM_020425/experiments/../clamiter.py:704:::  
fit end, no early stopping


/home/daniel.z/ICML_PIECLAM_020425/experiments/../trainer.py:437:::  


FINISHED train 
 last accuracies:
test
key='auc': 0.7507405840033855
val
auc: None


/home/daniel.z/ICML_PIECLAM_020425/experiments/../trainer.py:451:::  





/home/daniel.z/ICML_PIECLAM_020425/experiments/../trainer.py:335:::  
 2025-05-01 03:38:08 starting optimization of pieclam on texas on device cuda

 configs_dict: 
{
    "clamiter_init": {
        "dim_feat": 50,
        "dim_attr": 100,
        "s_reg": 0.0,
        "l1_reg": 1,
        "T": 1,
        "hidden_dim": 64,
        "num_coupling_blocks": 32,
        "num_layers_mlp": 2
    },
    "feat_opt": {
        "lr": 3e-06,
        "n_iter": 13000,
        "early_stop": 0
    },
    "prior_opt": {
        "n_iter": 2000,
        "lr": 5e-06,
        "noise_amp": 0.05,
        "weight_decay": 0.1,
        "early_stop": 0
    },
    "back_forth": {
        "n_back_forth": 7,
        "scheduler_step_size": 3,
        "scheduler_gamma": 0.5,
        "early_stop_fit": 0,
        "first_func_in_fit": "fit_prior"
    }
}


/home/daniel.z/ICML_PIECLAM_020425/experiments/../clamiter.py:577:::  
in fit,
first_func_in_fit='fit_prior'
second_function_name='fit_feats'


/home/daniel.z/ICML_PIECLAM_020425/experiments/../clamiter.py:637:::  
back and forth 1/7


/home/daniel.z/ICML_PIECLAM_020425/experiments/../clamiter.py:364:::  staring fit_prior for 2000 iterations


/home/daniel.z/ICML_PIECLAM_020425/experiments/../clamiter.py:364:::  staring fit_feats for 13000 iterations


/home/daniel.z/ICML_PIECLAM_020425/experiments/../clamiter.py:637:::  
back and forth 2/7


/home/daniel.z/ICML_PIECLAM_020425/experiments/../clamiter.py:364:::  staring fit_prior for 2000 iterations


/home/daniel.z/ICML_PIECLAM_020425/experiments/../clamiter.py:364:::  staring fit_feats for 13000 iterations


/home/daniel.z/ICML_PIECLAM_020425/experiments/../clamiter.py:637:::  
back and forth 3/7


/home/daniel.z/ICML_PIECLAM_020425/experiments/../clamiter.py:364:::  staring fit_prior for 2000 iterations


/home/daniel.z/ICML_PIECLAM_020425/experiments/../clamiter.py:364:::  staring fit_feats for 13000 iterations


/home/daniel.z/ICML_PIECLAM_020425/experiments/../clamiter.py:637:::  
back and forth 4/7


/home/daniel.z/ICML_PIECLAM_020425/experiments/../clamiter.py:364:::  staring fit_prior for 2000 iterations


/home/daniel.z/ICML_PIECLAM_020425/experiments/../clamiter.py:364:::  staring fit_feats for 13000 iterations


/home/daniel.z/ICML_PIECLAM_020425/experiments/../clamiter.py:637:::  
back and forth 5/7


/home/daniel.z/ICML_PIECLAM_020425/experiments/../clamiter.py:364:::  staring fit_prior for 2000 iterations


/home/daniel.z/ICML_PIECLAM_020425/experiments/../clamiter.py:364:::  staring fit_feats for 13000 iterations


/home/daniel.z/ICML_PIECLAM_020425/experiments/../clamiter.py:637:::  
back and forth 6/7


/home/daniel.z/ICML_PIECLAM_020425/experiments/../clamiter.py:364:::  staring fit_prior for 2000 iterations


/home/daniel.z/ICML_PIECLAM_020425/experiments/../clamiter.py:364:::  staring fit_feats for 13000 iterations


/home/daniel.z/ICML_PIECLAM_020425/experiments/../clamiter.py:637:::  
back and forth 7/7


/home/daniel.z/ICML_PIECLAM_020425/experiments/../clamiter.py:364:::  staring fit_prior for 2000 iterations


/home/daniel.z/ICML_PIECLAM_020425/experiments/../clamiter.py:364:::  staring fit_feats for 13000 iterations


/home/daniel.z/ICML_PIECLAM_020425/experiments/../clamiter.py:704:::  
fit end, no early stopping


/home/daniel.z/ICML_PIECLAM_020425/experiments/../trainer.py:437:::  


FINISHED train 
 last accuracies:
test
key='auc': 0.7727465086754126
val
auc: None


/home/daniel.z/ICML_PIECLAM_020425/experiments/../trainer.py:451:::  





/home/daniel.z/ICML_PIECLAM_020425/experiments/../trainer.py:335:::  
 2025-05-01 07:55:11 starting optimization of pieclam on texas on device cuda

 configs_dict: 
{
    "clamiter_init": {
        "dim_feat": 50,
        "dim_attr": 100,
        "s_reg": 0.0,
        "l1_reg": 1,
        "T": 1,
        "hidden_dim": 64,
        "num_coupling_blocks": 32,
        "num_layers_mlp": 2
    },
    "feat_opt": {
        "lr": 3e-06,
        "n_iter": 13000,
        "early_stop": 0
    },
    "prior_opt": {
        "n_iter": 2000,
        "lr": 5e-06,
        "noise_amp": 0.05,
        "weight_decay": 0.1,
        "early_stop": 0
    },
    "back_forth": {
        "n_back_forth": 7,
        "scheduler_step_size": 3,
        "scheduler_gamma": 0.5,
        "early_stop_fit": 0,
        "first_func_in_fit": "fit_prior"
    }
}


/home/daniel.z/ICML_PIECLAM_020425/experiments/../clamiter.py:577:::  
in fit,
first_func_in_fit='fit_prior'
second_function_name='fit_feats'


/home/daniel.z/ICML_PIECLAM_020425/experiments/../clamiter.py:637:::  
back and forth 1/7


/home/daniel.z/ICML_PIECLAM_020425/experiments/../clamiter.py:364:::  staring fit_prior for 2000 iterations


/home/daniel.z/ICML_PIECLAM_020425/experiments/../clamiter.py:364:::  staring fit_feats for 13000 iterations


/home/daniel.z/ICML_PIECLAM_020425/experiments/../clamiter.py:637:::  
back and forth 2/7


/home/daniel.z/ICML_PIECLAM_020425/experiments/../clamiter.py:364:::  staring fit_prior for 2000 iterations


/home/daniel.z/ICML_PIECLAM_020425/experiments/../clamiter.py:364:::  staring fit_feats for 13000 iterations


/home/daniel.z/ICML_PIECLAM_020425/experiments/../clamiter.py:637:::  
back and forth 3/7


/home/daniel.z/ICML_PIECLAM_020425/experiments/../clamiter.py:364:::  staring fit_prior for 2000 iterations


/home/daniel.z/ICML_PIECLAM_020425/experiments/../clamiter.py:364:::  staring fit_feats for 13000 iterations


/home/daniel.z/ICML_PIECLAM_020425/experiments/../clamiter.py:637:::  
back and forth 4/7


/home/daniel.z/ICML_PIECLAM_020425/experiments/../clamiter.py:364:::  staring fit_prior for 2000 iterations


/home/daniel.z/ICML_PIECLAM_020425/experiments/../clamiter.py:364:::  staring fit_feats for 13000 iterations


/home/daniel.z/ICML_PIECLAM_020425/experiments/../clamiter.py:637:::  
back and forth 5/7


/home/daniel.z/ICML_PIECLAM_020425/experiments/../clamiter.py:364:::  staring fit_prior for 2000 iterations


/home/daniel.z/ICML_PIECLAM_020425/experiments/../clamiter.py:364:::  staring fit_feats for 13000 iterations


/home/daniel.z/ICML_PIECLAM_020425/experiments/../clamiter.py:637:::  
back and forth 6/7


/home/daniel.z/ICML_PIECLAM_020425/experiments/../clamiter.py:364:::  staring fit_prior for 2000 iterations


/home/daniel.z/ICML_PIECLAM_020425/experiments/../clamiter.py:364:::  staring fit_feats for 13000 iterations


/home/daniel.z/ICML_PIECLAM_020425/experiments/../clamiter.py:637:::  
back and forth 7/7


/home/daniel.z/ICML_PIECLAM_020425/experiments/../clamiter.py:364:::  staring fit_prior for 2000 iterations


/home/daniel.z/ICML_PIECLAM_020425/experiments/../clamiter.py:364:::  staring fit_feats for 13000 iterations


/home/daniel.z/ICML_PIECLAM_020425/experiments/../clamiter.py:704:::  
fit end, no early stopping


/home/daniel.z/ICML_PIECLAM_020425/experiments/../trainer.py:437:::  


FINISHED train 
 last accuracies:
test
key='auc': 0.786077020736352
val
auc: None


/home/daniel.z/ICML_PIECLAM_020425/experiments/../trainer.py:451:::  





/home/daniel.z/ICML_PIECLAM_020425/experiments/../trainer.py:335:::  
 2025-05-01 12:36:21 starting optimization of pieclam on texas on device cuda

 configs_dict: 
{
    "clamiter_init": {
        "dim_feat": 50,
        "dim_attr": 100,
        "s_reg": 0.0,
        "l1_reg": 1,
        "T": 1,
        "hidden_dim": 64,
        "num_coupling_blocks": 32,
        "num_layers_mlp": 2
    },
    "feat_opt": {
        "lr": 1e-05,
        "n_iter": 13000,
        "early_stop": 0
    },
    "prior_opt": {
        "n_iter": 2000,
        "lr": 5e-06,
        "noise_amp": 0.05,
        "weight_decay": 0.1,
        "early_stop": 0
    },
    "back_forth": {
        "n_back_forth": 7,
        "scheduler_step_size": 3,
        "scheduler_gamma": 0.5,
        "early_stop_fit": 0,
        "first_func_in_fit": "fit_prior"
    }
}


/home/daniel.z/ICML_PIECLAM_020425/experiments/../clamiter.py:577:::  
in fit,
first_func_in_fit='fit_prior'
second_function_name='fit_feats'


/home/daniel.z/ICML_PIECLAM_020425/experiments/../clamiter.py:637:::  
back and forth 1/7


/home/daniel.z/ICML_PIECLAM_020425/experiments/../clamiter.py:364:::  staring fit_prior for 2000 iterations


/home/daniel.z/ICML_PIECLAM_020425/experiments/../clamiter.py:364:::  staring fit_feats for 13000 iterations


/home/daniel.z/ICML_PIECLAM_020425/experiments/../clamiter.py:637:::  
back and forth 2/7


/home/daniel.z/ICML_PIECLAM_020425/experiments/../clamiter.py:364:::  staring fit_prior for 2000 iterations


/home/daniel.z/ICML_PIECLAM_020425/experiments/../clamiter.py:364:::  staring fit_feats for 13000 iterations


/home/daniel.z/ICML_PIECLAM_020425/experiments/../clamiter.py:637:::  
back and forth 3/7


/home/daniel.z/ICML_PIECLAM_020425/experiments/../clamiter.py:364:::  staring fit_prior for 2000 iterations


/home/daniel.z/ICML_PIECLAM_020425/experiments/../clamiter.py:364:::  staring fit_feats for 13000 iterations


/home/daniel.z/ICML_PIECLAM_020425/experiments/../clamiter.py:637:::  
back and forth 4/7


/home/daniel.z/ICML_PIECLAM_020425/experiments/../clamiter.py:364:::  staring fit_prior for 2000 iterations


/home/daniel.z/ICML_PIECLAM_020425/experiments/../clamiter.py:364:::  staring fit_feats for 13000 iterations


/home/daniel.z/ICML_PIECLAM_020425/experiments/../clamiter.py:637:::  
back and forth 5/7


/home/daniel.z/ICML_PIECLAM_020425/experiments/../clamiter.py:364:::  staring fit_prior for 2000 iterations


/home/daniel.z/ICML_PIECLAM_020425/experiments/../clamiter.py:364:::  staring fit_feats for 13000 iterations


/home/daniel.z/ICML_PIECLAM_020425/experiments/../clamiter.py:637:::  
back and forth 6/7


/home/daniel.z/ICML_PIECLAM_020425/experiments/../clamiter.py:364:::  staring fit_prior for 2000 iterations


/home/daniel.z/ICML_PIECLAM_020425/experiments/../clamiter.py:364:::  staring fit_feats for 13000 iterations


/home/daniel.z/ICML_PIECLAM_020425/experiments/../clamiter.py:637:::  
back and forth 7/7


/home/daniel.z/ICML_PIECLAM_020425/experiments/../clamiter.py:364:::  staring fit_prior for 2000 iterations


/home/daniel.z/ICML_PIECLAM_020425/experiments/../clamiter.py:364:::  staring fit_feats for 13000 iterations


/home/daniel.z/ICML_PIECLAM_020425/experiments/../clamiter.py:704:::  
fit end, no early stopping


/home/daniel.z/ICML_PIECLAM_020425/experiments/../trainer.py:437:::  


FINISHED train 
 last accuracies:
test
key='auc': 0.6342573000423191
val
auc: None


/home/daniel.z/ICML_PIECLAM_020425/experiments/../trainer.py:451:::  





/home/daniel.z/ICML_PIECLAM_020425/experiments/../trainer.py:335:::  
 2025-05-01 17:54:26 starting optimization of pieclam on texas on device cuda

 configs_dict: 
{
    "clamiter_init": {
        "dim_feat": 50,
        "dim_attr": 100,
        "s_reg": 0.0,
        "l1_reg": 1,
        "T": 1,
        "hidden_dim": 64,
        "num_coupling_blocks": 32,
        "num_layers_mlp": 2
    },
    "feat_opt": {
        "lr": 1e-05,
        "n_iter": 13000,
        "early_stop": 0
    },
    "prior_opt": {
        "n_iter": 2000,
        "lr": 5e-06,
        "noise_amp": 0.05,
        "weight_decay": 0.1,
        "early_stop": 0
    },
    "back_forth": {
        "n_back_forth": 7,
        "scheduler_step_size": 3,
        "scheduler_gamma": 0.5,
        "early_stop_fit": 0,
        "first_func_in_fit": "fit_prior"
    }
}


/home/daniel.z/ICML_PIECLAM_020425/experiments/../clamiter.py:577:::  
in fit,
first_func_in_fit='fit_prior'
second_function_name='fit_feats'


/home/daniel.z/ICML_PIECLAM_020425/experiments/../clamiter.py:637:::  
back and forth 1/7


/home/daniel.z/ICML_PIECLAM_020425/experiments/../clamiter.py:364:::  staring fit_prior for 2000 iterations


/home/daniel.z/ICML_PIECLAM_020425/experiments/../clamiter.py:364:::  staring fit_feats for 13000 iterations


/home/daniel.z/ICML_PIECLAM_020425/experiments/../clamiter.py:637:::  
back and forth 2/7


/home/daniel.z/ICML_PIECLAM_020425/experiments/../clamiter.py:364:::  staring fit_prior for 2000 iterations


/home/daniel.z/ICML_PIECLAM_020425/experiments/../clamiter.py:364:::  staring fit_feats for 13000 iterations


/home/daniel.z/ICML_PIECLAM_020425/experiments/../clamiter.py:637:::  
back and forth 3/7


/home/daniel.z/ICML_PIECLAM_020425/experiments/../clamiter.py:364:::  staring fit_prior for 2000 iterations


/home/daniel.z/ICML_PIECLAM_020425/experiments/../clamiter.py:364:::  staring fit_feats for 13000 iterations


/home/daniel.z/ICML_PIECLAM_020425/experiments/../clamiter.py:637:::  
back and forth 4/7


/home/daniel.z/ICML_PIECLAM_020425/experiments/../clamiter.py:364:::  staring fit_prior for 2000 iterations


/home/daniel.z/ICML_PIECLAM_020425/experiments/../clamiter.py:364:::  staring fit_feats for 13000 iterations


/home/daniel.z/ICML_PIECLAM_020425/experiments/../clamiter.py:637:::  
back and forth 5/7


/home/daniel.z/ICML_PIECLAM_020425/experiments/../clamiter.py:364:::  staring fit_prior for 2000 iterations


/home/daniel.z/ICML_PIECLAM_020425/experiments/../clamiter.py:364:::  staring fit_feats for 13000 iterations


/home/daniel.z/ICML_PIECLAM_020425/experiments/../clamiter.py:637:::  
back and forth 6/7


/home/daniel.z/ICML_PIECLAM_020425/experiments/../clamiter.py:364:::  staring fit_prior for 2000 iterations


/home/daniel.z/ICML_PIECLAM_020425/experiments/../clamiter.py:364:::  staring fit_feats for 13000 iterations


/home/daniel.z/ICML_PIECLAM_020425/experiments/../clamiter.py:637:::  
back and forth 7/7


/home/daniel.z/ICML_PIECLAM_020425/experiments/../clamiter.py:364:::  staring fit_prior for 2000 iterations


/home/daniel.z/ICML_PIECLAM_020425/experiments/../clamiter.py:364:::  staring fit_feats for 13000 iterations


/home/daniel.z/ICML_PIECLAM_020425/experiments/../clamiter.py:704:::  
fit end, no early stopping


/home/daniel.z/ICML_PIECLAM_020425/experiments/../trainer.py:437:::  


FINISHED train 
 last accuracies:
test
key='auc': 0.7749682606855691
val
auc: None


/home/daniel.z/ICML_PIECLAM_020425/experiments/../trainer.py:451:::  





/home/daniel.z/ICML_PIECLAM_020425/experiments/../trainer.py:335:::  
 2025-05-01 23:12:57 starting optimization of pieclam on texas on device cuda

 configs_dict: 
{
    "clamiter_init": {
        "dim_feat": 50,
        "dim_attr": 100,
        "s_reg": 0.0,
        "l1_reg": 1,
        "T": 1,
        "hidden_dim": 64,
        "num_coupling_blocks": 32,
        "num_layers_mlp": 2
    },
    "feat_opt": {
        "lr": 1e-05,
        "n_iter": 13000,
        "early_stop": 0
    },
    "prior_opt": {
        "n_iter": 2000,
        "lr": 5e-06,
        "noise_amp": 0.05,
        "weight_decay": 0.1,
        "early_stop": 0
    },
    "back_forth": {
        "n_back_forth": 7,
        "scheduler_step_size": 3,
        "scheduler_gamma": 0.5,
        "early_stop_fit": 0,
        "first_func_in_fit": "fit_prior"
    }
}


/home/daniel.z/ICML_PIECLAM_020425/experiments/../clamiter.py:577:::  
in fit,
first_func_in_fit='fit_prior'
second_function_name='fit_feats'


/home/daniel.z/ICML_PIECLAM_020425/experiments/../clamiter.py:637:::  
back and forth 1/7


/home/daniel.z/ICML_PIECLAM_020425/experiments/../clamiter.py:364:::  staring fit_prior for 2000 iterations


/home/daniel.z/ICML_PIECLAM_020425/experiments/../clamiter.py:364:::  staring fit_feats for 13000 iterations


/home/daniel.z/ICML_PIECLAM_020425/experiments/../clamiter.py:637:::  
back and forth 2/7


/home/daniel.z/ICML_PIECLAM_020425/experiments/../clamiter.py:364:::  staring fit_prior for 2000 iterations


/home/daniel.z/ICML_PIECLAM_020425/experiments/../clamiter.py:364:::  staring fit_feats for 13000 iterations
