Traceback (most recent call last):
  File "/home/daniel.z/ICML_PIECLAM_020425/experiments/scripts/link_prediction/hypers_search/hypers_search.py", line 132, in <module>
    main()
  File "/home/daniel.z/ICML_PIECLAM_020425/experiments/scripts/link_prediction/hypers_search/hypers_search.py", line 114, in main
    ou.cross_val_link(
  File "/home/daniel.z/ICML_PIECLAM_020425/experiments/optimization_utils.py", line 510, in cross_val_link
    raise e
  File "/home/daniel.z/ICML_PIECLAM_020425/experiments/optimization_utils.py", line 504, in cross_val_link
    run_saver.update_file((last_acc_test, last_acc_val), config_triplets)
  File "/home/daniel.z/ICML_PIECLAM_020425/experiments/optimization_utils.py", line 156, in update_file
    loaded_acc_configs = json.load(file)
  File "/home/daniel.z/miniconda3/envs/clam/lib/python3.10/json/__init__.py", line 293, in load
    return loads(fp.read(),
  File "/home/daniel.z/miniconda3/envs/clam/lib/python3.10/json/__init__.py", line 346, in loads
    return _default_decoder.decode(s)
  File "/home/daniel.z/miniconda3/envs/clam/lib/python3.10/json/decoder.py", line 337, in decode
    obj, end = self.raw_decode(s, idx=_w(s, 0).end())
  File "/home/daniel.z/miniconda3/envs/clam/lib/python3.10/json/decoder.py", line 355, in raw_decode
    raise JSONDecodeError("Expecting value", s, err.value) from None
json.decoder.JSONDecodeError: Expecting value: line 1 column 1 (char 0)
