/var/spool/slurm/slurmd/job4640780/slurm_script: line 7: nvcc: command not found
Mon Dec 15 10:39:37 2025       
+-----------------------------------------------------------------------------------------+
| NVIDIA-SMI 555.42.06              Driver Version: 555.42.06      CUDA Version: 12.5     |
|-----------------------------------------+------------------------+----------------------+
| GPU  Name                 Persistence-M | Bus-Id          Disp.A | Volatile Uncorr. ECC |
| Fan  Temp   Perf          Pwr:Usage/Cap |           Memory-Usage | GPU-Util  Compute M. |
|                                         |                        |               MIG M. |
|=========================================+========================+======================|
|   0  Tesla V100-SXM2-16GB           On  |   00000000:AF:00.0 Off |                    0 |
| N/A   35C    P0             46W /  300W |       1MiB /  16384MiB |      0%      Default |
|                                         |                        |                  N/A |
+-----------------------------------------+------------------------+----------------------+
                                                                                         
+-----------------------------------------------------------------------------------------+
| Processes:                                                                              |
|  GPU   GI   CI        PID   Type   Process name                              GPU Memory |
|        ID   ID                                                               Usage      |
|=========================================================================================|
|  No running processes found                                                             |
+-----------------------------------------------------------------------------------------+
/mnt/home/jcervino/miniconda3/envs/pieclam_directed/lib/python3.11/site-packages/outdated/__init__.py:36: UserWarning: pkg_resources is deprecated as an API. See https://setuptools.pypa.io/en/latest/pkg_resources.html. The pkg_resources package is slated for removal as early as 2025-11-30. Refrain from using this package or pin to Setuptools<81.
  from pkg_resources import parse_version
usage: hypers_search_splits.py [-h] [--model_name MODEL_NAME]
                               [--ds_name DS_NAME]
                               [--dim_feats DIM_FEATS [DIM_FEATS ...]]
                               [--l1_regs L1_REGS [L1_REGS ...]]
                               [--s_regs S_REGS [S_REGS ...]]
                               [--n_iters_feats N_ITERS_FEATS [N_ITERS_FEATS ...]]
                               [--lr_feats LR_FEATS [LR_FEATS ...]]
                               [--dim_attr DIM_ATTR [DIM_ATTR ...]]
                               [--n_iters_prior N_ITERS_PRIOR [N_ITERS_PRIOR ...]]
                               [--lr_prior LR_PRIOR [LR_PRIOR ...]]
                               [--noise_amps NOISE_AMPS [NOISE_AMPS ...]]
                               [--n_back_forth N_BACK_FORTH [N_BACK_FORTH ...]]
                               [--first_funcs_in_fit FIRST_FUNCS_IN_FIT [FIRST_FUNCS_IN_FIT ...]]
                               [--use_global_config_base] [--densify]
                               [--attr_opt] [--test_p TEST_P] [--val_p VAL_P]
                               [--val_dyads_path VAL_DYADS_PATH]
                               [--test_dyads_path TEST_DYADS_PATH]
                               [--random_search]
                               [--num_draws_random NUM_DRAWS_RANDOM]
                               [--test_only] [--n_reps N_REPS]
                               [--reverse_test_set_order] [--to_undirected]
                               [--remove_self_loops]
hypers_search_splits.py: error: unrecognized arguments: --directed
