/var/spool/slurm/slurmd/job4641825/slurm_script: line 7: nvcc: command not found
Wed Jan  7 21:34:13 2026       
+-----------------------------------------------------------------------------------------+
| NVIDIA-SMI 555.42.06              Driver Version: 555.42.06      CUDA Version: 12.5     |
|-----------------------------------------+------------------------+----------------------+
| GPU  Name                 Persistence-M | Bus-Id          Disp.A | Volatile Uncorr. ECC |
| Fan  Temp   Perf          Pwr:Usage/Cap |           Memory-Usage | GPU-Util  Compute M. |
|                                         |                        |               MIG M. |
|=========================================+========================+======================|
|   0  Tesla V100-PCIE-32GB           On  |   00000000:AF:00.0 Off |                    0 |
| N/A   48C    P0             30W /  250W |       1MiB /  32768MiB |      0%      Default |
|                                         |                        |                  N/A |
+-----------------------------------------+------------------------+----------------------+
                                                                                         
+-----------------------------------------------------------------------------------------+
| Processes:                                                                              |
|  GPU   GI   CI        PID   Type   Process name                              GPU Memory |
|        ID   ID                                                               Usage      |
|=========================================================================================|
|  No running processes found                                                             |
+-----------------------------------------------------------------------------------------+
/mnt/home/jcervino/miniconda3/envs/pieclam_directed/lib/python3.11/site-packages/outdated/__init__.py:36: UserWarning: pkg_resources is deprecated as an API. See https://setuptools.pypa.io/en/latest/pkg_resources.html. The pkg_resources package is slated for removal as early as 2025-11-30. Refrain from using this package or pin to Setuptools<81.
  from pkg_resources import parse_version


/mnt/home/jcervino/Github/CoraCiteseer/PieClam/experiments/scripts/link_prediction/hypers_search/hypers_search_splits.py:105:::  
CUDA available


/mnt/home/jcervino/Github/CoraCiteseer/PieClam/experiments/scripts/link_prediction/hypers_search/hypers_search_splits.py:107:::  
Using device: cuda


/mnt/home/jcervino/Github/CoraCiteseer/PieClam/experiments/scripts/link_prediction/hypers_search/hypers_search_splits.py:132:::  
Running cross val link splits for citeseer with model pclam


/mnt/home/jcervino/Github/CoraCiteseer/PieClam/experiments/scripts/link_prediction/hypers_search/hypers_search_splits.py:133:::  
args=Namespace(model_name='pclam', ds_name='citeseer', dim_feats=[48, 100, 200], l1_regs=[], s_regs=[0.0, 0.1], n_iters_feats=[500, 1000, 3000], lr_feats=[5e-05, 0.0001, 0.0005], dim_attr=[], n_iters_prior=[500, 1000, 3000], lr_prior=[5e-05, 0.0001, 0.0005], noise_amps=[], num_coupling_blocks=[32, 42], num_layers_mlp=[], hidden_dim=[50, 64, 74], n_back_forth=[], first_funcs_in_fit=['fit_feats', 'fit_prior'], use_global_config_base=False, densify=True, attr_opt=False, test_p=0.1, val_p=0.0, val_dyads_path=None, test_dyads_path=None, random_search=True, num_draws_random=50, test_only=True, n_reps=3, reverse_test_set_order=False, to_undirected=False, remove_self_loops=False)


/mnt/home/jcervino/Github/CoraCiteseer/PieClam/experiments/optimization_utils_directed.py:515:::  
On test set split_23-10_22-11-25 of citeseer,pclam
 ======================


/mnt/home/jcervino/Github/CoraCiteseer/PieClam/experiments/../datasets/import_dataset.py:284:::  
end of import_dataset
citeseer 
has 4230 nodes 
and 5358 edges. 
Graph is directed
Graph has NO self loops


/mnt/home/jcervino/Github/CoraCiteseer/PieClam/experiments/optimization_utils_directed.py:640:::  
RunSaver defined to acc_configs path /mnt/home/jcervino/Github/CoraCiteseer/PieClam/experiments/results/directed/link_prediction/auc/citeseer/pclam/split_23-10_22-11-25/test/acc_configs21-34_07-01-26.json


/mnt/home/jcervino/Github/CoraCiteseer/PieClam/experiments/optimization_utils_directed.py:665:::  
Repetition no. 0
/mnt/home/jcervino/Github/CoraCiteseer/PieClam/utils/pyg_helpers.py:379: UserWarning: Sparse CSR tensor support is in beta state. If you miss a functionality in the sparse tensor support, please submit a feature request to https://github.com/pytorch/pytorch/issues. (Triggered internally at /opt/conda/conda-bld/pytorch_1711403378171/work/aten/src/ATen/SparseCsrTensorImpl.cpp:53.)
  sparse_adj_2hop = torch.sparse.mm(sparse_adj, sparse_adj)


/mnt/home/jcervino/Github/CoraCiteseer/PieClam/experiments/optimization_utils_directed.py:682:::  
Densifyed the graph (link prediction)
Number of edges: 8813
Number of nodes: 4230


/mnt/home/jcervino/Github/CoraCiteseer/PieClam/experiments/../trainer_directed.py:158:::  

Using dataset specific configuration and not global 




/mnt/home/jcervino/Github/CoraCiteseer/PieClam/experiments/../trainer_directed.py:337:::  

In function train. 
2026-01-07 21:34:35 starting optimization of pclam on citeseer (DIRECTED) on device cuda

 configs_dict: 
{
    "clamiter_init": {
        "dim_feat": 48,
        "dim_attr": 100,
        "s_reg": 0.1,
        "l1_reg": 1,
        "T": 1,
        "hidden_dim": 74,
        "num_coupling_blocks": 32,
        "num_layers_mlp": 2
    },
    "feat_opt": {
        "lr": 5e-05,
        "n_iter": 3000,
        "early_stop": 0
    },
    "prior_opt": {
        "n_iter": 500,
        "lr": 5e-05,
        "noise_amp": 0.1,
        "weight_decay": 0.1,
        "early_stop": 0
    },
    "back_forth": {
        "n_back_forth": 6,
        "scheduler_step_size": 3,
        "scheduler_gamma": 0.5,
        "early_stop_fit": 0,
        "first_func_in_fit": "fit_feats"
    }
}


/mnt/home/jcervino/Github/CoraCiteseer/PieClam/experiments/../clamiter_directed.py:643:::  

in fit,
first_func_in_fit='fit_feats'
second_function_name='fit_prior'


/mnt/home/jcervino/Github/CoraCiteseer/PieClam/experiments/../clamiter_directed.py:705:::  

back and forth 1/6


/mnt/home/jcervino/Github/CoraCiteseer/PieClam/experiments/../clamiter_directed.py:440:::  
staring fit_feats for 3000 iterations


/mnt/home/jcervino/Github/CoraCiteseer/PieClam/experiments/../clamiter_directed.py:440:::  
staring fit_prior for 500 iterations


/mnt/home/jcervino/Github/CoraCiteseer/PieClam/experiments/../clamiter_directed.py:705:::  

back and forth 2/6


/mnt/home/jcervino/Github/CoraCiteseer/PieClam/experiments/../clamiter_directed.py:440:::  
staring fit_feats for 3000 iterations


/mnt/home/jcervino/Github/CoraCiteseer/PieClam/experiments/../clamiter_directed.py:440:::  
staring fit_prior for 500 iterations


/mnt/home/jcervino/Github/CoraCiteseer/PieClam/experiments/../clamiter_directed.py:705:::  

back and forth 3/6


/mnt/home/jcervino/Github/CoraCiteseer/PieClam/experiments/../clamiter_directed.py:440:::  
staring fit_feats for 3000 iterations


/mnt/home/jcervino/Github/CoraCiteseer/PieClam/experiments/../clamiter_directed.py:440:::  
staring fit_prior for 500 iterations


/mnt/home/jcervino/Github/CoraCiteseer/PieClam/experiments/../clamiter_directed.py:705:::  

back and forth 4/6


/mnt/home/jcervino/Github/CoraCiteseer/PieClam/experiments/../clamiter_directed.py:440:::  
staring fit_feats for 3000 iterations


/mnt/home/jcervino/Github/CoraCiteseer/PieClam/experiments/../clamiter_directed.py:440:::  
staring fit_prior for 500 iterations


/mnt/home/jcervino/Github/CoraCiteseer/PieClam/experiments/../clamiter_directed.py:705:::  

back and forth 5/6


/mnt/home/jcervino/Github/CoraCiteseer/PieClam/experiments/../clamiter_directed.py:440:::  
staring fit_feats for 3000 iterations


/mnt/home/jcervino/Github/CoraCiteseer/PieClam/experiments/../clamiter_directed.py:440:::  
staring fit_prior for 500 iterations


/mnt/home/jcervino/Github/CoraCiteseer/PieClam/experiments/../clamiter_directed.py:705:::  

back and forth 6/6


/mnt/home/jcervino/Github/CoraCiteseer/PieClam/experiments/../clamiter_directed.py:440:::  
staring fit_feats for 3000 iterations


/mnt/home/jcervino/Github/CoraCiteseer/PieClam/experiments/../clamiter_directed.py:440:::  
staring fit_prior for 500 iterations


/mnt/home/jcervino/Github/CoraCiteseer/PieClam/experiments/../clamiter_directed.py:780:::  

fit end


/mnt/home/jcervino/Github/CoraCiteseer/PieClam/experiments/../trainer_directed.py:444:::  



FINISHED train 
 last accuracies:
test
key='auc': 0.7247550004367194
val
auc: None




/mnt/home/jcervino/Github/CoraCiteseer/PieClam/experiments/../trainer_directed.py:460:::  

train_model_on_params on pclam citeseer 
took 5063.415087938309 seconds


/mnt/home/jcervino/Github/CoraCiteseer/PieClam/experiments/optimization_utils_directed.py:665:::  
Repetition no. 1


/mnt/home/jcervino/Github/CoraCiteseer/PieClam/experiments/optimization_utils_directed.py:682:::  
Densifyed the graph (link prediction)
Number of edges: 8813
Number of nodes: 4230


/mnt/home/jcervino/Github/CoraCiteseer/PieClam/experiments/../trainer_directed.py:158:::  

Using dataset specific configuration and not global 




/mnt/home/jcervino/Github/CoraCiteseer/PieClam/experiments/../trainer_directed.py:337:::  

In function train. 
2026-01-07 22:58:58 starting optimization of pclam on citeseer (DIRECTED) on device cuda

 configs_dict: 
{
    "clamiter_init": {
        "dim_feat": 48,
        "dim_attr": 100,
        "s_reg": 0.1,
        "l1_reg": 1,
        "T": 1,
        "hidden_dim": 74,
        "num_coupling_blocks": 32,
        "num_layers_mlp": 2
    },
    "feat_opt": {
        "lr": 5e-05,
        "n_iter": 3000,
        "early_stop": 0
    },
    "prior_opt": {
        "n_iter": 500,
        "lr": 5e-05,
        "noise_amp": 0.1,
        "weight_decay": 0.1,
        "early_stop": 0
    },
    "back_forth": {
        "n_back_forth": 6,
        "scheduler_step_size": 3,
        "scheduler_gamma": 0.5,
        "early_stop_fit": 0,
        "first_func_in_fit": "fit_feats"
    }
}


/mnt/home/jcervino/Github/CoraCiteseer/PieClam/experiments/../clamiter_directed.py:643:::  

in fit,
first_func_in_fit='fit_feats'
second_function_name='fit_prior'


/mnt/home/jcervino/Github/CoraCiteseer/PieClam/experiments/../clamiter_directed.py:705:::  

back and forth 1/6


/mnt/home/jcervino/Github/CoraCiteseer/PieClam/experiments/../clamiter_directed.py:440:::  
staring fit_feats for 3000 iterations


/mnt/home/jcervino/Github/CoraCiteseer/PieClam/experiments/../clamiter_directed.py:440:::  
staring fit_prior for 500 iterations


/mnt/home/jcervino/Github/CoraCiteseer/PieClam/experiments/../clamiter_directed.py:705:::  

back and forth 2/6


/mnt/home/jcervino/Github/CoraCiteseer/PieClam/experiments/../clamiter_directed.py:440:::  
staring fit_feats for 3000 iterations


/mnt/home/jcervino/Github/CoraCiteseer/PieClam/experiments/../clamiter_directed.py:440:::  
staring fit_prior for 500 iterations


/mnt/home/jcervino/Github/CoraCiteseer/PieClam/experiments/../clamiter_directed.py:705:::  

back and forth 3/6


/mnt/home/jcervino/Github/CoraCiteseer/PieClam/experiments/../clamiter_directed.py:440:::  
staring fit_feats for 3000 iterations


/mnt/home/jcervino/Github/CoraCiteseer/PieClam/experiments/../clamiter_directed.py:440:::  
staring fit_prior for 500 iterations


/mnt/home/jcervino/Github/CoraCiteseer/PieClam/experiments/../clamiter_directed.py:705:::  

back and forth 4/6


/mnt/home/jcervino/Github/CoraCiteseer/PieClam/experiments/../clamiter_directed.py:440:::  
staring fit_feats for 3000 iterations


/mnt/home/jcervino/Github/CoraCiteseer/PieClam/experiments/../clamiter_directed.py:440:::  
staring fit_prior for 500 iterations


/mnt/home/jcervino/Github/CoraCiteseer/PieClam/experiments/../clamiter_directed.py:705:::  

back and forth 5/6


/mnt/home/jcervino/Github/CoraCiteseer/PieClam/experiments/../clamiter_directed.py:440:::  
staring fit_feats for 3000 iterations


/mnt/home/jcervino/Github/CoraCiteseer/PieClam/experiments/../clamiter_directed.py:440:::  
staring fit_prior for 500 iterations


/mnt/home/jcervino/Github/CoraCiteseer/PieClam/experiments/../clamiter_directed.py:705:::  

back and forth 6/6


/mnt/home/jcervino/Github/CoraCiteseer/PieClam/experiments/../clamiter_directed.py:440:::  
staring fit_feats for 3000 iterations


/mnt/home/jcervino/Github/CoraCiteseer/PieClam/experiments/../clamiter_directed.py:440:::  
staring fit_prior for 500 iterations


/mnt/home/jcervino/Github/CoraCiteseer/PieClam/experiments/../clamiter_directed.py:780:::  

fit end


/mnt/home/jcervino/Github/CoraCiteseer/PieClam/experiments/../trainer_directed.py:444:::  



FINISHED train 
 last accuracies:
test
key='auc': 0.6906349899554546
val
auc: None




/mnt/home/jcervino/Github/CoraCiteseer/PieClam/experiments/../trainer_directed.py:460:::  

train_model_on_params on pclam citeseer 
took 5142.371442556381 seconds


/mnt/home/jcervino/Github/CoraCiteseer/PieClam/experiments/optimization_utils_directed.py:665:::  
Repetition no. 2


/mnt/home/jcervino/Github/CoraCiteseer/PieClam/experiments/optimization_utils_directed.py:682:::  
Densifyed the graph (link prediction)
Number of edges: 8813
Number of nodes: 4230


/mnt/home/jcervino/Github/CoraCiteseer/PieClam/experiments/../trainer_directed.py:158:::  

Using dataset specific configuration and not global 




/mnt/home/jcervino/Github/CoraCiteseer/PieClam/experiments/../trainer_directed.py:337:::  

In function train. 
2026-01-08 00:24:41 starting optimization of pclam on citeseer (DIRECTED) on device cuda

 configs_dict: 
{
    "clamiter_init": {
        "dim_feat": 48,
        "dim_attr": 100,
        "s_reg": 0.1,
        "l1_reg": 1,
        "T": 1,
        "hidden_dim": 74,
        "num_coupling_blocks": 32,
        "num_layers_mlp": 2
    },
    "feat_opt": {
        "lr": 5e-05,
        "n_iter": 3000,
        "early_stop": 0
    },
    "prior_opt": {
        "n_iter": 500,
        "lr": 5e-05,
        "noise_amp": 0.1,
        "weight_decay": 0.1,
        "early_stop": 0
    },
    "back_forth": {
        "n_back_forth": 6,
        "scheduler_step_size": 3,
        "scheduler_gamma": 0.5,
        "early_stop_fit": 0,
        "first_func_in_fit": "fit_feats"
    }
}


/mnt/home/jcervino/Github/CoraCiteseer/PieClam/experiments/../clamiter_directed.py:643:::  

in fit,
first_func_in_fit='fit_feats'
second_function_name='fit_prior'


/mnt/home/jcervino/Github/CoraCiteseer/PieClam/experiments/../clamiter_directed.py:705:::  

back and forth 1/6


/mnt/home/jcervino/Github/CoraCiteseer/PieClam/experiments/../clamiter_directed.py:440:::  
staring fit_feats for 3000 iterations


/mnt/home/jcervino/Github/CoraCiteseer/PieClam/experiments/../clamiter_directed.py:440:::  
staring fit_prior for 500 iterations


/mnt/home/jcervino/Github/CoraCiteseer/PieClam/experiments/../clamiter_directed.py:705:::  

back and forth 2/6


/mnt/home/jcervino/Github/CoraCiteseer/PieClam/experiments/../clamiter_directed.py:440:::  
staring fit_feats for 3000 iterations


/mnt/home/jcervino/Github/CoraCiteseer/PieClam/experiments/../clamiter_directed.py:440:::  
staring fit_prior for 500 iterations


/mnt/home/jcervino/Github/CoraCiteseer/PieClam/experiments/../clamiter_directed.py:705:::  

back and forth 3/6


/mnt/home/jcervino/Github/CoraCiteseer/PieClam/experiments/../clamiter_directed.py:440:::  
staring fit_feats for 3000 iterations


/mnt/home/jcervino/Github/CoraCiteseer/PieClam/experiments/../clamiter_directed.py:440:::  
staring fit_prior for 500 iterations


/mnt/home/jcervino/Github/CoraCiteseer/PieClam/experiments/../clamiter_directed.py:705:::  

back and forth 4/6


/mnt/home/jcervino/Github/CoraCiteseer/PieClam/experiments/../clamiter_directed.py:440:::  
staring fit_feats for 3000 iterations


/mnt/home/jcervino/Github/CoraCiteseer/PieClam/experiments/../clamiter_directed.py:440:::  
staring fit_prior for 500 iterations


/mnt/home/jcervino/Github/CoraCiteseer/PieClam/experiments/../clamiter_directed.py:705:::  

back and forth 5/6


/mnt/home/jcervino/Github/CoraCiteseer/PieClam/experiments/../clamiter_directed.py:440:::  
staring fit_feats for 3000 iterations


/mnt/home/jcervino/Github/CoraCiteseer/PieClam/experiments/../clamiter_directed.py:440:::  
staring fit_prior for 500 iterations


/mnt/home/jcervino/Github/CoraCiteseer/PieClam/experiments/../clamiter_directed.py:705:::  

back and forth 6/6


/mnt/home/jcervino/Github/CoraCiteseer/PieClam/experiments/../clamiter_directed.py:440:::  
staring fit_feats for 3000 iterations


/mnt/home/jcervino/Github/CoraCiteseer/PieClam/experiments/../clamiter_directed.py:440:::  
staring fit_prior for 500 iterations


/mnt/home/jcervino/Github/CoraCiteseer/PieClam/experiments/../clamiter_directed.py:780:::  

fit end


/mnt/home/jcervino/Github/CoraCiteseer/PieClam/experiments/../trainer_directed.py:444:::  



FINISHED train 
 last accuracies:
test
key='auc': 0.712628177133374
val
auc: None




/mnt/home/jcervino/Github/CoraCiteseer/PieClam/experiments/../trainer_directed.py:460:::  

train_model_on_params on pclam citeseer 
took 5179.166463136673 seconds


/mnt/home/jcervino/Github/CoraCiteseer/PieClam/experiments/optimization_utils_directed.py:665:::  
Repetition no. 0


/mnt/home/jcervino/Github/CoraCiteseer/PieClam/experiments/optimization_utils_directed.py:682:::  
Densifyed the graph (link prediction)
Number of edges: 8813
Number of nodes: 4230


/mnt/home/jcervino/Github/CoraCiteseer/PieClam/experiments/../trainer_directed.py:158:::  

Using dataset specific configuration and not global 




/mnt/home/jcervino/Github/CoraCiteseer/PieClam/experiments/../trainer_directed.py:337:::  

In function train. 
2026-01-08 01:51:00 starting optimization of pclam on citeseer (DIRECTED) on device cuda

 configs_dict: 
{
    "clamiter_init": {
        "dim_feat": 100,
        "dim_attr": 100,
        "s_reg": 0.0,
        "l1_reg": 1,
        "T": 1,
        "hidden_dim": 74,
        "num_coupling_blocks": 42,
        "num_layers_mlp": 2
    },
    "feat_opt": {
        "lr": 0.0001,
        "n_iter": 3000,
        "early_stop": 0
    },
    "prior_opt": {
        "n_iter": 3000,
        "lr": 0.0005,
        "noise_amp": 0.1,
        "weight_decay": 0.1,
        "early_stop": 0
    },
    "back_forth": {
        "n_back_forth": 6,
        "scheduler_step_size": 3,
        "scheduler_gamma": 0.5,
        "early_stop_fit": 0,
        "first_func_in_fit": "fit_prior"
    }
}


/mnt/home/jcervino/Github/CoraCiteseer/PieClam/experiments/../clamiter_directed.py:643:::  

in fit,
first_func_in_fit='fit_prior'
second_function_name='fit_feats'


/mnt/home/jcervino/Github/CoraCiteseer/PieClam/experiments/../clamiter_directed.py:705:::  

back and forth 1/6


/mnt/home/jcervino/Github/CoraCiteseer/PieClam/experiments/../clamiter_directed.py:440:::  
staring fit_prior for 3000 iterations


/mnt/home/jcervino/Github/CoraCiteseer/PieClam/experiments/../clamiter_directed.py:440:::  
staring fit_feats for 3000 iterations


/mnt/home/jcervino/Github/CoraCiteseer/PieClam/experiments/../clamiter_directed.py:705:::  

back and forth 2/6


/mnt/home/jcervino/Github/CoraCiteseer/PieClam/experiments/../clamiter_directed.py:440:::  
staring fit_prior for 3000 iterations


/mnt/home/jcervino/Github/CoraCiteseer/PieClam/experiments/../clamiter_directed.py:440:::  
staring fit_feats for 3000 iterations


/mnt/home/jcervino/Github/CoraCiteseer/PieClam/experiments/../clamiter_directed.py:705:::  

back and forth 3/6


/mnt/home/jcervino/Github/CoraCiteseer/PieClam/experiments/../clamiter_directed.py:440:::  
staring fit_prior for 3000 iterations


/mnt/home/jcervino/Github/CoraCiteseer/PieClam/experiments/../clamiter_directed.py:440:::  
staring fit_feats for 3000 iterations


/mnt/home/jcervino/Github/CoraCiteseer/PieClam/experiments/../clamiter_directed.py:448:::  
fit wrapper fit_feats error in iter_step at iter 16: in clam_loss: loss is nan
traceback: Traceback (most recent call last):
  File "/mnt/home/jcervino/Github/CoraCiteseer/PieClam/experiments/../clamiter_directed.py", line 445, in fit_wrapper
    loss = iter_step()
           ^^^^^^^^^^^
  File "/mnt/home/jcervino/Github/CoraCiteseer/PieClam/experiments/../clamiter_directed.py", line 361, in iter_step_feat
    loss = self.readout(graph)
           ^^^^^^^^^^^^^^^^^^^
  File "/mnt/home/jcervino/Github/CoraCiteseer/PieClam/experiments/../clamiter_directed.py", line 292, in readout
    readout = clam_loss_prior(graph, self.lorenz, self.prior)
              ^^^^^^^^^^^^^^^^^^^^^^^^^^^^^^^^^^^^^^^^^^^^^^^
  File "/mnt/home/jcervino/Github/CoraCiteseer/PieClam/experiments/../clamiter_directed.py", line 1720, in clam_loss_prior
    vanilla_loss = clam_loss(graph, lorenz)
                   ^^^^^^^^^^^^^^^^^^^^^^^^
  File "/mnt/home/jcervino/Github/CoraCiteseer/PieClam/experiments/../clamiter_directed.py", line 1710, in clam_loss
    raise ValueError('in clam_loss: loss is nan')
ValueError: in clam_loss: loss is nan



/mnt/home/jcervino/Github/CoraCiteseer/PieClam/experiments/../clamiter_directed.py:705:::  

back and forth 4/6


/mnt/home/jcervino/Github/CoraCiteseer/PieClam/experiments/../clamiter_directed.py:440:::  
staring fit_prior for 3000 iterations


/mnt/home/jcervino/Github/CoraCiteseer/PieClam/experiments/../clamiter_directed.py:440:::  
staring fit_feats for 3000 iterations


/mnt/home/jcervino/Github/CoraCiteseer/PieClam/experiments/../clamiter_directed.py:448:::  
fit wrapper fit_feats error in iter_step at iter 0: in clam_loss: loss is nan
traceback: Traceback (most recent call last):
  File "/mnt/home/jcervino/Github/CoraCiteseer/PieClam/experiments/../clamiter_directed.py", line 445, in fit_wrapper
    loss = iter_step()
           ^^^^^^^^^^^
  File "/mnt/home/jcervino/Github/CoraCiteseer/PieClam/experiments/../clamiter_directed.py", line 361, in iter_step_feat
    loss = self.readout(graph)
           ^^^^^^^^^^^^^^^^^^^
  File "/mnt/home/jcervino/Github/CoraCiteseer/PieClam/experiments/../clamiter_directed.py", line 292, in readout
    readout = clam_loss_prior(graph, self.lorenz, self.prior)
              ^^^^^^^^^^^^^^^^^^^^^^^^^^^^^^^^^^^^^^^^^^^^^^^
  File "/mnt/home/jcervino/Github/CoraCiteseer/PieClam/experiments/../clamiter_directed.py", line 1720, in clam_loss_prior
    vanilla_loss = clam_loss(graph, lorenz)
                   ^^^^^^^^^^^^^^^^^^^^^^^^
  File "/mnt/home/jcervino/Github/CoraCiteseer/PieClam/experiments/../clamiter_directed.py", line 1710, in clam_loss
    raise ValueError('in clam_loss: loss is nan')
ValueError: in clam_loss: loss is nan



/mnt/home/jcervino/Github/CoraCiteseer/PieClam/experiments/../clamiter_directed.py:733:::  

fit func. error in fit_feats at iter 3:
 Input contains NaN.


/mnt/home/jcervino/Github/CoraCiteseer/PieClam/experiments/../trainer_directed.py:444:::  



FINISHED train 
 last accuracies:
test
key='auc': 0.7002899816577868
val
auc: None




/mnt/home/jcervino/Github/CoraCiteseer/PieClam/experiments/../trainer_directed.py:460:::  

train_model_on_params on pclam citeseer 
took 5163.074510335922 seconds


/mnt/home/jcervino/Github/CoraCiteseer/PieClam/experiments/optimization_utils_directed.py:665:::  
Repetition no. 1


/mnt/home/jcervino/Github/CoraCiteseer/PieClam/experiments/optimization_utils_directed.py:682:::  
Densifyed the graph (link prediction)
Number of edges: 8813
Number of nodes: 4230


/mnt/home/jcervino/Github/CoraCiteseer/PieClam/experiments/../trainer_directed.py:158:::  

Using dataset specific configuration and not global 




/mnt/home/jcervino/Github/CoraCiteseer/PieClam/experiments/../trainer_directed.py:337:::  

In function train. 
2026-01-08 03:17:03 starting optimization of pclam on citeseer (DIRECTED) on device cuda

 configs_dict: 
{
    "clamiter_init": {
        "dim_feat": 100,
        "dim_attr": 100,
        "s_reg": 0.0,
        "l1_reg": 1,
        "T": 1,
        "hidden_dim": 74,
        "num_coupling_blocks": 42,
        "num_layers_mlp": 2
    },
    "feat_opt": {
        "lr": 0.0001,
        "n_iter": 3000,
        "early_stop": 0
    },
    "prior_opt": {
        "n_iter": 3000,
        "lr": 0.0005,
        "noise_amp": 0.1,
        "weight_decay": 0.1,
        "early_stop": 0
    },
    "back_forth": {
        "n_back_forth": 6,
        "scheduler_step_size": 3,
        "scheduler_gamma": 0.5,
        "early_stop_fit": 0,
        "first_func_in_fit": "fit_prior"
    }
}


/mnt/home/jcervino/Github/CoraCiteseer/PieClam/experiments/../clamiter_directed.py:643:::  

in fit,
first_func_in_fit='fit_prior'
second_function_name='fit_feats'


/mnt/home/jcervino/Github/CoraCiteseer/PieClam/experiments/../clamiter_directed.py:705:::  

back and forth 1/6


/mnt/home/jcervino/Github/CoraCiteseer/PieClam/experiments/../clamiter_directed.py:440:::  
staring fit_prior for 3000 iterations


/mnt/home/jcervino/Github/CoraCiteseer/PieClam/experiments/../clamiter_directed.py:440:::  
staring fit_feats for 3000 iterations


/mnt/home/jcervino/Github/CoraCiteseer/PieClam/experiments/../clamiter_directed.py:448:::  
fit wrapper fit_feats error in iter_step at iter 1716: in clam_loss: loss is nan
traceback: Traceback (most recent call last):
  File "/mnt/home/jcervino/Github/CoraCiteseer/PieClam/experiments/../clamiter_directed.py", line 445, in fit_wrapper
    loss = iter_step()
           ^^^^^^^^^^^
  File "/mnt/home/jcervino/Github/CoraCiteseer/PieClam/experiments/../clamiter_directed.py", line 361, in iter_step_feat
    loss = self.readout(graph)
           ^^^^^^^^^^^^^^^^^^^
  File "/mnt/home/jcervino/Github/CoraCiteseer/PieClam/experiments/../clamiter_directed.py", line 292, in readout
    readout = clam_loss_prior(graph, self.lorenz, self.prior)
              ^^^^^^^^^^^^^^^^^^^^^^^^^^^^^^^^^^^^^^^^^^^^^^^
  File "/mnt/home/jcervino/Github/CoraCiteseer/PieClam/experiments/../clamiter_directed.py", line 1720, in clam_loss_prior
    vanilla_loss = clam_loss(graph, lorenz)
                   ^^^^^^^^^^^^^^^^^^^^^^^^
  File "/mnt/home/jcervino/Github/CoraCiteseer/PieClam/experiments/../clamiter_directed.py", line 1710, in clam_loss
    raise ValueError('in clam_loss: loss is nan')
ValueError: in clam_loss: loss is nan



/mnt/home/jcervino/Github/CoraCiteseer/PieClam/experiments/../clamiter_directed.py:705:::  

back and forth 2/6


/mnt/home/jcervino/Github/CoraCiteseer/PieClam/experiments/../clamiter_directed.py:440:::  
staring fit_prior for 3000 iterations


/mnt/home/jcervino/Github/CoraCiteseer/PieClam/experiments/../clamiter_directed.py:440:::  
staring fit_feats for 3000 iterations


/mnt/home/jcervino/Github/CoraCiteseer/PieClam/experiments/../clamiter_directed.py:448:::  
fit wrapper fit_feats error in iter_step at iter 0: in clam_loss: loss is nan
traceback: Traceback (most recent call last):
  File "/mnt/home/jcervino/Github/CoraCiteseer/PieClam/experiments/../clamiter_directed.py", line 445, in fit_wrapper
    loss = iter_step()
           ^^^^^^^^^^^
  File "/mnt/home/jcervino/Github/CoraCiteseer/PieClam/experiments/../clamiter_directed.py", line 361, in iter_step_feat
    loss = self.readout(graph)
           ^^^^^^^^^^^^^^^^^^^
  File "/mnt/home/jcervino/Github/CoraCiteseer/PieClam/experiments/../clamiter_directed.py", line 292, in readout
    readout = clam_loss_prior(graph, self.lorenz, self.prior)
              ^^^^^^^^^^^^^^^^^^^^^^^^^^^^^^^^^^^^^^^^^^^^^^^
  File "/mnt/home/jcervino/Github/CoraCiteseer/PieClam/experiments/../clamiter_directed.py", line 1720, in clam_loss_prior
    vanilla_loss = clam_loss(graph, lorenz)
                   ^^^^^^^^^^^^^^^^^^^^^^^^
  File "/mnt/home/jcervino/Github/CoraCiteseer/PieClam/experiments/../clamiter_directed.py", line 1710, in clam_loss
    raise ValueError('in clam_loss: loss is nan')
ValueError: in clam_loss: loss is nan



/mnt/home/jcervino/Github/CoraCiteseer/PieClam/experiments/../clamiter_directed.py:733:::  

fit func. error in fit_feats at iter 1:
 Input contains NaN.


/mnt/home/jcervino/Github/CoraCiteseer/PieClam/experiments/../trainer_directed.py:444:::  



FINISHED train 
 last accuracies:
test
key='auc': 0.6942650013101581
val
auc: None




/mnt/home/jcervino/Github/CoraCiteseer/PieClam/experiments/../trainer_directed.py:460:::  

train_model_on_params on pclam citeseer 
took 2121.5188314914703 seconds


/mnt/home/jcervino/Github/CoraCiteseer/PieClam/experiments/optimization_utils_directed.py:665:::  
Repetition no. 2


/mnt/home/jcervino/Github/CoraCiteseer/PieClam/experiments/optimization_utils_directed.py:682:::  
Densifyed the graph (link prediction)
Number of edges: 8813
Number of nodes: 4230


/mnt/home/jcervino/Github/CoraCiteseer/PieClam/experiments/../trainer_directed.py:158:::  

Using dataset specific configuration and not global 




/mnt/home/jcervino/Github/CoraCiteseer/PieClam/experiments/../trainer_directed.py:337:::  

In function train. 
2026-01-08 03:52:25 starting optimization of pclam on citeseer (DIRECTED) on device cuda

 configs_dict: 
{
    "clamiter_init": {
        "dim_feat": 100,
        "dim_attr": 100,
        "s_reg": 0.0,
        "l1_reg": 1,
        "T": 1,
        "hidden_dim": 74,
        "num_coupling_blocks": 42,
        "num_layers_mlp": 2
    },
    "feat_opt": {
        "lr": 0.0001,
        "n_iter": 3000,
        "early_stop": 0
    },
    "prior_opt": {
        "n_iter": 3000,
        "lr": 0.0005,
        "noise_amp": 0.1,
        "weight_decay": 0.1,
        "early_stop": 0
    },
    "back_forth": {
        "n_back_forth": 6,
        "scheduler_step_size": 3,
        "scheduler_gamma": 0.5,
        "early_stop_fit": 0,
        "first_func_in_fit": "fit_prior"
    }
}


/mnt/home/jcervino/Github/CoraCiteseer/PieClam/experiments/../clamiter_directed.py:643:::  

in fit,
first_func_in_fit='fit_prior'
second_function_name='fit_feats'


/mnt/home/jcervino/Github/CoraCiteseer/PieClam/experiments/../clamiter_directed.py:705:::  

back and forth 1/6


/mnt/home/jcervino/Github/CoraCiteseer/PieClam/experiments/../clamiter_directed.py:440:::  
staring fit_prior for 3000 iterations


/mnt/home/jcervino/Github/CoraCiteseer/PieClam/experiments/../clamiter_directed.py:440:::  
staring fit_feats for 3000 iterations


/mnt/home/jcervino/Github/CoraCiteseer/PieClam/experiments/../clamiter_directed.py:448:::  
fit wrapper fit_feats error in iter_step at iter 326: in clam_loss: loss is nan
traceback: Traceback (most recent call last):
  File "/mnt/home/jcervino/Github/CoraCiteseer/PieClam/experiments/../clamiter_directed.py", line 445, in fit_wrapper
    loss = iter_step()
           ^^^^^^^^^^^
  File "/mnt/home/jcervino/Github/CoraCiteseer/PieClam/experiments/../clamiter_directed.py", line 361, in iter_step_feat
    loss = self.readout(graph)
           ^^^^^^^^^^^^^^^^^^^
  File "/mnt/home/jcervino/Github/CoraCiteseer/PieClam/experiments/../clamiter_directed.py", line 292, in readout
    readout = clam_loss_prior(graph, self.lorenz, self.prior)
              ^^^^^^^^^^^^^^^^^^^^^^^^^^^^^^^^^^^^^^^^^^^^^^^
  File "/mnt/home/jcervino/Github/CoraCiteseer/PieClam/experiments/../clamiter_directed.py", line 1720, in clam_loss_prior
    vanilla_loss = clam_loss(graph, lorenz)
                   ^^^^^^^^^^^^^^^^^^^^^^^^
  File "/mnt/home/jcervino/Github/CoraCiteseer/PieClam/experiments/../clamiter_directed.py", line 1710, in clam_loss
    raise ValueError('in clam_loss: loss is nan')
ValueError: in clam_loss: loss is nan



/mnt/home/jcervino/Github/CoraCiteseer/PieClam/experiments/../clamiter_directed.py:733:::  

fit func. error in fit_feats at iter 0:
 Input contains NaN.


/mnt/home/jcervino/Github/CoraCiteseer/PieClam/experiments/../trainer_directed.py:444:::  



FINISHED train 
 last accuracies:
test
auc: None
val
auc: None




/mnt/home/jcervino/Github/CoraCiteseer/PieClam/experiments/../trainer_directed.py:460:::  

train_model_on_params on pclam citeseer 
took 873.2120900154114 seconds


/mnt/home/jcervino/Github/CoraCiteseer/PieClam/experiments/optimization_utils_directed.py:665:::  
Repetition no. 0


/mnt/home/jcervino/Github/CoraCiteseer/PieClam/experiments/optimization_utils_directed.py:682:::  
Densifyed the graph (link prediction)
Number of edges: 8813
Number of nodes: 4230


/mnt/home/jcervino/Github/CoraCiteseer/PieClam/experiments/../trainer_directed.py:158:::  

Using dataset specific configuration and not global 




/mnt/home/jcervino/Github/CoraCiteseer/PieClam/experiments/../trainer_directed.py:337:::  

In function train. 
2026-01-08 04:06:59 starting optimization of pclam on citeseer (DIRECTED) on device cuda

 configs_dict: 
{
    "clamiter_init": {
        "dim_feat": 48,
        "dim_attr": 100,
        "s_reg": 0.0,
        "l1_reg": 1,
        "T": 1,
        "hidden_dim": 74,
        "num_coupling_blocks": 32,
        "num_layers_mlp": 2
    },
    "feat_opt": {
        "lr": 0.0001,
        "n_iter": 3000,
        "early_stop": 0
    },
    "prior_opt": {
        "n_iter": 1000,
        "lr": 0.0001,
        "noise_amp": 0.1,
        "weight_decay": 0.1,
        "early_stop": 0
    },
    "back_forth": {
        "n_back_forth": 6,
        "scheduler_step_size": 3,
        "scheduler_gamma": 0.5,
        "early_stop_fit": 0,
        "first_func_in_fit": "fit_prior"
    }
}


/mnt/home/jcervino/Github/CoraCiteseer/PieClam/experiments/../clamiter_directed.py:643:::  

in fit,
first_func_in_fit='fit_prior'
second_function_name='fit_feats'


/mnt/home/jcervino/Github/CoraCiteseer/PieClam/experiments/../clamiter_directed.py:705:::  

back and forth 1/6


/mnt/home/jcervino/Github/CoraCiteseer/PieClam/experiments/../clamiter_directed.py:440:::  
staring fit_prior for 1000 iterations


/mnt/home/jcervino/Github/CoraCiteseer/PieClam/experiments/../clamiter_directed.py:440:::  
staring fit_feats for 3000 iterations


/mnt/home/jcervino/Github/CoraCiteseer/PieClam/experiments/../clamiter_directed.py:448:::  
fit wrapper fit_feats error in iter_step at iter 1834: in clam_loss: loss is nan
traceback: Traceback (most recent call last):
  File "/mnt/home/jcervino/Github/CoraCiteseer/PieClam/experiments/../clamiter_directed.py", line 445, in fit_wrapper
    loss = iter_step()
           ^^^^^^^^^^^
  File "/mnt/home/jcervino/Github/CoraCiteseer/PieClam/experiments/../clamiter_directed.py", line 361, in iter_step_feat
    loss = self.readout(graph)
           ^^^^^^^^^^^^^^^^^^^
  File "/mnt/home/jcervino/Github/CoraCiteseer/PieClam/experiments/../clamiter_directed.py", line 292, in readout
    readout = clam_loss_prior(graph, self.lorenz, self.prior)
              ^^^^^^^^^^^^^^^^^^^^^^^^^^^^^^^^^^^^^^^^^^^^^^^
  File "/mnt/home/jcervino/Github/CoraCiteseer/PieClam/experiments/../clamiter_directed.py", line 1720, in clam_loss_prior
    vanilla_loss = clam_loss(graph, lorenz)
                   ^^^^^^^^^^^^^^^^^^^^^^^^
  File "/mnt/home/jcervino/Github/CoraCiteseer/PieClam/experiments/../clamiter_directed.py", line 1710, in clam_loss
    raise ValueError('in clam_loss: loss is nan')
ValueError: in clam_loss: loss is nan



/mnt/home/jcervino/Github/CoraCiteseer/PieClam/experiments/../clamiter_directed.py:733:::  

fit func. error in fit_feats at iter 0:
 Input contains NaN.


/mnt/home/jcervino/Github/CoraCiteseer/PieClam/experiments/../trainer_directed.py:444:::  



FINISHED train 
 last accuracies:
test
auc: None
val
auc: None




/mnt/home/jcervino/Github/CoraCiteseer/PieClam/experiments/../trainer_directed.py:460:::  

train_model_on_params on pclam citeseer 
took 646.8533787727356 seconds


/mnt/home/jcervino/Github/CoraCiteseer/PieClam/experiments/optimization_utils_directed.py:665:::  
Repetition no. 1


/mnt/home/jcervino/Github/CoraCiteseer/PieClam/experiments/optimization_utils_directed.py:682:::  
Densifyed the graph (link prediction)
Number of edges: 8813
Number of nodes: 4230


/mnt/home/jcervino/Github/CoraCiteseer/PieClam/experiments/../trainer_directed.py:158:::  

Using dataset specific configuration and not global 




/mnt/home/jcervino/Github/CoraCiteseer/PieClam/experiments/../trainer_directed.py:337:::  

In function train. 
2026-01-08 04:17:46 starting optimization of pclam on citeseer (DIRECTED) on device cuda

 configs_dict: 
{
    "clamiter_init": {
        "dim_feat": 48,
        "dim_attr": 100,
        "s_reg": 0.0,
        "l1_reg": 1,
        "T": 1,
        "hidden_dim": 74,
        "num_coupling_blocks": 32,
        "num_layers_mlp": 2
    },
    "feat_opt": {
        "lr": 0.0001,
        "n_iter": 3000,
        "early_stop": 0
    },
    "prior_opt": {
        "n_iter": 1000,
        "lr": 0.0001,
        "noise_amp": 0.1,
        "weight_decay": 0.1,
        "early_stop": 0
    },
    "back_forth": {
        "n_back_forth": 6,
        "scheduler_step_size": 3,
        "scheduler_gamma": 0.5,
        "early_stop_fit": 0,
        "first_func_in_fit": "fit_prior"
    }
}


/mnt/home/jcervino/Github/CoraCiteseer/PieClam/experiments/../clamiter_directed.py:643:::  

in fit,
first_func_in_fit='fit_prior'
second_function_name='fit_feats'


/mnt/home/jcervino/Github/CoraCiteseer/PieClam/experiments/../clamiter_directed.py:705:::  

back and forth 1/6


/mnt/home/jcervino/Github/CoraCiteseer/PieClam/experiments/../clamiter_directed.py:440:::  
staring fit_prior for 1000 iterations


/mnt/home/jcervino/Github/CoraCiteseer/PieClam/experiments/../clamiter_directed.py:440:::  
staring fit_feats for 3000 iterations


/mnt/home/jcervino/Github/CoraCiteseer/PieClam/experiments/../clamiter_directed.py:448:::  
fit wrapper fit_feats error in iter_step at iter 1139: in clam_loss: loss is nan
traceback: Traceback (most recent call last):
  File "/mnt/home/jcervino/Github/CoraCiteseer/PieClam/experiments/../clamiter_directed.py", line 445, in fit_wrapper
    loss = iter_step()
           ^^^^^^^^^^^
  File "/mnt/home/jcervino/Github/CoraCiteseer/PieClam/experiments/../clamiter_directed.py", line 361, in iter_step_feat
    loss = self.readout(graph)
           ^^^^^^^^^^^^^^^^^^^
  File "/mnt/home/jcervino/Github/CoraCiteseer/PieClam/experiments/../clamiter_directed.py", line 292, in readout
    readout = clam_loss_prior(graph, self.lorenz, self.prior)
              ^^^^^^^^^^^^^^^^^^^^^^^^^^^^^^^^^^^^^^^^^^^^^^^
  File "/mnt/home/jcervino/Github/CoraCiteseer/PieClam/experiments/../clamiter_directed.py", line 1720, in clam_loss_prior
    vanilla_loss = clam_loss(graph, lorenz)
                   ^^^^^^^^^^^^^^^^^^^^^^^^
  File "/mnt/home/jcervino/Github/CoraCiteseer/PieClam/experiments/../clamiter_directed.py", line 1710, in clam_loss
    raise ValueError('in clam_loss: loss is nan')
ValueError: in clam_loss: loss is nan



/mnt/home/jcervino/Github/CoraCiteseer/PieClam/experiments/../clamiter_directed.py:705:::  

back and forth 2/6


/mnt/home/jcervino/Github/CoraCiteseer/PieClam/experiments/../clamiter_directed.py:440:::  
staring fit_prior for 1000 iterations


/mnt/home/jcervino/Github/CoraCiteseer/PieClam/experiments/../clamiter_directed.py:440:::  
staring fit_feats for 3000 iterations


/mnt/home/jcervino/Github/CoraCiteseer/PieClam/experiments/../clamiter_directed.py:448:::  
fit wrapper fit_feats error in iter_step at iter 0: in clam_loss: loss is nan
traceback: Traceback (most recent call last):
  File "/mnt/home/jcervino/Github/CoraCiteseer/PieClam/experiments/../clamiter_directed.py", line 445, in fit_wrapper
    loss = iter_step()
           ^^^^^^^^^^^
  File "/mnt/home/jcervino/Github/CoraCiteseer/PieClam/experiments/../clamiter_directed.py", line 361, in iter_step_feat
    loss = self.readout(graph)
           ^^^^^^^^^^^^^^^^^^^
  File "/mnt/home/jcervino/Github/CoraCiteseer/PieClam/experiments/../clamiter_directed.py", line 292, in readout
    readout = clam_loss_prior(graph, self.lorenz, self.prior)
              ^^^^^^^^^^^^^^^^^^^^^^^^^^^^^^^^^^^^^^^^^^^^^^^
  File "/mnt/home/jcervino/Github/CoraCiteseer/PieClam/experiments/../clamiter_directed.py", line 1720, in clam_loss_prior
    vanilla_loss = clam_loss(graph, lorenz)
                   ^^^^^^^^^^^^^^^^^^^^^^^^
  File "/mnt/home/jcervino/Github/CoraCiteseer/PieClam/experiments/../clamiter_directed.py", line 1710, in clam_loss
    raise ValueError('in clam_loss: loss is nan')
ValueError: in clam_loss: loss is nan



/mnt/home/jcervino/Github/CoraCiteseer/PieClam/experiments/../clamiter_directed.py:733:::  

fit func. error in fit_feats at iter 1:
 Input contains NaN.


/mnt/home/jcervino/Github/CoraCiteseer/PieClam/experiments/../trainer_directed.py:444:::  



FINISHED train 
 last accuracies:
test
key='auc': 0.6880670800943313
val
auc: None




/mnt/home/jcervino/Github/CoraCiteseer/PieClam/experiments/../trainer_directed.py:460:::  

train_model_on_params on pclam citeseer 
took 656.1188588142395 seconds


/mnt/home/jcervino/Github/CoraCiteseer/PieClam/experiments/optimization_utils_directed.py:665:::  
Repetition no. 2


/mnt/home/jcervino/Github/CoraCiteseer/PieClam/experiments/optimization_utils_directed.py:682:::  
Densifyed the graph (link prediction)
Number of edges: 8813
Number of nodes: 4230


/mnt/home/jcervino/Github/CoraCiteseer/PieClam/experiments/../trainer_directed.py:158:::  

Using dataset specific configuration and not global 




/mnt/home/jcervino/Github/CoraCiteseer/PieClam/experiments/../trainer_directed.py:337:::  

In function train. 
2026-01-08 04:28:42 starting optimization of pclam on citeseer (DIRECTED) on device cuda

 configs_dict: 
{
    "clamiter_init": {
        "dim_feat": 48,
        "dim_attr": 100,
        "s_reg": 0.0,
        "l1_reg": 1,
        "T": 1,
        "hidden_dim": 74,
        "num_coupling_blocks": 32,
        "num_layers_mlp": 2
    },
    "feat_opt": {
        "lr": 0.0001,
        "n_iter": 3000,
        "early_stop": 0
    },
    "prior_opt": {
        "n_iter": 1000,
        "lr": 0.0001,
        "noise_amp": 0.1,
        "weight_decay": 0.1,
        "early_stop": 0
    },
    "back_forth": {
        "n_back_forth": 6,
        "scheduler_step_size": 3,
        "scheduler_gamma": 0.5,
        "early_stop_fit": 0,
        "first_func_in_fit": "fit_prior"
    }
}


/mnt/home/jcervino/Github/CoraCiteseer/PieClam/experiments/../clamiter_directed.py:643:::  

in fit,
first_func_in_fit='fit_prior'
second_function_name='fit_feats'


/mnt/home/jcervino/Github/CoraCiteseer/PieClam/experiments/../clamiter_directed.py:705:::  

back and forth 1/6


/mnt/home/jcervino/Github/CoraCiteseer/PieClam/experiments/../clamiter_directed.py:440:::  
staring fit_prior for 1000 iterations


/mnt/home/jcervino/Github/CoraCiteseer/PieClam/experiments/../clamiter_directed.py:440:::  
staring fit_feats for 3000 iterations


/mnt/home/jcervino/Github/CoraCiteseer/PieClam/experiments/../clamiter_directed.py:448:::  
fit wrapper fit_feats error in iter_step at iter 1155: in clam_loss: loss is nan
traceback: Traceback (most recent call last):
  File "/mnt/home/jcervino/Github/CoraCiteseer/PieClam/experiments/../clamiter_directed.py", line 445, in fit_wrapper
    loss = iter_step()
           ^^^^^^^^^^^
  File "/mnt/home/jcervino/Github/CoraCiteseer/PieClam/experiments/../clamiter_directed.py", line 361, in iter_step_feat
    loss = self.readout(graph)
           ^^^^^^^^^^^^^^^^^^^
  File "/mnt/home/jcervino/Github/CoraCiteseer/PieClam/experiments/../clamiter_directed.py", line 292, in readout
    readout = clam_loss_prior(graph, self.lorenz, self.prior)
              ^^^^^^^^^^^^^^^^^^^^^^^^^^^^^^^^^^^^^^^^^^^^^^^
  File "/mnt/home/jcervino/Github/CoraCiteseer/PieClam/experiments/../clamiter_directed.py", line 1720, in clam_loss_prior
    vanilla_loss = clam_loss(graph, lorenz)
                   ^^^^^^^^^^^^^^^^^^^^^^^^
  File "/mnt/home/jcervino/Github/CoraCiteseer/PieClam/experiments/../clamiter_directed.py", line 1710, in clam_loss
    raise ValueError('in clam_loss: loss is nan')
ValueError: in clam_loss: loss is nan



/mnt/home/jcervino/Github/CoraCiteseer/PieClam/experiments/../clamiter_directed.py:705:::  

back and forth 2/6


/mnt/home/jcervino/Github/CoraCiteseer/PieClam/experiments/../clamiter_directed.py:440:::  
staring fit_prior for 1000 iterations


/mnt/home/jcervino/Github/CoraCiteseer/PieClam/experiments/../clamiter_directed.py:440:::  
staring fit_feats for 3000 iterations


/mnt/home/jcervino/Github/CoraCiteseer/PieClam/experiments/../clamiter_directed.py:448:::  
fit wrapper fit_feats error in iter_step at iter 0: in clam_loss: loss is nan
traceback: Traceback (most recent call last):
  File "/mnt/home/jcervino/Github/CoraCiteseer/PieClam/experiments/../clamiter_directed.py", line 445, in fit_wrapper
    loss = iter_step()
           ^^^^^^^^^^^
  File "/mnt/home/jcervino/Github/CoraCiteseer/PieClam/experiments/../clamiter_directed.py", line 361, in iter_step_feat
    loss = self.readout(graph)
           ^^^^^^^^^^^^^^^^^^^
  File "/mnt/home/jcervino/Github/CoraCiteseer/PieClam/experiments/../clamiter_directed.py", line 292, in readout
    readout = clam_loss_prior(graph, self.lorenz, self.prior)
              ^^^^^^^^^^^^^^^^^^^^^^^^^^^^^^^^^^^^^^^^^^^^^^^
  File "/mnt/home/jcervino/Github/CoraCiteseer/PieClam/experiments/../clamiter_directed.py", line 1720, in clam_loss_prior
    vanilla_loss = clam_loss(graph, lorenz)
                   ^^^^^^^^^^^^^^^^^^^^^^^^
  File "/mnt/home/jcervino/Github/CoraCiteseer/PieClam/experiments/../clamiter_directed.py", line 1710, in clam_loss
    raise ValueError('in clam_loss: loss is nan')
ValueError: in clam_loss: loss is nan



/mnt/home/jcervino/Github/CoraCiteseer/PieClam/experiments/../clamiter_directed.py:733:::  

fit func. error in fit_feats at iter 1:
 Input contains NaN.


/mnt/home/jcervino/Github/CoraCiteseer/PieClam/experiments/../trainer_directed.py:444:::  



FINISHED train 
 last accuracies:
test
key='auc': 0.6911171281334614
val
auc: None




/mnt/home/jcervino/Github/CoraCiteseer/PieClam/experiments/../trainer_directed.py:460:::  

train_model_on_params on pclam citeseer 
took 691.0608775615692 seconds


/mnt/home/jcervino/Github/CoraCiteseer/PieClam/experiments/optimization_utils_directed.py:665:::  
Repetition no. 0


/mnt/home/jcervino/Github/CoraCiteseer/PieClam/experiments/optimization_utils_directed.py:682:::  
Densifyed the graph (link prediction)
Number of edges: 8813
Number of nodes: 4230


/mnt/home/jcervino/Github/CoraCiteseer/PieClam/experiments/../trainer_directed.py:158:::  

Using dataset specific configuration and not global 




/mnt/home/jcervino/Github/CoraCiteseer/PieClam/experiments/../trainer_directed.py:337:::  

In function train. 
2026-01-08 04:40:14 starting optimization of pclam on citeseer (DIRECTED) on device cuda

 configs_dict: 
{
    "clamiter_init": {
        "dim_feat": 200,
        "dim_attr": 100,
        "s_reg": 0.1,
        "l1_reg": 1,
        "T": 1,
        "hidden_dim": 74,
        "num_coupling_blocks": 42,
        "num_layers_mlp": 2
    },
    "feat_opt": {
        "lr": 0.0005,
        "n_iter": 1000,
        "early_stop": 0
    },
    "prior_opt": {
        "n_iter": 3000,
        "lr": 0.0005,
        "noise_amp": 0.1,
        "weight_decay": 0.1,
        "early_stop": 0
    },
    "back_forth": {
        "n_back_forth": 6,
        "scheduler_step_size": 3,
        "scheduler_gamma": 0.5,
        "early_stop_fit": 0,
        "first_func_in_fit": "fit_prior"
    }
}


/mnt/home/jcervino/Github/CoraCiteseer/PieClam/experiments/../clamiter_directed.py:643:::  

in fit,
first_func_in_fit='fit_prior'
second_function_name='fit_feats'


/mnt/home/jcervino/Github/CoraCiteseer/PieClam/experiments/../clamiter_directed.py:705:::  

back and forth 1/6


/mnt/home/jcervino/Github/CoraCiteseer/PieClam/experiments/../clamiter_directed.py:440:::  
staring fit_prior for 3000 iterations


/mnt/home/jcervino/Github/CoraCiteseer/PieClam/experiments/../clamiter_directed.py:440:::  
staring fit_feats for 1000 iterations


/mnt/home/jcervino/Github/CoraCiteseer/PieClam/experiments/../clamiter_directed.py:448:::  
fit wrapper fit_feats error in iter_step at iter 8: in clam_loss: loss is nan
traceback: Traceback (most recent call last):
  File "/mnt/home/jcervino/Github/CoraCiteseer/PieClam/experiments/../clamiter_directed.py", line 445, in fit_wrapper
    loss = iter_step()
           ^^^^^^^^^^^
  File "/mnt/home/jcervino/Github/CoraCiteseer/PieClam/experiments/../clamiter_directed.py", line 361, in iter_step_feat
    loss = self.readout(graph)
           ^^^^^^^^^^^^^^^^^^^
  File "/mnt/home/jcervino/Github/CoraCiteseer/PieClam/experiments/../clamiter_directed.py", line 292, in readout
    readout = clam_loss_prior(graph, self.lorenz, self.prior)
              ^^^^^^^^^^^^^^^^^^^^^^^^^^^^^^^^^^^^^^^^^^^^^^^
  File "/mnt/home/jcervino/Github/CoraCiteseer/PieClam/experiments/../clamiter_directed.py", line 1720, in clam_loss_prior
    vanilla_loss = clam_loss(graph, lorenz)
                   ^^^^^^^^^^^^^^^^^^^^^^^^
  File "/mnt/home/jcervino/Github/CoraCiteseer/PieClam/experiments/../clamiter_directed.py", line 1710, in clam_loss
    raise ValueError('in clam_loss: loss is nan')
ValueError: in clam_loss: loss is nan



/mnt/home/jcervino/Github/CoraCiteseer/PieClam/experiments/../clamiter_directed.py:733:::  

fit func. error in fit_feats at iter 0:
 Input contains NaN.


/mnt/home/jcervino/Github/CoraCiteseer/PieClam/experiments/../trainer_directed.py:444:::  



FINISHED train 
 last accuracies:
test
auc: None
val
auc: None




/mnt/home/jcervino/Github/CoraCiteseer/PieClam/experiments/../trainer_directed.py:460:::  

train_model_on_params on pclam citeseer 
took 771.3214662075043 seconds


/mnt/home/jcervino/Github/CoraCiteseer/PieClam/experiments/optimization_utils_directed.py:665:::  
Repetition no. 1


/mnt/home/jcervino/Github/CoraCiteseer/PieClam/experiments/optimization_utils_directed.py:682:::  
Densifyed the graph (link prediction)
Number of edges: 8813
Number of nodes: 4230


/mnt/home/jcervino/Github/CoraCiteseer/PieClam/experiments/../trainer_directed.py:158:::  

Using dataset specific configuration and not global 




/mnt/home/jcervino/Github/CoraCiteseer/PieClam/experiments/../trainer_directed.py:337:::  

In function train. 
2026-01-08 04:53:06 starting optimization of pclam on citeseer (DIRECTED) on device cuda

 configs_dict: 
{
    "clamiter_init": {
        "dim_feat": 200,
        "dim_attr": 100,
        "s_reg": 0.1,
        "l1_reg": 1,
        "T": 1,
        "hidden_dim": 74,
        "num_coupling_blocks": 42,
        "num_layers_mlp": 2
    },
    "feat_opt": {
        "lr": 0.0005,
        "n_iter": 1000,
        "early_stop": 0
    },
    "prior_opt": {
        "n_iter": 3000,
        "lr": 0.0005,
        "noise_amp": 0.1,
        "weight_decay": 0.1,
        "early_stop": 0
    },
    "back_forth": {
        "n_back_forth": 6,
        "scheduler_step_size": 3,
        "scheduler_gamma": 0.5,
        "early_stop_fit": 0,
        "first_func_in_fit": "fit_prior"
    }
}


/mnt/home/jcervino/Github/CoraCiteseer/PieClam/experiments/../clamiter_directed.py:643:::  

in fit,
first_func_in_fit='fit_prior'
second_function_name='fit_feats'


/mnt/home/jcervino/Github/CoraCiteseer/PieClam/experiments/../clamiter_directed.py:705:::  

back and forth 1/6


/mnt/home/jcervino/Github/CoraCiteseer/PieClam/experiments/../clamiter_directed.py:440:::  
staring fit_prior for 3000 iterations


/mnt/home/jcervino/Github/CoraCiteseer/PieClam/experiments/../clamiter_directed.py:440:::  
staring fit_feats for 1000 iterations


/mnt/home/jcervino/Github/CoraCiteseer/PieClam/experiments/../clamiter_directed.py:448:::  
fit wrapper fit_feats error in iter_step at iter 8: in clam_loss: loss is nan
traceback: Traceback (most recent call last):
  File "/mnt/home/jcervino/Github/CoraCiteseer/PieClam/experiments/../clamiter_directed.py", line 445, in fit_wrapper
    loss = iter_step()
           ^^^^^^^^^^^
  File "/mnt/home/jcervino/Github/CoraCiteseer/PieClam/experiments/../clamiter_directed.py", line 361, in iter_step_feat
    loss = self.readout(graph)
           ^^^^^^^^^^^^^^^^^^^
  File "/mnt/home/jcervino/Github/CoraCiteseer/PieClam/experiments/../clamiter_directed.py", line 292, in readout
    readout = clam_loss_prior(graph, self.lorenz, self.prior)
              ^^^^^^^^^^^^^^^^^^^^^^^^^^^^^^^^^^^^^^^^^^^^^^^
  File "/mnt/home/jcervino/Github/CoraCiteseer/PieClam/experiments/../clamiter_directed.py", line 1720, in clam_loss_prior
    vanilla_loss = clam_loss(graph, lorenz)
                   ^^^^^^^^^^^^^^^^^^^^^^^^
  File "/mnt/home/jcervino/Github/CoraCiteseer/PieClam/experiments/../clamiter_directed.py", line 1710, in clam_loss
    raise ValueError('in clam_loss: loss is nan')
ValueError: in clam_loss: loss is nan



/mnt/home/jcervino/Github/CoraCiteseer/PieClam/experiments/../clamiter_directed.py:733:::  

fit func. error in fit_feats at iter 0:
 Input contains NaN.


/mnt/home/jcervino/Github/CoraCiteseer/PieClam/experiments/../trainer_directed.py:444:::  



FINISHED train 
 last accuracies:
test
auc: None
val
auc: None




/mnt/home/jcervino/Github/CoraCiteseer/PieClam/experiments/../trainer_directed.py:460:::  

train_model_on_params on pclam citeseer 
took 769.0887975692749 seconds


/mnt/home/jcervino/Github/CoraCiteseer/PieClam/experiments/optimization_utils_directed.py:665:::  
Repetition no. 2


/mnt/home/jcervino/Github/CoraCiteseer/PieClam/experiments/optimization_utils_directed.py:682:::  
Densifyed the graph (link prediction)
Number of edges: 8813
Number of nodes: 4230


/mnt/home/jcervino/Github/CoraCiteseer/PieClam/experiments/../trainer_directed.py:158:::  

Using dataset specific configuration and not global 




/mnt/home/jcervino/Github/CoraCiteseer/PieClam/experiments/../trainer_directed.py:337:::  

In function train. 
2026-01-08 05:05:55 starting optimization of pclam on citeseer (DIRECTED) on device cuda

 configs_dict: 
{
    "clamiter_init": {
        "dim_feat": 200,
        "dim_attr": 100,
        "s_reg": 0.1,
        "l1_reg": 1,
        "T": 1,
        "hidden_dim": 74,
        "num_coupling_blocks": 42,
        "num_layers_mlp": 2
    },
    "feat_opt": {
        "lr": 0.0005,
        "n_iter": 1000,
        "early_stop": 0
    },
    "prior_opt": {
        "n_iter": 3000,
        "lr": 0.0005,
        "noise_amp": 0.1,
        "weight_decay": 0.1,
        "early_stop": 0
    },
    "back_forth": {
        "n_back_forth": 6,
        "scheduler_step_size": 3,
        "scheduler_gamma": 0.5,
        "early_stop_fit": 0,
        "first_func_in_fit": "fit_prior"
    }
}


/mnt/home/jcervino/Github/CoraCiteseer/PieClam/experiments/../clamiter_directed.py:643:::  

in fit,
first_func_in_fit='fit_prior'
second_function_name='fit_feats'


/mnt/home/jcervino/Github/CoraCiteseer/PieClam/experiments/../clamiter_directed.py:705:::  

back and forth 1/6


/mnt/home/jcervino/Github/CoraCiteseer/PieClam/experiments/../clamiter_directed.py:440:::  
staring fit_prior for 3000 iterations


/mnt/home/jcervino/Github/CoraCiteseer/PieClam/experiments/../clamiter_directed.py:440:::  
staring fit_feats for 1000 iterations


/mnt/home/jcervino/Github/CoraCiteseer/PieClam/experiments/../clamiter_directed.py:448:::  
fit wrapper fit_feats error in iter_step at iter 9: in clam_loss: loss is nan
traceback: Traceback (most recent call last):
  File "/mnt/home/jcervino/Github/CoraCiteseer/PieClam/experiments/../clamiter_directed.py", line 445, in fit_wrapper
    loss = iter_step()
           ^^^^^^^^^^^
  File "/mnt/home/jcervino/Github/CoraCiteseer/PieClam/experiments/../clamiter_directed.py", line 361, in iter_step_feat
    loss = self.readout(graph)
           ^^^^^^^^^^^^^^^^^^^
  File "/mnt/home/jcervino/Github/CoraCiteseer/PieClam/experiments/../clamiter_directed.py", line 292, in readout
    readout = clam_loss_prior(graph, self.lorenz, self.prior)
              ^^^^^^^^^^^^^^^^^^^^^^^^^^^^^^^^^^^^^^^^^^^^^^^
  File "/mnt/home/jcervino/Github/CoraCiteseer/PieClam/experiments/../clamiter_directed.py", line 1720, in clam_loss_prior
    vanilla_loss = clam_loss(graph, lorenz)
                   ^^^^^^^^^^^^^^^^^^^^^^^^
  File "/mnt/home/jcervino/Github/CoraCiteseer/PieClam/experiments/../clamiter_directed.py", line 1710, in clam_loss
    raise ValueError('in clam_loss: loss is nan')
ValueError: in clam_loss: loss is nan



/mnt/home/jcervino/Github/CoraCiteseer/PieClam/experiments/../clamiter_directed.py:733:::  

fit func. error in fit_feats at iter 0:
 Input contains NaN.


/mnt/home/jcervino/Github/CoraCiteseer/PieClam/experiments/../trainer_directed.py:444:::  



FINISHED train 
 last accuracies:
test
auc: None
val
auc: None




/mnt/home/jcervino/Github/CoraCiteseer/PieClam/experiments/../trainer_directed.py:460:::  

train_model_on_params on pclam citeseer 
took 771.2430410385132 seconds


/mnt/home/jcervino/Github/CoraCiteseer/PieClam/experiments/optimization_utils_directed.py:665:::  
Repetition no. 0


/mnt/home/jcervino/Github/CoraCiteseer/PieClam/experiments/optimization_utils_directed.py:682:::  
Densifyed the graph (link prediction)
Number of edges: 8813
Number of nodes: 4230


/mnt/home/jcervino/Github/CoraCiteseer/PieClam/experiments/../trainer_directed.py:158:::  

Using dataset specific configuration and not global 




/mnt/home/jcervino/Github/CoraCiteseer/PieClam/experiments/../trainer_directed.py:337:::  

In function train. 
2026-01-08 05:18:46 starting optimization of pclam on citeseer (DIRECTED) on device cuda

 configs_dict: 
{
    "clamiter_init": {
        "dim_feat": 48,
        "dim_attr": 100,
        "s_reg": 0.1,
        "l1_reg": 1,
        "T": 1,
        "hidden_dim": 74,
        "num_coupling_blocks": 42,
        "num_layers_mlp": 2
    },
    "feat_opt": {
        "lr": 0.0005,
        "n_iter": 500,
        "early_stop": 0
    },
    "prior_opt": {
        "n_iter": 1000,
        "lr": 0.0001,
        "noise_amp": 0.1,
        "weight_decay": 0.1,
        "early_stop": 0
    },
    "back_forth": {
        "n_back_forth": 6,
        "scheduler_step_size": 3,
        "scheduler_gamma": 0.5,
        "early_stop_fit": 0,
        "first_func_in_fit": "fit_prior"
    }
}


/mnt/home/jcervino/Github/CoraCiteseer/PieClam/experiments/../clamiter_directed.py:643:::  

in fit,
first_func_in_fit='fit_prior'
second_function_name='fit_feats'


/mnt/home/jcervino/Github/CoraCiteseer/PieClam/experiments/../clamiter_directed.py:705:::  

back and forth 1/6


/mnt/home/jcervino/Github/CoraCiteseer/PieClam/experiments/../clamiter_directed.py:440:::  
staring fit_prior for 1000 iterations


/mnt/home/jcervino/Github/CoraCiteseer/PieClam/experiments/../clamiter_directed.py:440:::  
staring fit_feats for 500 iterations


/mnt/home/jcervino/Github/CoraCiteseer/PieClam/experiments/../clamiter_directed.py:448:::  
fit wrapper fit_feats error in iter_step at iter 9: in clam_loss: loss is nan
traceback: Traceback (most recent call last):
  File "/mnt/home/jcervino/Github/CoraCiteseer/PieClam/experiments/../clamiter_directed.py", line 445, in fit_wrapper
    loss = iter_step()
           ^^^^^^^^^^^
  File "/mnt/home/jcervino/Github/CoraCiteseer/PieClam/experiments/../clamiter_directed.py", line 361, in iter_step_feat
    loss = self.readout(graph)
           ^^^^^^^^^^^^^^^^^^^
  File "/mnt/home/jcervino/Github/CoraCiteseer/PieClam/experiments/../clamiter_directed.py", line 292, in readout
    readout = clam_loss_prior(graph, self.lorenz, self.prior)
              ^^^^^^^^^^^^^^^^^^^^^^^^^^^^^^^^^^^^^^^^^^^^^^^
  File "/mnt/home/jcervino/Github/CoraCiteseer/PieClam/experiments/../clamiter_directed.py", line 1720, in clam_loss_prior
    vanilla_loss = clam_loss(graph, lorenz)
                   ^^^^^^^^^^^^^^^^^^^^^^^^
  File "/mnt/home/jcervino/Github/CoraCiteseer/PieClam/experiments/../clamiter_directed.py", line 1710, in clam_loss
    raise ValueError('in clam_loss: loss is nan')
ValueError: in clam_loss: loss is nan



/mnt/home/jcervino/Github/CoraCiteseer/PieClam/experiments/../clamiter_directed.py:733:::  

fit func. error in fit_feats at iter 0:
 Input contains NaN.


/mnt/home/jcervino/Github/CoraCiteseer/PieClam/experiments/../trainer_directed.py:444:::  



FINISHED train 
 last accuracies:
test
auc: None
val
auc: None




/mnt/home/jcervino/Github/CoraCiteseer/PieClam/experiments/../trainer_directed.py:460:::  

train_model_on_params on pclam citeseer 
took 260.84482407569885 seconds


/mnt/home/jcervino/Github/CoraCiteseer/PieClam/experiments/optimization_utils_directed.py:665:::  
Repetition no. 1


/mnt/home/jcervino/Github/CoraCiteseer/PieClam/experiments/optimization_utils_directed.py:682:::  
Densifyed the graph (link prediction)
Number of edges: 8813
Number of nodes: 4230


/mnt/home/jcervino/Github/CoraCiteseer/PieClam/experiments/../trainer_directed.py:158:::  

Using dataset specific configuration and not global 




/mnt/home/jcervino/Github/CoraCiteseer/PieClam/experiments/../trainer_directed.py:337:::  

In function train. 
2026-01-08 05:23:07 starting optimization of pclam on citeseer (DIRECTED) on device cuda

 configs_dict: 
{
    "clamiter_init": {
        "dim_feat": 48,
        "dim_attr": 100,
        "s_reg": 0.1,
        "l1_reg": 1,
        "T": 1,
        "hidden_dim": 74,
        "num_coupling_blocks": 42,
        "num_layers_mlp": 2
    },
    "feat_opt": {
        "lr": 0.0005,
        "n_iter": 500,
        "early_stop": 0
    },
    "prior_opt": {
        "n_iter": 1000,
        "lr": 0.0001,
        "noise_amp": 0.1,
        "weight_decay": 0.1,
        "early_stop": 0
    },
    "back_forth": {
        "n_back_forth": 6,
        "scheduler_step_size": 3,
        "scheduler_gamma": 0.5,
        "early_stop_fit": 0,
        "first_func_in_fit": "fit_prior"
    }
}


/mnt/home/jcervino/Github/CoraCiteseer/PieClam/experiments/../clamiter_directed.py:643:::  

in fit,
first_func_in_fit='fit_prior'
second_function_name='fit_feats'


/mnt/home/jcervino/Github/CoraCiteseer/PieClam/experiments/../clamiter_directed.py:705:::  

back and forth 1/6


/mnt/home/jcervino/Github/CoraCiteseer/PieClam/experiments/../clamiter_directed.py:440:::  
staring fit_prior for 1000 iterations


/mnt/home/jcervino/Github/CoraCiteseer/PieClam/experiments/../clamiter_directed.py:440:::  
staring fit_feats for 500 iterations


/mnt/home/jcervino/Github/CoraCiteseer/PieClam/experiments/../clamiter_directed.py:448:::  
fit wrapper fit_feats error in iter_step at iter 9: in clam_loss: loss is nan
traceback: Traceback (most recent call last):
  File "/mnt/home/jcervino/Github/CoraCiteseer/PieClam/experiments/../clamiter_directed.py", line 445, in fit_wrapper
    loss = iter_step()
           ^^^^^^^^^^^
  File "/mnt/home/jcervino/Github/CoraCiteseer/PieClam/experiments/../clamiter_directed.py", line 361, in iter_step_feat
    loss = self.readout(graph)
           ^^^^^^^^^^^^^^^^^^^
  File "/mnt/home/jcervino/Github/CoraCiteseer/PieClam/experiments/../clamiter_directed.py", line 292, in readout
    readout = clam_loss_prior(graph, self.lorenz, self.prior)
              ^^^^^^^^^^^^^^^^^^^^^^^^^^^^^^^^^^^^^^^^^^^^^^^
  File "/mnt/home/jcervino/Github/CoraCiteseer/PieClam/experiments/../clamiter_directed.py", line 1720, in clam_loss_prior
    vanilla_loss = clam_loss(graph, lorenz)
                   ^^^^^^^^^^^^^^^^^^^^^^^^
  File "/mnt/home/jcervino/Github/CoraCiteseer/PieClam/experiments/../clamiter_directed.py", line 1710, in clam_loss
    raise ValueError('in clam_loss: loss is nan')
ValueError: in clam_loss: loss is nan



/mnt/home/jcervino/Github/CoraCiteseer/PieClam/experiments/../clamiter_directed.py:733:::  

fit func. error in fit_feats at iter 0:
 Input contains NaN.


/mnt/home/jcervino/Github/CoraCiteseer/PieClam/experiments/../trainer_directed.py:444:::  



FINISHED train 
 last accuracies:
test
auc: None
val
auc: None




/mnt/home/jcervino/Github/CoraCiteseer/PieClam/experiments/../trainer_directed.py:460:::  

train_model_on_params on pclam citeseer 
took 262.01381945610046 seconds


/mnt/home/jcervino/Github/CoraCiteseer/PieClam/experiments/optimization_utils_directed.py:665:::  
Repetition no. 2


/mnt/home/jcervino/Github/CoraCiteseer/PieClam/experiments/optimization_utils_directed.py:682:::  
Densifyed the graph (link prediction)
Number of edges: 8813
Number of nodes: 4230


/mnt/home/jcervino/Github/CoraCiteseer/PieClam/experiments/../trainer_directed.py:158:::  

Using dataset specific configuration and not global 




/mnt/home/jcervino/Github/CoraCiteseer/PieClam/experiments/../trainer_directed.py:337:::  

In function train. 
2026-01-08 05:27:30 starting optimization of pclam on citeseer (DIRECTED) on device cuda

 configs_dict: 
{
    "clamiter_init": {
        "dim_feat": 48,
        "dim_attr": 100,
        "s_reg": 0.1,
        "l1_reg": 1,
        "T": 1,
        "hidden_dim": 74,
        "num_coupling_blocks": 42,
        "num_layers_mlp": 2
    },
    "feat_opt": {
        "lr": 0.0005,
        "n_iter": 500,
        "early_stop": 0
    },
    "prior_opt": {
        "n_iter": 1000,
        "lr": 0.0001,
        "noise_amp": 0.1,
        "weight_decay": 0.1,
        "early_stop": 0
    },
    "back_forth": {
        "n_back_forth": 6,
        "scheduler_step_size": 3,
        "scheduler_gamma": 0.5,
        "early_stop_fit": 0,
        "first_func_in_fit": "fit_prior"
    }
}


/mnt/home/jcervino/Github/CoraCiteseer/PieClam/experiments/../clamiter_directed.py:643:::  

in fit,
first_func_in_fit='fit_prior'
second_function_name='fit_feats'


/mnt/home/jcervino/Github/CoraCiteseer/PieClam/experiments/../clamiter_directed.py:705:::  

back and forth 1/6


/mnt/home/jcervino/Github/CoraCiteseer/PieClam/experiments/../clamiter_directed.py:440:::  
staring fit_prior for 1000 iterations


/mnt/home/jcervino/Github/CoraCiteseer/PieClam/experiments/../clamiter_directed.py:440:::  
staring fit_feats for 500 iterations


/mnt/home/jcervino/Github/CoraCiteseer/PieClam/experiments/../clamiter_directed.py:448:::  
fit wrapper fit_feats error in iter_step at iter 9: in clam_loss: loss is nan
traceback: Traceback (most recent call last):
  File "/mnt/home/jcervino/Github/CoraCiteseer/PieClam/experiments/../clamiter_directed.py", line 445, in fit_wrapper
    loss = iter_step()
           ^^^^^^^^^^^
  File "/mnt/home/jcervino/Github/CoraCiteseer/PieClam/experiments/../clamiter_directed.py", line 361, in iter_step_feat
    loss = self.readout(graph)
           ^^^^^^^^^^^^^^^^^^^
  File "/mnt/home/jcervino/Github/CoraCiteseer/PieClam/experiments/../clamiter_directed.py", line 292, in readout
    readout = clam_loss_prior(graph, self.lorenz, self.prior)
              ^^^^^^^^^^^^^^^^^^^^^^^^^^^^^^^^^^^^^^^^^^^^^^^
  File "/mnt/home/jcervino/Github/CoraCiteseer/PieClam/experiments/../clamiter_directed.py", line 1720, in clam_loss_prior
    vanilla_loss = clam_loss(graph, lorenz)
                   ^^^^^^^^^^^^^^^^^^^^^^^^
  File "/mnt/home/jcervino/Github/CoraCiteseer/PieClam/experiments/../clamiter_directed.py", line 1710, in clam_loss
    raise ValueError('in clam_loss: loss is nan')
ValueError: in clam_loss: loss is nan



/mnt/home/jcervino/Github/CoraCiteseer/PieClam/experiments/../clamiter_directed.py:733:::  

fit func. error in fit_feats at iter 0:
 Input contains NaN.


/mnt/home/jcervino/Github/CoraCiteseer/PieClam/experiments/../trainer_directed.py:444:::  



FINISHED train 
 last accuracies:
test
auc: None
val
auc: None




/mnt/home/jcervino/Github/CoraCiteseer/PieClam/experiments/../trainer_directed.py:460:::  

train_model_on_params on pclam citeseer 
took 257.183984041214 seconds


/mnt/home/jcervino/Github/CoraCiteseer/PieClam/experiments/optimization_utils_directed.py:665:::  
Repetition no. 0


/mnt/home/jcervino/Github/CoraCiteseer/PieClam/experiments/optimization_utils_directed.py:682:::  
Densifyed the graph (link prediction)
Number of edges: 8813
Number of nodes: 4230


/mnt/home/jcervino/Github/CoraCiteseer/PieClam/experiments/../trainer_directed.py:158:::  

Using dataset specific configuration and not global 




/mnt/home/jcervino/Github/CoraCiteseer/PieClam/experiments/../trainer_directed.py:337:::  

In function train. 
2026-01-08 05:31:47 starting optimization of pclam on citeseer (DIRECTED) on device cuda

 configs_dict: 
{
    "clamiter_init": {
        "dim_feat": 200,
        "dim_attr": 100,
        "s_reg": 0.0,
        "l1_reg": 1,
        "T": 1,
        "hidden_dim": 50,
        "num_coupling_blocks": 42,
        "num_layers_mlp": 2
    },
    "feat_opt": {
        "lr": 5e-05,
        "n_iter": 1000,
        "early_stop": 0
    },
    "prior_opt": {
        "n_iter": 1000,
        "lr": 0.0001,
        "noise_amp": 0.1,
        "weight_decay": 0.1,
        "early_stop": 0
    },
    "back_forth": {
        "n_back_forth": 6,
        "scheduler_step_size": 3,
        "scheduler_gamma": 0.5,
        "early_stop_fit": 0,
        "first_func_in_fit": "fit_prior"
    }
}


/mnt/home/jcervino/Github/CoraCiteseer/PieClam/experiments/../clamiter_directed.py:643:::  

in fit,
first_func_in_fit='fit_prior'
second_function_name='fit_feats'


/mnt/home/jcervino/Github/CoraCiteseer/PieClam/experiments/../clamiter_directed.py:705:::  

back and forth 1/6


/mnt/home/jcervino/Github/CoraCiteseer/PieClam/experiments/../clamiter_directed.py:440:::  
staring fit_prior for 1000 iterations


/mnt/home/jcervino/Github/CoraCiteseer/PieClam/experiments/../clamiter_directed.py:440:::  
staring fit_feats for 1000 iterations


/mnt/home/jcervino/Github/CoraCiteseer/PieClam/experiments/../clamiter_directed.py:705:::  

back and forth 2/6


/mnt/home/jcervino/Github/CoraCiteseer/PieClam/experiments/../clamiter_directed.py:440:::  
staring fit_prior for 1000 iterations


/mnt/home/jcervino/Github/CoraCiteseer/PieClam/experiments/../clamiter_directed.py:440:::  
staring fit_feats for 1000 iterations


/mnt/home/jcervino/Github/CoraCiteseer/PieClam/experiments/../clamiter_directed.py:705:::  

back and forth 3/6


/mnt/home/jcervino/Github/CoraCiteseer/PieClam/experiments/../clamiter_directed.py:440:::  
staring fit_prior for 1000 iterations


/mnt/home/jcervino/Github/CoraCiteseer/PieClam/experiments/../clamiter_directed.py:440:::  
staring fit_feats for 1000 iterations


/mnt/home/jcervino/Github/CoraCiteseer/PieClam/experiments/../clamiter_directed.py:705:::  

back and forth 4/6


/mnt/home/jcervino/Github/CoraCiteseer/PieClam/experiments/../clamiter_directed.py:440:::  
staring fit_prior for 1000 iterations


/mnt/home/jcervino/Github/CoraCiteseer/PieClam/experiments/../clamiter_directed.py:440:::  
staring fit_feats for 1000 iterations


/mnt/home/jcervino/Github/CoraCiteseer/PieClam/experiments/../clamiter_directed.py:705:::  

back and forth 5/6


/mnt/home/jcervino/Github/CoraCiteseer/PieClam/experiments/../clamiter_directed.py:440:::  
staring fit_prior for 1000 iterations


/mnt/home/jcervino/Github/CoraCiteseer/PieClam/experiments/../clamiter_directed.py:440:::  
staring fit_feats for 1000 iterations


/mnt/home/jcervino/Github/CoraCiteseer/PieClam/experiments/../clamiter_directed.py:705:::  

back and forth 6/6


/mnt/home/jcervino/Github/CoraCiteseer/PieClam/experiments/../clamiter_directed.py:440:::  
staring fit_prior for 1000 iterations


/mnt/home/jcervino/Github/CoraCiteseer/PieClam/experiments/../clamiter_directed.py:440:::  
staring fit_feats for 1000 iterations


/mnt/home/jcervino/Github/CoraCiteseer/PieClam/experiments/../clamiter_directed.py:780:::  

fit end


/mnt/home/jcervino/Github/CoraCiteseer/PieClam/experiments/../trainer_directed.py:444:::  



FINISHED train 
 last accuracies:
test
key='auc': 0.7523696392698053
val
auc: None




/mnt/home/jcervino/Github/CoraCiteseer/PieClam/experiments/../trainer_directed.py:460:::  

train_model_on_params on pclam citeseer 
took 3588.7754983901978 seconds


/mnt/home/jcervino/Github/CoraCiteseer/PieClam/experiments/optimization_utils_directed.py:665:::  
Repetition no. 1


/mnt/home/jcervino/Github/CoraCiteseer/PieClam/experiments/optimization_utils_directed.py:682:::  
Densifyed the graph (link prediction)
Number of edges: 8813
Number of nodes: 4230


/mnt/home/jcervino/Github/CoraCiteseer/PieClam/experiments/../trainer_directed.py:158:::  

Using dataset specific configuration and not global 




/mnt/home/jcervino/Github/CoraCiteseer/PieClam/experiments/../trainer_directed.py:337:::  

In function train. 
2026-01-08 06:31:36 starting optimization of pclam on citeseer (DIRECTED) on device cuda

 configs_dict: 
{
    "clamiter_init": {
        "dim_feat": 200,
        "dim_attr": 100,
        "s_reg": 0.0,
        "l1_reg": 1,
        "T": 1,
        "hidden_dim": 50,
        "num_coupling_blocks": 42,
        "num_layers_mlp": 2
    },
    "feat_opt": {
        "lr": 5e-05,
        "n_iter": 1000,
        "early_stop": 0
    },
    "prior_opt": {
        "n_iter": 1000,
        "lr": 0.0001,
        "noise_amp": 0.1,
        "weight_decay": 0.1,
        "early_stop": 0
    },
    "back_forth": {
        "n_back_forth": 6,
        "scheduler_step_size": 3,
        "scheduler_gamma": 0.5,
        "early_stop_fit": 0,
        "first_func_in_fit": "fit_prior"
    }
}


/mnt/home/jcervino/Github/CoraCiteseer/PieClam/experiments/../clamiter_directed.py:643:::  

in fit,
first_func_in_fit='fit_prior'
second_function_name='fit_feats'


/mnt/home/jcervino/Github/CoraCiteseer/PieClam/experiments/../clamiter_directed.py:705:::  

back and forth 1/6


/mnt/home/jcervino/Github/CoraCiteseer/PieClam/experiments/../clamiter_directed.py:440:::  
staring fit_prior for 1000 iterations


/mnt/home/jcervino/Github/CoraCiteseer/PieClam/experiments/../clamiter_directed.py:440:::  
staring fit_feats for 1000 iterations


/mnt/home/jcervino/Github/CoraCiteseer/PieClam/experiments/../clamiter_directed.py:705:::  

back and forth 2/6


/mnt/home/jcervino/Github/CoraCiteseer/PieClam/experiments/../clamiter_directed.py:440:::  
staring fit_prior for 1000 iterations


/mnt/home/jcervino/Github/CoraCiteseer/PieClam/experiments/../clamiter_directed.py:440:::  
staring fit_feats for 1000 iterations


/mnt/home/jcervino/Github/CoraCiteseer/PieClam/experiments/../clamiter_directed.py:705:::  

back and forth 3/6


/mnt/home/jcervino/Github/CoraCiteseer/PieClam/experiments/../clamiter_directed.py:440:::  
staring fit_prior for 1000 iterations


/mnt/home/jcervino/Github/CoraCiteseer/PieClam/experiments/../clamiter_directed.py:440:::  
staring fit_feats for 1000 iterations


/mnt/home/jcervino/Github/CoraCiteseer/PieClam/experiments/../clamiter_directed.py:705:::  

back and forth 4/6


/mnt/home/jcervino/Github/CoraCiteseer/PieClam/experiments/../clamiter_directed.py:440:::  
staring fit_prior for 1000 iterations


/mnt/home/jcervino/Github/CoraCiteseer/PieClam/experiments/../clamiter_directed.py:440:::  
staring fit_feats for 1000 iterations


/mnt/home/jcervino/Github/CoraCiteseer/PieClam/experiments/../clamiter_directed.py:705:::  

back and forth 5/6


/mnt/home/jcervino/Github/CoraCiteseer/PieClam/experiments/../clamiter_directed.py:440:::  
staring fit_prior for 1000 iterations


/mnt/home/jcervino/Github/CoraCiteseer/PieClam/experiments/../clamiter_directed.py:440:::  
staring fit_feats for 1000 iterations


/mnt/home/jcervino/Github/CoraCiteseer/PieClam/experiments/../clamiter_directed.py:705:::  

back and forth 6/6


/mnt/home/jcervino/Github/CoraCiteseer/PieClam/experiments/../clamiter_directed.py:440:::  
staring fit_prior for 1000 iterations


/mnt/home/jcervino/Github/CoraCiteseer/PieClam/experiments/../clamiter_directed.py:440:::  
staring fit_feats for 1000 iterations


/mnt/home/jcervino/Github/CoraCiteseer/PieClam/experiments/../clamiter_directed.py:780:::  

fit end


/mnt/home/jcervino/Github/CoraCiteseer/PieClam/experiments/../trainer_directed.py:444:::  



FINISHED train 
 last accuracies:
test
key='auc': 0.7573569744082452
val
auc: None




/mnt/home/jcervino/Github/CoraCiteseer/PieClam/experiments/../trainer_directed.py:460:::  

train_model_on_params on pclam citeseer 
took 3598.145587682724 seconds


/mnt/home/jcervino/Github/CoraCiteseer/PieClam/experiments/optimization_utils_directed.py:665:::  
Repetition no. 2


/mnt/home/jcervino/Github/CoraCiteseer/PieClam/experiments/optimization_utils_directed.py:682:::  
Densifyed the graph (link prediction)
Number of edges: 8813
Number of nodes: 4230


/mnt/home/jcervino/Github/CoraCiteseer/PieClam/experiments/../trainer_directed.py:158:::  

Using dataset specific configuration and not global 




/mnt/home/jcervino/Github/CoraCiteseer/PieClam/experiments/../trainer_directed.py:337:::  

In function train. 
2026-01-08 07:31:35 starting optimization of pclam on citeseer (DIRECTED) on device cuda

 configs_dict: 
{
    "clamiter_init": {
        "dim_feat": 200,
        "dim_attr": 100,
        "s_reg": 0.0,
        "l1_reg": 1,
        "T": 1,
        "hidden_dim": 50,
        "num_coupling_blocks": 42,
        "num_layers_mlp": 2
    },
    "feat_opt": {
        "lr": 5e-05,
        "n_iter": 1000,
        "early_stop": 0
    },
    "prior_opt": {
        "n_iter": 1000,
        "lr": 0.0001,
        "noise_amp": 0.1,
        "weight_decay": 0.1,
        "early_stop": 0
    },
    "back_forth": {
        "n_back_forth": 6,
        "scheduler_step_size": 3,
        "scheduler_gamma": 0.5,
        "early_stop_fit": 0,
        "first_func_in_fit": "fit_prior"
    }
}


/mnt/home/jcervino/Github/CoraCiteseer/PieClam/experiments/../clamiter_directed.py:643:::  

in fit,
first_func_in_fit='fit_prior'
second_function_name='fit_feats'


/mnt/home/jcervino/Github/CoraCiteseer/PieClam/experiments/../clamiter_directed.py:705:::  

back and forth 1/6


/mnt/home/jcervino/Github/CoraCiteseer/PieClam/experiments/../clamiter_directed.py:440:::  
staring fit_prior for 1000 iterations


/mnt/home/jcervino/Github/CoraCiteseer/PieClam/experiments/../clamiter_directed.py:440:::  
staring fit_feats for 1000 iterations


/mnt/home/jcervino/Github/CoraCiteseer/PieClam/experiments/../clamiter_directed.py:705:::  

back and forth 2/6


/mnt/home/jcervino/Github/CoraCiteseer/PieClam/experiments/../clamiter_directed.py:440:::  
staring fit_prior for 1000 iterations


/mnt/home/jcervino/Github/CoraCiteseer/PieClam/experiments/../clamiter_directed.py:440:::  
staring fit_feats for 1000 iterations


/mnt/home/jcervino/Github/CoraCiteseer/PieClam/experiments/../clamiter_directed.py:705:::  

back and forth 3/6


/mnt/home/jcervino/Github/CoraCiteseer/PieClam/experiments/../clamiter_directed.py:440:::  
staring fit_prior for 1000 iterations


/mnt/home/jcervino/Github/CoraCiteseer/PieClam/experiments/../clamiter_directed.py:440:::  
staring fit_feats for 1000 iterations


/mnt/home/jcervino/Github/CoraCiteseer/PieClam/experiments/../clamiter_directed.py:705:::  

back and forth 4/6


/mnt/home/jcervino/Github/CoraCiteseer/PieClam/experiments/../clamiter_directed.py:440:::  
staring fit_prior for 1000 iterations


/mnt/home/jcervino/Github/CoraCiteseer/PieClam/experiments/../clamiter_directed.py:440:::  
staring fit_feats for 1000 iterations


/mnt/home/jcervino/Github/CoraCiteseer/PieClam/experiments/../clamiter_directed.py:705:::  

back and forth 5/6


/mnt/home/jcervino/Github/CoraCiteseer/PieClam/experiments/../clamiter_directed.py:440:::  
staring fit_prior for 1000 iterations


/mnt/home/jcervino/Github/CoraCiteseer/PieClam/experiments/../clamiter_directed.py:440:::  
staring fit_feats for 1000 iterations


/mnt/home/jcervino/Github/CoraCiteseer/PieClam/experiments/../clamiter_directed.py:705:::  

back and forth 6/6


/mnt/home/jcervino/Github/CoraCiteseer/PieClam/experiments/../clamiter_directed.py:440:::  
staring fit_prior for 1000 iterations


/mnt/home/jcervino/Github/CoraCiteseer/PieClam/experiments/../clamiter_directed.py:440:::  
staring fit_feats for 1000 iterations


/mnt/home/jcervino/Github/CoraCiteseer/PieClam/experiments/../clamiter_directed.py:780:::  

fit end


/mnt/home/jcervino/Github/CoraCiteseer/PieClam/experiments/../trainer_directed.py:444:::  



FINISHED train 
 last accuracies:
test
key='auc': 0.7262712900690017
val
auc: None




/mnt/home/jcervino/Github/CoraCiteseer/PieClam/experiments/../trainer_directed.py:460:::  

train_model_on_params on pclam citeseer 
took 3523.7663929462433 seconds


/mnt/home/jcervino/Github/CoraCiteseer/PieClam/experiments/optimization_utils_directed.py:665:::  
Repetition no. 0


/mnt/home/jcervino/Github/CoraCiteseer/PieClam/experiments/optimization_utils_directed.py:682:::  
Densifyed the graph (link prediction)
Number of edges: 8813
Number of nodes: 4230


/mnt/home/jcervino/Github/CoraCiteseer/PieClam/experiments/../trainer_directed.py:158:::  

Using dataset specific configuration and not global 




/mnt/home/jcervino/Github/CoraCiteseer/PieClam/experiments/../trainer_directed.py:337:::  

In function train. 
2026-01-08 08:30:19 starting optimization of pclam on citeseer (DIRECTED) on device cuda

 configs_dict: 
{
    "clamiter_init": {
        "dim_feat": 100,
        "dim_attr": 100,
        "s_reg": 0.1,
        "l1_reg": 1,
        "T": 1,
        "hidden_dim": 50,
        "num_coupling_blocks": 42,
        "num_layers_mlp": 2
    },
    "feat_opt": {
        "lr": 0.0001,
        "n_iter": 3000,
        "early_stop": 0
    },
    "prior_opt": {
        "n_iter": 1000,
        "lr": 5e-05,
        "noise_amp": 0.1,
        "weight_decay": 0.1,
        "early_stop": 0
    },
    "back_forth": {
        "n_back_forth": 6,
        "scheduler_step_size": 3,
        "scheduler_gamma": 0.5,
        "early_stop_fit": 0,
        "first_func_in_fit": "fit_prior"
    }
}


/mnt/home/jcervino/Github/CoraCiteseer/PieClam/experiments/../clamiter_directed.py:643:::  

in fit,
first_func_in_fit='fit_prior'
second_function_name='fit_feats'


/mnt/home/jcervino/Github/CoraCiteseer/PieClam/experiments/../clamiter_directed.py:705:::  

back and forth 1/6


/mnt/home/jcervino/Github/CoraCiteseer/PieClam/experiments/../clamiter_directed.py:440:::  
staring fit_prior for 1000 iterations


/mnt/home/jcervino/Github/CoraCiteseer/PieClam/experiments/../clamiter_directed.py:440:::  
staring fit_feats for 3000 iterations


/mnt/home/jcervino/Github/CoraCiteseer/PieClam/experiments/../clamiter_directed.py:448:::  
fit wrapper fit_feats error in iter_step at iter 2181: in clam_loss: loss is nan
traceback: Traceback (most recent call last):
  File "/mnt/home/jcervino/Github/CoraCiteseer/PieClam/experiments/../clamiter_directed.py", line 445, in fit_wrapper
    loss = iter_step()
           ^^^^^^^^^^^
  File "/mnt/home/jcervino/Github/CoraCiteseer/PieClam/experiments/../clamiter_directed.py", line 361, in iter_step_feat
    loss = self.readout(graph)
           ^^^^^^^^^^^^^^^^^^^
  File "/mnt/home/jcervino/Github/CoraCiteseer/PieClam/experiments/../clamiter_directed.py", line 292, in readout
    readout = clam_loss_prior(graph, self.lorenz, self.prior)
              ^^^^^^^^^^^^^^^^^^^^^^^^^^^^^^^^^^^^^^^^^^^^^^^
  File "/mnt/home/jcervino/Github/CoraCiteseer/PieClam/experiments/../clamiter_directed.py", line 1720, in clam_loss_prior
    vanilla_loss = clam_loss(graph, lorenz)
                   ^^^^^^^^^^^^^^^^^^^^^^^^
  File "/mnt/home/jcervino/Github/CoraCiteseer/PieClam/experiments/../clamiter_directed.py", line 1710, in clam_loss
    raise ValueError('in clam_loss: loss is nan')
ValueError: in clam_loss: loss is nan



/mnt/home/jcervino/Github/CoraCiteseer/PieClam/experiments/../clamiter_directed.py:733:::  

fit func. error in fit_feats at iter 0:
 Input contains NaN.


/mnt/home/jcervino/Github/CoraCiteseer/PieClam/experiments/../trainer_directed.py:444:::  



FINISHED train 
 last accuracies:
test
auc: None
val
auc: None




/mnt/home/jcervino/Github/CoraCiteseer/PieClam/experiments/../trainer_directed.py:460:::  

train_model_on_params on pclam citeseer 
took 962.5845997333527 seconds


/mnt/home/jcervino/Github/CoraCiteseer/PieClam/experiments/optimization_utils_directed.py:665:::  
Repetition no. 1


/mnt/home/jcervino/Github/CoraCiteseer/PieClam/experiments/optimization_utils_directed.py:682:::  
Densifyed the graph (link prediction)
Number of edges: 8813
Number of nodes: 4230


/mnt/home/jcervino/Github/CoraCiteseer/PieClam/experiments/../trainer_directed.py:158:::  

Using dataset specific configuration and not global 




/mnt/home/jcervino/Github/CoraCiteseer/PieClam/experiments/../trainer_directed.py:337:::  

In function train. 
2026-01-08 08:46:22 starting optimization of pclam on citeseer (DIRECTED) on device cuda

 configs_dict: 
{
    "clamiter_init": {
        "dim_feat": 100,
        "dim_attr": 100,
        "s_reg": 0.1,
        "l1_reg": 1,
        "T": 1,
        "hidden_dim": 50,
        "num_coupling_blocks": 42,
        "num_layers_mlp": 2
    },
    "feat_opt": {
        "lr": 0.0001,
        "n_iter": 3000,
        "early_stop": 0
    },
    "prior_opt": {
        "n_iter": 1000,
        "lr": 5e-05,
        "noise_amp": 0.1,
        "weight_decay": 0.1,
        "early_stop": 0
    },
    "back_forth": {
        "n_back_forth": 6,
        "scheduler_step_size": 3,
        "scheduler_gamma": 0.5,
        "early_stop_fit": 0,
        "first_func_in_fit": "fit_prior"
    }
}


/mnt/home/jcervino/Github/CoraCiteseer/PieClam/experiments/../clamiter_directed.py:643:::  

in fit,
first_func_in_fit='fit_prior'
second_function_name='fit_feats'


/mnt/home/jcervino/Github/CoraCiteseer/PieClam/experiments/../clamiter_directed.py:705:::  

back and forth 1/6


/mnt/home/jcervino/Github/CoraCiteseer/PieClam/experiments/../clamiter_directed.py:440:::  
staring fit_prior for 1000 iterations


/mnt/home/jcervino/Github/CoraCiteseer/PieClam/experiments/../clamiter_directed.py:440:::  
staring fit_feats for 3000 iterations


/mnt/home/jcervino/Github/CoraCiteseer/PieClam/experiments/../clamiter_directed.py:448:::  
fit wrapper fit_feats error in iter_step at iter 2553: in clam_loss: loss is nan
traceback: Traceback (most recent call last):
  File "/mnt/home/jcervino/Github/CoraCiteseer/PieClam/experiments/../clamiter_directed.py", line 445, in fit_wrapper
    loss = iter_step()
           ^^^^^^^^^^^
  File "/mnt/home/jcervino/Github/CoraCiteseer/PieClam/experiments/../clamiter_directed.py", line 361, in iter_step_feat
    loss = self.readout(graph)
           ^^^^^^^^^^^^^^^^^^^
  File "/mnt/home/jcervino/Github/CoraCiteseer/PieClam/experiments/../clamiter_directed.py", line 292, in readout
    readout = clam_loss_prior(graph, self.lorenz, self.prior)
              ^^^^^^^^^^^^^^^^^^^^^^^^^^^^^^^^^^^^^^^^^^^^^^^
  File "/mnt/home/jcervino/Github/CoraCiteseer/PieClam/experiments/../clamiter_directed.py", line 1720, in clam_loss_prior
    vanilla_loss = clam_loss(graph, lorenz)
                   ^^^^^^^^^^^^^^^^^^^^^^^^
  File "/mnt/home/jcervino/Github/CoraCiteseer/PieClam/experiments/../clamiter_directed.py", line 1710, in clam_loss
    raise ValueError('in clam_loss: loss is nan')
ValueError: in clam_loss: loss is nan



/mnt/home/jcervino/Github/CoraCiteseer/PieClam/experiments/../clamiter_directed.py:705:::  

back and forth 2/6


/mnt/home/jcervino/Github/CoraCiteseer/PieClam/experiments/../clamiter_directed.py:440:::  
staring fit_prior for 1000 iterations


/mnt/home/jcervino/Github/CoraCiteseer/PieClam/experiments/../clamiter_directed.py:440:::  
staring fit_feats for 3000 iterations


/mnt/home/jcervino/Github/CoraCiteseer/PieClam/experiments/../clamiter_directed.py:448:::  
fit wrapper fit_feats error in iter_step at iter 0: in clam_loss: loss is nan
traceback: Traceback (most recent call last):
  File "/mnt/home/jcervino/Github/CoraCiteseer/PieClam/experiments/../clamiter_directed.py", line 445, in fit_wrapper
    loss = iter_step()
           ^^^^^^^^^^^
  File "/mnt/home/jcervino/Github/CoraCiteseer/PieClam/experiments/../clamiter_directed.py", line 361, in iter_step_feat
    loss = self.readout(graph)
           ^^^^^^^^^^^^^^^^^^^
  File "/mnt/home/jcervino/Github/CoraCiteseer/PieClam/experiments/../clamiter_directed.py", line 292, in readout
    readout = clam_loss_prior(graph, self.lorenz, self.prior)
              ^^^^^^^^^^^^^^^^^^^^^^^^^^^^^^^^^^^^^^^^^^^^^^^
  File "/mnt/home/jcervino/Github/CoraCiteseer/PieClam/experiments/../clamiter_directed.py", line 1720, in clam_loss_prior
    vanilla_loss = clam_loss(graph, lorenz)
                   ^^^^^^^^^^^^^^^^^^^^^^^^
  File "/mnt/home/jcervino/Github/CoraCiteseer/PieClam/experiments/../clamiter_directed.py", line 1710, in clam_loss
    raise ValueError('in clam_loss: loss is nan')
ValueError: in clam_loss: loss is nan



/mnt/home/jcervino/Github/CoraCiteseer/PieClam/experiments/../clamiter_directed.py:733:::  

fit func. error in fit_feats at iter 1:
 Input contains NaN.


/mnt/home/jcervino/Github/CoraCiteseer/PieClam/experiments/../trainer_directed.py:444:::  



FINISHED train 
 last accuracies:
test
key='auc': 0.7016612804611756
val
auc: None




/mnt/home/jcervino/Github/CoraCiteseer/PieClam/experiments/../trainer_directed.py:460:::  

train_model_on_params on pclam citeseer 
took 1336.1153528690338 seconds


/mnt/home/jcervino/Github/CoraCiteseer/PieClam/experiments/optimization_utils_directed.py:665:::  
Repetition no. 2


/mnt/home/jcervino/Github/CoraCiteseer/PieClam/experiments/optimization_utils_directed.py:682:::  
Densifyed the graph (link prediction)
Number of edges: 8813
Number of nodes: 4230


/mnt/home/jcervino/Github/CoraCiteseer/PieClam/experiments/../trainer_directed.py:158:::  

Using dataset specific configuration and not global 




/mnt/home/jcervino/Github/CoraCiteseer/PieClam/experiments/../trainer_directed.py:337:::  

In function train. 
2026-01-08 09:08:38 starting optimization of pclam on citeseer (DIRECTED) on device cuda

 configs_dict: 
{
    "clamiter_init": {
        "dim_feat": 100,
        "dim_attr": 100,
        "s_reg": 0.1,
        "l1_reg": 1,
        "T": 1,
        "hidden_dim": 50,
        "num_coupling_blocks": 42,
        "num_layers_mlp": 2
    },
    "feat_opt": {
        "lr": 0.0001,
        "n_iter": 3000,
        "early_stop": 0
    },
    "prior_opt": {
        "n_iter": 1000,
        "lr": 5e-05,
        "noise_amp": 0.1,
        "weight_decay": 0.1,
        "early_stop": 0
    },
    "back_forth": {
        "n_back_forth": 6,
        "scheduler_step_size": 3,
        "scheduler_gamma": 0.5,
        "early_stop_fit": 0,
        "first_func_in_fit": "fit_prior"
    }
}


/mnt/home/jcervino/Github/CoraCiteseer/PieClam/experiments/../clamiter_directed.py:643:::  

in fit,
first_func_in_fit='fit_prior'
second_function_name='fit_feats'


/mnt/home/jcervino/Github/CoraCiteseer/PieClam/experiments/../clamiter_directed.py:705:::  

back and forth 1/6


/mnt/home/jcervino/Github/CoraCiteseer/PieClam/experiments/../clamiter_directed.py:440:::  
staring fit_prior for 1000 iterations


/mnt/home/jcervino/Github/CoraCiteseer/PieClam/experiments/../clamiter_directed.py:440:::  
staring fit_feats for 3000 iterations


/mnt/home/jcervino/Github/CoraCiteseer/PieClam/experiments/../clamiter_directed.py:448:::  
fit wrapper fit_feats error in iter_step at iter 1448: in clam_loss: loss is nan
traceback: Traceback (most recent call last):
  File "/mnt/home/jcervino/Github/CoraCiteseer/PieClam/experiments/../clamiter_directed.py", line 445, in fit_wrapper
    loss = iter_step()
           ^^^^^^^^^^^
  File "/mnt/home/jcervino/Github/CoraCiteseer/PieClam/experiments/../clamiter_directed.py", line 361, in iter_step_feat
    loss = self.readout(graph)
           ^^^^^^^^^^^^^^^^^^^
  File "/mnt/home/jcervino/Github/CoraCiteseer/PieClam/experiments/../clamiter_directed.py", line 292, in readout
    readout = clam_loss_prior(graph, self.lorenz, self.prior)
              ^^^^^^^^^^^^^^^^^^^^^^^^^^^^^^^^^^^^^^^^^^^^^^^
  File "/mnt/home/jcervino/Github/CoraCiteseer/PieClam/experiments/../clamiter_directed.py", line 1720, in clam_loss_prior
    vanilla_loss = clam_loss(graph, lorenz)
                   ^^^^^^^^^^^^^^^^^^^^^^^^
  File "/mnt/home/jcervino/Github/CoraCiteseer/PieClam/experiments/../clamiter_directed.py", line 1710, in clam_loss
    raise ValueError('in clam_loss: loss is nan')
ValueError: in clam_loss: loss is nan



/mnt/home/jcervino/Github/CoraCiteseer/PieClam/experiments/../clamiter_directed.py:733:::  

fit func. error in fit_feats at iter 0:
 Input contains NaN.


/mnt/home/jcervino/Github/CoraCiteseer/PieClam/experiments/../trainer_directed.py:444:::  



FINISHED train 
 last accuracies:
test
auc: None
val
auc: None




/mnt/home/jcervino/Github/CoraCiteseer/PieClam/experiments/../trainer_directed.py:460:::  

train_model_on_params on pclam citeseer 
took 724.8469734191895 seconds


/mnt/home/jcervino/Github/CoraCiteseer/PieClam/experiments/optimization_utils_directed.py:665:::  
Repetition no. 0


/mnt/home/jcervino/Github/CoraCiteseer/PieClam/experiments/optimization_utils_directed.py:682:::  
Densifyed the graph (link prediction)
Number of edges: 8813
Number of nodes: 4230


/mnt/home/jcervino/Github/CoraCiteseer/PieClam/experiments/../trainer_directed.py:158:::  

Using dataset specific configuration and not global 




/mnt/home/jcervino/Github/CoraCiteseer/PieClam/experiments/../trainer_directed.py:337:::  

In function train. 
2026-01-08 09:20:43 starting optimization of pclam on citeseer (DIRECTED) on device cuda

 configs_dict: 
{
    "clamiter_init": {
        "dim_feat": 100,
        "dim_attr": 100,
        "s_reg": 0.0,
        "l1_reg": 1,
        "T": 1,
        "hidden_dim": 64,
        "num_coupling_blocks": 32,
        "num_layers_mlp": 2
    },
    "feat_opt": {
        "lr": 0.0001,
        "n_iter": 500,
        "early_stop": 0
    },
    "prior_opt": {
        "n_iter": 3000,
        "lr": 0.0001,
        "noise_amp": 0.1,
        "weight_decay": 0.1,
        "early_stop": 0
    },
    "back_forth": {
        "n_back_forth": 6,
        "scheduler_step_size": 3,
        "scheduler_gamma": 0.5,
        "early_stop_fit": 0,
        "first_func_in_fit": "fit_feats"
    }
}


/mnt/home/jcervino/Github/CoraCiteseer/PieClam/experiments/../clamiter_directed.py:643:::  

in fit,
first_func_in_fit='fit_feats'
second_function_name='fit_prior'


/mnt/home/jcervino/Github/CoraCiteseer/PieClam/experiments/../clamiter_directed.py:705:::  

back and forth 1/6


/mnt/home/jcervino/Github/CoraCiteseer/PieClam/experiments/../clamiter_directed.py:440:::  
staring fit_feats for 500 iterations


/mnt/home/jcervino/Github/CoraCiteseer/PieClam/experiments/../clamiter_directed.py:440:::  
staring fit_prior for 3000 iterations


/mnt/home/jcervino/Github/CoraCiteseer/PieClam/experiments/../clamiter_directed.py:705:::  

back and forth 2/6


/mnt/home/jcervino/Github/CoraCiteseer/PieClam/experiments/../clamiter_directed.py:440:::  
staring fit_feats for 500 iterations


/mnt/home/jcervino/Github/CoraCiteseer/PieClam/experiments/../clamiter_directed.py:440:::  
staring fit_prior for 3000 iterations
slurmstepd: error: *** JOB 4641825 ON node2 CANCELLED AT 2026-01-08T09:34:41 DUE TO TIME LIMIT ***
